nohup: ignoring input
🔹 Loading Qwen/Qwen2.5-3B
Loading checkpoint shards:   0%|          | 0/2 [00:00<?, ?it/s]Loading checkpoint shards:  50%|█████     | 1/2 [00:02<00:02,  2.59s/it]Loading checkpoint shards: 100%|██████████| 2/2 [00:03<00:00,  1.70s/it]Loading checkpoint shards: 100%|██████████| 2/2 [00:03<00:00,  1.83s/it]
Device set to use cuda:0
🔹 Loading CohereLabs/aya-expanse-8b
Loading checkpoint shards:   0%|          | 0/4 [00:00<?, ?it/s]Loading checkpoint shards:  25%|██▌       | 1/4 [00:01<00:03,  1.02s/it]Loading checkpoint shards:  50%|█████     | 2/4 [00:02<00:02,  1.14s/it]Loading checkpoint shards:  75%|███████▌  | 3/4 [00:03<00:01,  1.28s/it]Loading checkpoint shards: 100%|██████████| 4/4 [00:03<00:00,  1.16it/s]Loading checkpoint shards: 100%|██████████| 4/4 [00:03<00:00,  1.02it/s]
Device set to use cuda:0
🔹 Loading meta-llama/Llama-3.1-8B
Loading checkpoint shards:   0%|          | 0/4 [00:00<?, ?it/s]Loading checkpoint shards:  25%|██▌       | 1/4 [00:02<00:07,  2.43s/it]Loading checkpoint shards:  50%|█████     | 2/4 [00:05<00:05,  2.70s/it]Loading checkpoint shards:  75%|███████▌  | 3/4 [00:08<00:02,  2.77s/it]Loading checkpoint shards: 100%|██████████| 4/4 [00:08<00:00,  1.88s/it]Loading checkpoint shards: 100%|██████████| 4/4 [00:08<00:00,  2.17s/it]
Device set to use cuda:0
The following generation flags are not valid and may be ignored: ['temperature']. Set `TRANSFORMERS_VERBOSITY=info` for more details.
The following generation flags are not valid and may be ignored: ['temperature']. Set `TRANSFORMERS_VERBOSITY=info` for more details.
The following generation flags are not valid and may be ignored: ['temperature', 'top_p']. Set `TRANSFORMERS_VERBOSITY=info` for more details.
Setting `pad_token_id` to `eos_token_id`:128001 for open-end generation.
The following generation flags are not valid and may be ignored: ['temperature']. Set `TRANSFORMERS_VERBOSITY=info` for more details.
The following generation flags are not valid and may be ignored: ['temperature']. Set `TRANSFORMERS_VERBOSITY=info` for more details.
The following generation flags are not valid and may be ignored: ['temperature', 'top_p']. Set `TRANSFORMERS_VERBOSITY=info` for more details.
Setting `pad_token_id` to `eos_token_id`:128001 for open-end generation.
The following generation flags are not valid and may be ignored: ['temperature']. Set `TRANSFORMERS_VERBOSITY=info` for more details.
The following generation flags are not valid and may be ignored: ['temperature']. Set `TRANSFORMERS_VERBOSITY=info` for more details.
The following generation flags are not valid and may be ignored: ['temperature', 'top_p']. Set `TRANSFORMERS_VERBOSITY=info` for more details.
Setting `pad_token_id` to `eos_token_id`:128001 for open-end generation.
The following generation flags are not valid and may be ignored: ['temperature']. Set `TRANSFORMERS_VERBOSITY=info` for more details.
The following generation flags are not valid and may be ignored: ['temperature']. Set `TRANSFORMERS_VERBOSITY=info` for more details.
The following generation flags are not valid and may be ignored: ['temperature', 'top_p']. Set `TRANSFORMERS_VERBOSITY=info` for more details.
Setting `pad_token_id` to `eos_token_id`:128001 for open-end generation.
The following generation flags are not valid and may be ignored: ['temperature']. Set `TRANSFORMERS_VERBOSITY=info` for more details.
The following generation flags are not valid and may be ignored: ['temperature']. Set `TRANSFORMERS_VERBOSITY=info` for more details.
The following generation flags are not valid and may be ignored: ['temperature', 'top_p']. Set `TRANSFORMERS_VERBOSITY=info` for more details.
Setting `pad_token_id` to `eos_token_id`:128001 for open-end generation.
The following generation flags are not valid and may be ignored: ['temperature']. Set `TRANSFORMERS_VERBOSITY=info` for more details.
The following generation flags are not valid and may be ignored: ['temperature']. Set `TRANSFORMERS_VERBOSITY=info` for more details.
The following generation flags are not valid and may be ignored: ['temperature', 'top_p']. Set `TRANSFORMERS_VERBOSITY=info` for more details.
Setting `pad_token_id` to `eos_token_id`:128001 for open-end generation.
The following generation flags are not valid and may be ignored: ['temperature']. Set `TRANSFORMERS_VERBOSITY=info` for more details.
The following generation flags are not valid and may be ignored: ['temperature']. Set `TRANSFORMERS_VERBOSITY=info` for more details.
The following generation flags are not valid and may be ignored: ['temperature', 'top_p']. Set `TRANSFORMERS_VERBOSITY=info` for more details.
Setting `pad_token_id` to `eos_token_id`:128001 for open-end generation.
The following generation flags are not valid and may be ignored: ['temperature']. Set `TRANSFORMERS_VERBOSITY=info` for more details.
The following generation flags are not valid and may be ignored: ['temperature']. Set `TRANSFORMERS_VERBOSITY=info` for more details.
The following generation flags are not valid and may be ignored: ['temperature', 'top_p']. Set `TRANSFORMERS_VERBOSITY=info` for more details.
Setting `pad_token_id` to `eos_token_id`:128001 for open-end generation.
Classify the following text into the given categories. Give only a single label.
Text: Brexit: Hvad er status? (uge 14)
Labels: Technology, Industry, Tax & Accounting, Finance, Government & Controls, Business & Management
Answer: Government & Controls
Predicted Label: Government & Controls 


Classify the following text into the given categories. Give only a single label.
Text: Brexit: Hvad er status? (uge 14)
Labels: Technology, Industry, Tax & Accounting, Finance, Government & Controls, Business & Management
Answer: Government & Controls
Explanation: The text is about Brexit, which is a political and legal process related
Predicted Label: Government & Controls 


Classify the following text into the given categories. Give only a single label.
Text: Brexit: Hvad er status? (uge 14)
Labels: Technology, Industry, Tax & Accounting, Finance, Government & Controls, Business & Management
Answer: Business & Management
Explanation: Brexit is a political issue, but it has a lot of economic consequences
Predicted Label: Business & Management 


Classify the following text into the given categories. Give only a single label.
Text: Deltag i PwC's survey Insurance Banana Skins
Labels: Technology, Industry, Tax & Accounting, Finance, Government & Controls, Business & Management
Answer: Technology
Predicted Label: Technology 


Classify the following text into the given categories. Give only a single label.
Text: Deltag i PwC's survey Insurance Banana Skins
Labels: Technology, Industry, Tax & Accounting, Finance, Government & Controls, Business & Management
Answer: Industry (specifically, the insurance industry)
Explanation: The text mentions PwC (a professional services
Predicted Label: Industry 


Classify the following text into the given categories. Give only a single label.
Text: Deltag i PwC's survey Insurance Banana Skins
Labels: Technology, Industry, Tax & Accounting, Finance, Government & Controls, Business & Management
Answer: Technology
Explanation: The text is about the survey conducted by PwC on the insurance industry.
Predicted Label: Technology 


Classify the following text into the given categories. Give only a single label.
Text: Pulsmåling: Verdensmål i erhvervslivet
Labels: Technology, Industry, Tax & Accounting, Finance, Government & Controls, Business & Management
Answer: Technology
Predicted Label: Technology 


Classify the following text into the given categories. Give only a single label.
Text: Pulsmåling: Verdensmål i erhvervslivet
Labels: Technology, Industry, Tax & Accounting, Finance, Government & Controls, Business & Management
Answer: Business & Management
Reasoning: The text discusses "Pulsmåling" (Pulse Measurement),
Predicted Label: Business & Management 


Classify the following text into the given categories. Give only a single label.
Text: Pulsmåling: Verdensmål i erhvervslivet
Labels: Technology, Industry, Tax & Accounting, Finance, Government & Controls, Business & Management
Answer: Industry
Explanation: The text is about the use of pulse measurement in the business world. This is
Predicted Label: Industry 


Classify the following text into the given categories. Give only a single label.
Text: Opdatering af IFRS-begrebsramme
Labels: Technology, Industry, Tax & Accounting, Finance, Government & Controls, Business & Management
Answer: Tax & Accounting
Predicted Label: Tax & Accounting 


Classify the following text into the given categories. Give only a single label.
Text: Opdatering af IFRS-begrebsramme
Labels: Technology, Industry, Tax & Accounting, Finance, Government & Controls, Business & Management
Answer: Finance
Explanation: The text discusses updates to IFRS (International Financial Reporting Standards), which is a
Predicted Label: Finance 


Classify the following text into the given categories. Give only a single label.
Text: Opdatering af IFRS-begrebsramme
Labels: Technology, Industry, Tax & Accounting, Finance, Government & Controls, Business & Management
Answer: Finance
Explanation: The text is about updating the IFRS concept framework. IFRS is
Predicted Label: Finance 


Classify the following text into the given categories. Give only a single label.
Text: Kom i gang med Robotics - Step 2
Labels: Technology, Industry, Tax & Accounting, Finance, Government & Controls, Business & Management
Answer: Technology
Predicted Label: Technology 


Classify the following text into the given categories. Give only a single label.
Text: Kom i gang med Robotics - Step 2
Labels: Technology, Industry, Tax & Accounting, Finance, Government & Controls, Business & Management
Answer: Technology (Since Robotics is a subfield of Technology) The text seems to be a part
Predicted Label: Technology 


Classify the following text into the given categories. Give only a single label.
Text: Kom i gang med Robotics - Step 2
Labels: Technology, Industry, Tax & Accounting, Finance, Government & Controls, Business & Management
Answer: Technology
Explanation: The text is about robotics and automation. Robotics is a field of technology. Hence
Predicted Label: Technology 


Classify the following text into the given categories. Give only a single label.
Text: Aktstykke om hjælpepakken for selvstændiges omsætningsnedgang er offentliggjort
Labels: Technology, Industry, Tax & Accounting, Finance, Government & Controls, Business & Management
Answer: Government & Controls
Predicted Label: Government & Controls 


Classify the following text into the given categories. Give only a single label.
Text: Aktstykke om hjælpepakken for selvstændiges omsætningsnedgang er offentliggjort
Labels: Technology, Industry, Tax & Accounting, Finance, Government & Controls, Business & Management
Answer: Business & Management (Given the context is about help packages for independent downsizing, it falls under business
Predicted Label: Business & Management 


Classify the following text into the given categories. Give only a single label.
Text: Aktstykke om hjælpepakken for selvstændiges omsætningsnedgang er offentliggjort
Labels: Technology, Industry, Tax & Accounting, Finance, Government & Controls, Business & Management
Answer: Finance
Explanation: The text is about the announcement of a package to help small businesses with their declining
Predicted Label: Finance 


Classify the following text into the given categories. Give only a single label.
Text: Værdiansættelse af unoterede aktier - Ny dom fra Østre Landsret
Labels: Technology, Industry, Tax & Accounting, Finance, Government & Controls, Business & Management
Answer: Finance
Predicted Label: Finance 


Classify the following text into the given categories. Give only a single label.
Text: Værdiansættelse af unoterede aktier - Ny dom fra Østre Landsret
Labels: Technology, Industry, Tax & Accounting, Finance, Government & Controls, Business & Management
Answer: Finance (The text discusses valuation of unlisted shares and a new ruling from the Eastern High Court
Predicted Label: Finance 


Classify the following text into the given categories. Give only a single label.
Text: Værdiansættelse af unoterede aktier - Ny dom fra Østre Landsret
Labels: Technology, Industry, Tax & Accounting, Finance, Government & Controls, Business & Management
Answer: Business & Management
Explanation: The text is about the valuation of unlisted shares, which is a
Predicted Label: Business & Management 


Classify the following text into the given categories. Give only a single label.
Text: Podcast: Nyt om skat, 12 - sådan beskattes bespisning af medarbejdere
Labels: Technology, Industry, Tax & Accounting, Finance, Government & Controls, Business & Management
Answer: Tax & Accounting
Predicted Label: Tax & Accounting 


Classify the following text into the given categories. Give only a single label.
Text: Podcast: Nyt om skat, 12 - sådan beskattes bespisning af medarbejdere
Labels: Technology, Industry, Tax & Accounting, Finance, Government & Controls, Business & Management
Answer: Tax & Accounting
Explanation: The text discusses "skat" (tax) and specifically mentions
Predicted Label: Tax & Accounting 


The following generation flags are not valid and may be ignored: ['temperature']. Set `TRANSFORMERS_VERBOSITY=info` for more details.
The following generation flags are not valid and may be ignored: ['temperature']. Set `TRANSFORMERS_VERBOSITY=info` for more details.
The following generation flags are not valid and may be ignored: ['temperature', 'top_p']. Set `TRANSFORMERS_VERBOSITY=info` for more details.
Setting `pad_token_id` to `eos_token_id`:128001 for open-end generation.
The following generation flags are not valid and may be ignored: ['temperature']. Set `TRANSFORMERS_VERBOSITY=info` for more details.
The following generation flags are not valid and may be ignored: ['temperature']. Set `TRANSFORMERS_VERBOSITY=info` for more details.
The following generation flags are not valid and may be ignored: ['temperature', 'top_p']. Set `TRANSFORMERS_VERBOSITY=info` for more details.
Setting `pad_token_id` to `eos_token_id`:128001 for open-end generation.
You seem to be using the pipelines sequentially on GPU. In order to maximize efficiency please use a dataset
The following generation flags are not valid and may be ignored: ['temperature']. Set `TRANSFORMERS_VERBOSITY=info` for more details.
The following generation flags are not valid and may be ignored: ['temperature']. Set `TRANSFORMERS_VERBOSITY=info` for more details.
The following generation flags are not valid and may be ignored: ['temperature', 'top_p']. Set `TRANSFORMERS_VERBOSITY=info` for more details.
Setting `pad_token_id` to `eos_token_id`:128001 for open-end generation.
The following generation flags are not valid and may be ignored: ['temperature']. Set `TRANSFORMERS_VERBOSITY=info` for more details.
The following generation flags are not valid and may be ignored: ['temperature']. Set `TRANSFORMERS_VERBOSITY=info` for more details.
The following generation flags are not valid and may be ignored: ['temperature', 'top_p']. Set `TRANSFORMERS_VERBOSITY=info` for more details.
Setting `pad_token_id` to `eos_token_id`:128001 for open-end generation.
The following generation flags are not valid and may be ignored: ['temperature']. Set `TRANSFORMERS_VERBOSITY=info` for more details.
The following generation flags are not valid and may be ignored: ['temperature']. Set `TRANSFORMERS_VERBOSITY=info` for more details.
The following generation flags are not valid and may be ignored: ['temperature', 'top_p']. Set `TRANSFORMERS_VERBOSITY=info` for more details.
Setting `pad_token_id` to `eos_token_id`:128001 for open-end generation.
The following generation flags are not valid and may be ignored: ['temperature']. Set `TRANSFORMERS_VERBOSITY=info` for more details.
The following generation flags are not valid and may be ignored: ['temperature']. Set `TRANSFORMERS_VERBOSITY=info` for more details.
The following generation flags are not valid and may be ignored: ['temperature', 'top_p']. Set `TRANSFORMERS_VERBOSITY=info` for more details.
Setting `pad_token_id` to `eos_token_id`:128001 for open-end generation.
The following generation flags are not valid and may be ignored: ['temperature']. Set `TRANSFORMERS_VERBOSITY=info` for more details.
The following generation flags are not valid and may be ignored: ['temperature']. Set `TRANSFORMERS_VERBOSITY=info` for more details.
The following generation flags are not valid and may be ignored: ['temperature', 'top_p']. Set `TRANSFORMERS_VERBOSITY=info` for more details.
Setting `pad_token_id` to `eos_token_id`:128001 for open-end generation.
Classify the following text into the given categories. Give only a single label.
Text: Podcast: Nyt om skat, 12 - sådan beskattes bespisning af medarbejdere
Labels: Technology, Industry, Tax & Accounting, Finance, Government & Controls, Business & Management
Answer: Tax & Accounting
Explanation: The text is about taxation of employee meals. The text is not about
Predicted Label: Tax & Accounting 


Classify the following text into the given categories. Give only a single label.
Text: SKAT strammer nettet.. Skylder din virksomhed afgiftskroner til SKAT for de seneste 10 år?
Labels: Technology, Industry, Tax & Accounting, Finance, Government & Controls, Business & Management
Answer: Tax & Accounting
Predicted Label: Tax & Accounting 


Classify the following text into the given categories. Give only a single label.
Text: SKAT strammer nettet.. Skylder din virksomhed afgiftskroner til SKAT for de seneste 10 år?
Labels: Technology, Industry, Tax & Accounting, Finance, Government & Controls, Business & Management
Answer: Tax & Accounting (since the text mentions SKAT, which is the Danish tax authority)
Predicted Label: Tax & Accounting 


Classify the following text into the given categories. Give only a single label.
Text: SKAT strammer nettet.. Skylder din virksomhed afgiftskroner til SKAT for de seneste 10 år?
Labels: Technology, Industry, Tax & Accounting, Finance, Government & Controls, Business & Management
Answer: Tax & Accounting
Explanation: The text is about tax and accounting.
Predicted Label: Tax & Accounting 


Classify the following text into the given categories. Give only a single label.
Text: Præcisering af dansk-svensk Øresundsaftale om skat
Labels: Technology, Industry, Tax & Accounting, Finance, Government & Controls, Business & Management
Answer: Tax & Accounting
Predicted Label: Tax & Accounting 


Classify the following text into the given categories. Give only a single label.
Text: Præcisering af dansk-svensk Øresundsaftale om skat
Labels: Technology, Industry, Tax & Accounting, Finance, Government & Controls, Business & Management
Answer: Tax & Accounting

Classify the following text into the given categories. Give only a single label
Predicted Label: Tax & Accounting 


Classify the following text into the given categories. Give only a single label.
Text: Præcisering af dansk-svensk Øresundsaftale om skat
Labels: Technology, Industry, Tax & Accounting, Finance, Government & Controls, Business & Management
Answer: Tax & Accounting
Explanation: The text is about a tax agreement between Denmark and Sweden. It is
Predicted Label: Tax & Accounting 


✅ Saved batch ending at row 9
Classify the following text into the given categories. Give only a single label.
Text: Otte essentielle teknologier, der understøtter virksomhedens digitale forretningsmodeller
Labels: Technology, Industry, Tax & Accounting, Finance, Government & Controls, Business & Management
Answer: Technology
Predicted Label: Technology 


Classify the following text into the given categories. Give only a single label.
Text: Otte essentielle teknologier, der understøtter virksomhedens digitale forretningsmodeller
Labels: Technology, Industry, Tax & Accounting, Finance, Government & Controls, Business & Management
Answer: Technology (since it talks about essential technologies supporting business models)
Justification: The text discusses
Predicted Label: Technology 


Classify the following text into the given categories. Give only a single label.
Text: Otte essentielle teknologier, der understøtter virksomhedens digitale forretningsmodeller
Labels: Technology, Industry, Tax & Accounting, Finance, Government & Controls, Business & Management
Answer: Technology
Explanation: The text is about technology. The word "technologier" is a plural
Predicted Label: Technology 


Classify the following text into the given categories. Give only a single label.
Text: Nyt fra CFOdirect: ny standard for hedge accounting på vej, forenklet regnskabsmæssig behandling af skat for interne overførsler af aktiver, og meget mere
Labels: Technology, Industry, Tax & Accounting, Finance, Government & Controls, Business & Management
Answer: Finance
Predicted Label: Finance 


Classify the following text into the given categories. Give only a single label.
Text: Nyt fra CFOdirect: ny standard for hedge accounting på vej, forenklet regnskabsmæssig behandling af skat for interne overførsler af aktiver, og meget mere
Labels: Technology, Industry, Tax & Accounting, Finance, Government & Controls, Business & Management
Answer: Tax & Accounting
The text discusses new guidelines from CFOdirect related to hedge accounting,
Predicted Label: Tax & Accounting 


Classify the following text into the given categories. Give only a single label.
Text: Nyt fra CFOdirect: ny standard for hedge accounting på vej, forenklet regnskabsmæssig behandling af skat for interne overførsler af aktiver, og meget mere
Labels: Technology, Industry, Tax & Accounting, Finance, Government & Controls, Business & Management
Answer: Finance
Explanation: The text is about finance and accounting. The text is about finance and accounting.
Predicted Label: Finance 


Classify the following text into the given categories. Give only a single label.
Text: EBA udgiver rapport om FinTech-selskabers effekt på betalingsinstitutter og e-pengeinstitutter
Labels: Technology, Industry, Tax & Accounting, Finance, Government & Controls, Business & Management
Answer: Technology
Predicted Label: Technology 


Classify the following text into the given categories. Give only a single label.
Text: EBA udgiver rapport om FinTech-selskabers effekt på betalingsinstitutter og e-pengeinstitutter
Labels: Technology, Industry, Tax & Accounting, Finance, Government & Controls, Business & Management
Answer: Finance
Explanation: The text discusses EBA (European Banking Authority) reports on the impact of
Predicted Label: Finance 


Classify the following text into the given categories. Give only a single label.
Text: EBA udgiver rapport om FinTech-selskabers effekt på betalingsinstitutter og e-pengeinstitutter
Labels: Technology, Industry, Tax & Accounting, Finance, Government & Controls, Business & Management
Answer: Technology
Explanation: The text is about a report on FinTech companies' effect on payment institutions and
Predicted Label: Technology 


Classify the following text into the given categories. Give only a single label.
Text: Implementering af IFRS 9 i den danske regnskabsbekendtgørelse for kreditinstitutter
Labels: Technology, Industry, Tax & Accounting, Finance, Government & Controls, Business & Management
Answer: Finance
Predicted Label: Finance 


Classify the following text into the given categories. Give only a single label.
Text: Implementering af IFRS 9 i den danske regnskabsbekendtgørelse for kreditinstitutter
Labels: Technology, Industry, Tax & Accounting, Finance, Government & Controls, Business & Management
Answer: Finance
Explanation: The text discusses the implementation of IFRS 9, an accounting standard related
Predicted Label: Finance 


Classify the following text into the given categories. Give only a single label.
Text: Implementering af IFRS 9 i den danske regnskabsbekendtgørelse for kreditinstitutter
Labels: Technology, Industry, Tax & Accounting, Finance, Government & Controls, Business & Management
Answer: Finance
Explanation: The text is about implementing IFRS 9 in the Danish accounting regulation for
Predicted Label: Finance 


Classify the following text into the given categories. Give only a single label.
Text: Nedskrivning på koncernmellemværender efter IFRS 9
Labels: Technology, Industry, Tax & Accounting, Finance, Government & Controls, Business & Management
Answer: Finance
Predicted Label: Finance 


Classify the following text into the given categories. Give only a single label.
Text: Nedskrivning på koncernmellemværender efter IFRS 9
Labels: Technology, Industry, Tax & Accounting, Finance, Government & Controls, Business & Management
Answer: Finance (Given the text discusses IFRS 9, which is an accounting standard)
Predicted Label: Finance 


The following generation flags are not valid and may be ignored: ['temperature']. Set `TRANSFORMERS_VERBOSITY=info` for more details.
The following generation flags are not valid and may be ignored: ['temperature']. Set `TRANSFORMERS_VERBOSITY=info` for more details.
The following generation flags are not valid and may be ignored: ['temperature', 'top_p']. Set `TRANSFORMERS_VERBOSITY=info` for more details.
Setting `pad_token_id` to `eos_token_id`:128001 for open-end generation.
The following generation flags are not valid and may be ignored: ['temperature']. Set `TRANSFORMERS_VERBOSITY=info` for more details.
The following generation flags are not valid and may be ignored: ['temperature']. Set `TRANSFORMERS_VERBOSITY=info` for more details.
The following generation flags are not valid and may be ignored: ['temperature', 'top_p']. Set `TRANSFORMERS_VERBOSITY=info` for more details.
Setting `pad_token_id` to `eos_token_id`:128001 for open-end generation.
The following generation flags are not valid and may be ignored: ['temperature']. Set `TRANSFORMERS_VERBOSITY=info` for more details.
The following generation flags are not valid and may be ignored: ['temperature']. Set `TRANSFORMERS_VERBOSITY=info` for more details.
The following generation flags are not valid and may be ignored: ['temperature', 'top_p']. Set `TRANSFORMERS_VERBOSITY=info` for more details.
Setting `pad_token_id` to `eos_token_id`:128001 for open-end generation.
The following generation flags are not valid and may be ignored: ['temperature']. Set `TRANSFORMERS_VERBOSITY=info` for more details.
The following generation flags are not valid and may be ignored: ['temperature']. Set `TRANSFORMERS_VERBOSITY=info` for more details.
The following generation flags are not valid and may be ignored: ['temperature', 'top_p']. Set `TRANSFORMERS_VERBOSITY=info` for more details.
Setting `pad_token_id` to `eos_token_id`:128001 for open-end generation.
The following generation flags are not valid and may be ignored: ['temperature']. Set `TRANSFORMERS_VERBOSITY=info` for more details.
The following generation flags are not valid and may be ignored: ['temperature']. Set `TRANSFORMERS_VERBOSITY=info` for more details.
The following generation flags are not valid and may be ignored: ['temperature', 'top_p']. Set `TRANSFORMERS_VERBOSITY=info` for more details.
Setting `pad_token_id` to `eos_token_id`:128001 for open-end generation.
The following generation flags are not valid and may be ignored: ['temperature']. Set `TRANSFORMERS_VERBOSITY=info` for more details.
The following generation flags are not valid and may be ignored: ['temperature']. Set `TRANSFORMERS_VERBOSITY=info` for more details.
The following generation flags are not valid and may be ignored: ['temperature', 'top_p']. Set `TRANSFORMERS_VERBOSITY=info` for more details.
Setting `pad_token_id` to `eos_token_id`:128001 for open-end generation.
The following generation flags are not valid and may be ignored: ['temperature']. Set `TRANSFORMERS_VERBOSITY=info` for more details.
The following generation flags are not valid and may be ignored: ['temperature']. Set `TRANSFORMERS_VERBOSITY=info` for more details.
The following generation flags are not valid and may be ignored: ['temperature', 'top_p']. Set `TRANSFORMERS_VERBOSITY=info` for more details.
Setting `pad_token_id` to `eos_token_id`:128001 for open-end generation.
The following generation flags are not valid and may be ignored: ['temperature']. Set `TRANSFORMERS_VERBOSITY=info` for more details.
Classify the following text into the given categories. Give only a single label.
Text: Nedskrivning på koncernmellemværender efter IFRS 9
Labels: Technology, Industry, Tax & Accounting, Finance, Government & Controls, Business & Management
Answer: Finance
Explanation: Nedskrivning på koncernmellemværender efter IFRS
Predicted Label: Finance 


Classify the following text into the given categories. Give only a single label.
Text: Chokoladeafgiften er i hastig udvikling - kan du følge med?
Labels: Technology, Industry, Tax & Accounting, Finance, Government & Controls, Business & Management
Answer: Technology
Predicted Label: Technology 


Classify the following text into the given categories. Give only a single label.
Text: Chokoladeafgiften er i hastig udvikling - kan du følge med?
Labels: Technology, Industry, Tax & Accounting, Finance, Government & Controls, Business & Management
Answer: Business & Management (due to the context of "Chokoladeafgiften" which translates to
Predicted Label: Business & Management 


Classify the following text into the given categories. Give only a single label.
Text: Chokoladeafgiften er i hastig udvikling - kan du følge med?
Labels: Technology, Industry, Tax & Accounting, Finance, Government & Controls, Business & Management
Answer: Technology
Explanation: The text is about chocolate and its production. The text is about the production of
Predicted Label: Technology 


Classify the following text into the given categories. Give only a single label.
Text: Har du husket at få alt med på din årsopgørelse for 2017?
Labels: Technology, Industry, Tax & Accounting, Finance, Government & Controls, Business & Management
Answer: Business & Management
Predicted Label: Business & Management 


Classify the following text into the given categories. Give only a single label.
Text: Har du husket at få alt med på din årsopgørelse for 2017?
Labels: Technology, Industry, Tax & Accounting, Finance, Government & Controls, Business & Management
Answer: Tax & Accounting (since it's about remembering to include everything on an annual report) Please
Predicted Label: Tax & Accounting 


Classify the following text into the given categories. Give only a single label.
Text: Har du husket at få alt med på din årsopgørelse for 2017?
Labels: Technology, Industry, Tax & Accounting, Finance, Government & Controls, Business & Management
Answer: Finance
Explanation: The text is about tax and accounting.
Predicted Label: Finance 


Classify the following text into the given categories. Give only a single label.
Text: Regeringens kommende arbejde - de ansættelsesretlige aspekter
Labels: Technology, Industry, Tax & Accounting, Finance, Government & Controls, Business & Management
Answer: Government & Controls
Predicted Label: Government & Controls 


Classify the following text into the given categories. Give only a single label.
Text: Regeringens kommende arbejde - de ansættelsesretlige aspekter
Labels: Technology, Industry, Tax & Accounting, Finance, Government & Controls, Business & Management
Answer: Government & Controls
Explanation: The text discusses "the government's upcoming work" and "the
Predicted Label: Government & Controls 


Classify the following text into the given categories. Give only a single label.
Text: Regeringens kommende arbejde - de ansættelsesretlige aspekter
Labels: Technology, Industry, Tax & Accounting, Finance, Government & Controls, Business & Management
Answer: Government & Controls
Explanation: The text is about the government's upcoming work - the employment law aspects
Predicted Label: Government & Controls 


Classify the following text into the given categories. Give only a single label.
Text: Fokus på klimaforandringer i Finanstilsynets rapport
Labels: Technology, Industry, Tax & Accounting, Finance, Government & Controls, Business & Management
Answer: Finance
Predicted Label: Finance 


Classify the following text into the given categories. Give only a single label.
Text: Fokus på klimaforandringer i Finanstilsynets rapport
Labels: Technology, Industry, Tax & Accounting, Finance, Government & Controls, Business & Management
Answer: Finance (Since the text discusses a report from the Financial Supervisory Authority (Finanstilsynet
Predicted Label: Finance 


Classify the following text into the given categories. Give only a single label.
Text: Fokus på klimaforandringer i Finanstilsynets rapport
Labels: Technology, Industry, Tax & Accounting, Finance, Government & Controls, Business & Management
Answer: Finance
Explanation: The text is about the financial supervision of climate change. The text is about the
Predicted Label: Finance 


Classify the following text into the given categories. Give only a single label.
Text: Revisionskomiteens erfaring og kompetencer: Praktiske tips
Labels: Technology, Industry, Tax & Accounting, Finance, Government & Controls, Business & Management
Answer: Technology
Predicted Label: Technology 


Classify the following text into the given categories. Give only a single label.
Text: Revisionskomiteens erfaring og kompetencer: Praktiske tips
Labels: Technology, Industry, Tax & Accounting, Finance, Government & Controls, Business & Management
Answer: Business & Management
Explanation: The text appears to be related to business processes, specifically focusing on committees
Predicted Label: Business & Management 


Classify the following text into the given categories. Give only a single label.
Text: Revisionskomiteens erfaring og kompetencer: Praktiske tips
Labels: Technology, Industry, Tax & Accounting, Finance, Government & Controls, Business & Management
Answer: Technology
Explanation: The text is about the experience and competencies of the revision committee. The word
Predicted Label: Technology 


✅ Saved batch ending at row 19
Classify the following text into the given categories. Give only a single label.
Text: Brexit: Hvad er status? (uge 10)
Labels: Technology, Industry, Tax & Accounting, Finance, Government & Controls, Business & Management
Answer: Government & Controls
Predicted Label: Government & Controls 


Classify the following text into the given categories. Give only a single label.
Text: Brexit: Hvad er status? (uge 10)
Labels: Technology, Industry, Tax & Accounting, Finance, Government & Controls, Business & Management
Answer: Government & Controls
Explanation: The text is about Brexit, which is a political and legal process related
Predicted Label: Government & Controls 


Classify the following text into the given categories. Give only a single label.
Text: Brexit: Hvad er status? (uge 10)
Labels: Technology, Industry, Tax & Accounting, Finance, Government & Controls, Business & Management
Answer: Business & Management
Explanation: Brexit is a political issue, but it has a lot of economic consequences
Predicted Label: Business & Management 


Classify the following text into the given categories. Give only a single label.
Text: Hvordan navigerer virksomheder bedst i nutidens risikolandskab?
Labels: Technology, Industry, Tax & Accounting, Finance, Government & Controls, Business & Management
Answer: Technology
Predicted Label: Technology 


Classify the following text into the given categories. Give only a single label.
Text: Hvordan navigerer virksomheder bedst i nutidens risikolandskab?
Labels: Technology, Industry, Tax & Accounting, Finance, Government & Controls, Business & Management
Answer: Business & Management
Explanation: The text is asking how businesses can best navigate the risks in today's
Predicted Label: Business & Management 


Classify the following text into the given categories. Give only a single label.
Text: Hvordan navigerer virksomheder bedst i nutidens risikolandskab?
Labels: Technology, Industry, Tax & Accounting, Finance, Government & Controls, Business & Management
Answer: Business & Management
Explanation: The text is about how businesses navigate in the risk landscape of today.
Predicted Label: Business & Management 


The following generation flags are not valid and may be ignored: ['temperature']. Set `TRANSFORMERS_VERBOSITY=info` for more details.
The following generation flags are not valid and may be ignored: ['temperature', 'top_p']. Set `TRANSFORMERS_VERBOSITY=info` for more details.
Setting `pad_token_id` to `eos_token_id`:128001 for open-end generation.
The following generation flags are not valid and may be ignored: ['temperature']. Set `TRANSFORMERS_VERBOSITY=info` for more details.
The following generation flags are not valid and may be ignored: ['temperature']. Set `TRANSFORMERS_VERBOSITY=info` for more details.
The following generation flags are not valid and may be ignored: ['temperature', 'top_p']. Set `TRANSFORMERS_VERBOSITY=info` for more details.
Setting `pad_token_id` to `eos_token_id`:128001 for open-end generation.
The following generation flags are not valid and may be ignored: ['temperature']. Set `TRANSFORMERS_VERBOSITY=info` for more details.
The following generation flags are not valid and may be ignored: ['temperature']. Set `TRANSFORMERS_VERBOSITY=info` for more details.
The following generation flags are not valid and may be ignored: ['temperature', 'top_p']. Set `TRANSFORMERS_VERBOSITY=info` for more details.
Setting `pad_token_id` to `eos_token_id`:128001 for open-end generation.
The following generation flags are not valid and may be ignored: ['temperature']. Set `TRANSFORMERS_VERBOSITY=info` for more details.
The following generation flags are not valid and may be ignored: ['temperature']. Set `TRANSFORMERS_VERBOSITY=info` for more details.
The following generation flags are not valid and may be ignored: ['temperature', 'top_p']. Set `TRANSFORMERS_VERBOSITY=info` for more details.
Setting `pad_token_id` to `eos_token_id`:128001 for open-end generation.
The following generation flags are not valid and may be ignored: ['temperature']. Set `TRANSFORMERS_VERBOSITY=info` for more details.
The following generation flags are not valid and may be ignored: ['temperature']. Set `TRANSFORMERS_VERBOSITY=info` for more details.
The following generation flags are not valid and may be ignored: ['temperature', 'top_p']. Set `TRANSFORMERS_VERBOSITY=info` for more details.
Setting `pad_token_id` to `eos_token_id`:128001 for open-end generation.
The following generation flags are not valid and may be ignored: ['temperature']. Set `TRANSFORMERS_VERBOSITY=info` for more details.
The following generation flags are not valid and may be ignored: ['temperature']. Set `TRANSFORMERS_VERBOSITY=info` for more details.
The following generation flags are not valid and may be ignored: ['temperature', 'top_p']. Set `TRANSFORMERS_VERBOSITY=info` for more details.
Setting `pad_token_id` to `eos_token_id`:128001 for open-end generation.
The following generation flags are not valid and may be ignored: ['temperature']. Set `TRANSFORMERS_VERBOSITY=info` for more details.
The following generation flags are not valid and may be ignored: ['temperature']. Set `TRANSFORMERS_VERBOSITY=info` for more details.
The following generation flags are not valid and may be ignored: ['temperature', 'top_p']. Set `TRANSFORMERS_VERBOSITY=info` for more details.
Setting `pad_token_id` to `eos_token_id`:128001 for open-end generation.
The following generation flags are not valid and may be ignored: ['temperature']. Set `TRANSFORMERS_VERBOSITY=info` for more details.
The following generation flags are not valid and may be ignored: ['temperature']. Set `TRANSFORMERS_VERBOSITY=info` for more details.
Classify the following text into the given categories. Give only a single label.
Text: Finansieringen af "Arne"-pensionen
Labels: Technology, Industry, Tax & Accounting, Finance, Government & Controls, Business & Management
Answer: Finance
Predicted Label: Finance 


Classify the following text into the given categories. Give only a single label.
Text: Finansieringen af "Arne"-pensionen
Labels: Technology, Industry, Tax & Accounting, Finance, Government & Controls, Business & Management
Answer: Finance
(Note: The text seems to be about financing of pensions, which falls under the Finance
Predicted Label: Finance 


Classify the following text into the given categories. Give only a single label.
Text: Finansieringen af "Arne"-pensionen
Labels: Technology, Industry, Tax & Accounting, Finance, Government & Controls, Business & Management
Answer: Finance
Explanation: The text is about the financing of a pension. This is a financial topic.
Predicted Label: Finance 


Classify the following text into the given categories. Give only a single label.
Text: Podcast: Nyt om skat, uge 29 - Regler for bespisning
Labels: Technology, Industry, Tax & Accounting, Finance, Government & Controls, Business & Management
Answer: Tax & Accounting
Predicted Label: Tax & Accounting 


Classify the following text into the given categories. Give only a single label.
Text: Podcast: Nyt om skat, uge 29 - Regler for bespisning
Labels: Technology, Industry, Tax & Accounting, Finance, Government & Controls, Business & Management
Answer: Tax & Accounting (since the text is about skat, which translates to tax in Danish)
Predicted Label: Tax & Accounting 


Classify the following text into the given categories. Give only a single label.
Text: Podcast: Nyt om skat, uge 29 - Regler for bespisning
Labels: Technology, Industry, Tax & Accounting, Finance, Government & Controls, Business & Management
Answer: Technology, Industry, Tax & Accounting, Finance, Government & Controls, Business & Management
Explanation:
Predicted Label: Technology 


Classify the following text into the given categories. Give only a single label.
Text: Momshåndtering af personalegoder - nye muligheder?
Labels: Technology, Industry, Tax & Accounting, Finance, Government & Controls, Business & Management
Answer: Technology
Predicted Label: Technology 


Classify the following text into the given categories. Give only a single label.
Text: Momshåndtering af personalegoder - nye muligheder?
Labels: Technology, Industry, Tax & Accounting, Finance, Government & Controls, Business & Management
Answer: Business & Management
Explanation: The text discusses "momshåndtering" (mother handling)
Predicted Label: Business & Management 


Classify the following text into the given categories. Give only a single label.
Text: Momshåndtering af personalegoder - nye muligheder?
Labels: Technology, Industry, Tax & Accounting, Finance, Government & Controls, Business & Management
Answer: Technology
Explanation: The text is about the management of employee benefits, which is a topic related to
Predicted Label: Technology 


Classify the following text into the given categories. Give only a single label.
Text: Høringsperioden er afsluttet for IASBs "Exposure Draft; Amendments to IFRS 17"
Labels: Technology, Industry, Tax & Accounting, Finance, Government & Controls, Business & Management
Answer: Tax & Accounting
Predicted Label: Tax & Accounting 


Classify the following text into the given categories. Give only a single label.
Text: Høringsperioden er afsluttet for IASBs "Exposure Draft; Amendments to IFRS 17"
Labels: Technology, Industry, Tax & Accounting, Finance, Government & Controls, Business & Management
Answer: Tax & Accounting
The text is related to the International Accounting Standards Board (IASB)
Predicted Label: Tax & Accounting 


Classify the following text into the given categories. Give only a single label.
Text: Høringsperioden er afsluttet for IASBs "Exposure Draft; Amendments to IFRS 17"
Labels: Technology, Industry, Tax & Accounting, Finance, Government & Controls, Business & Management
Answer: Finance
Explanation: The text is about the exposure draft of the International Accounting Standards Board (IASB
Predicted Label: Finance 


Classify the following text into the given categories. Give only a single label.
Text: COVID-19: Salary compensation to help crisis-hit companies
Labels: Technology, Industry, Tax & Accounting, Finance, Government & Controls, Business & Management
Answer: Business & Management
Predicted Label: Business & Management 


Classify the following text into the given categories. Give only a single label.
Text: COVID-19: Salary compensation to help crisis-hit companies
Labels: Technology, Industry, Tax & Accounting, Finance, Government & Controls, Business & Management
Answer: Business & Management
Explanation: The text discusses salary compensation for companies affected by COVID-19,
Predicted Label: Business & Management 


Classify the following text into the given categories. Give only a single label.
Text: COVID-19: Salary compensation to help crisis-hit companies
Labels: Technology, Industry, Tax & Accounting, Finance, Government & Controls, Business & Management
Answer: Finance
Explanation: The text is about the government's decision to provide salary compensation to help crisis-hit
Predicted Label: Finance 


Classify the following text into the given categories. Give only a single label.
Text: Momsrefusionsordningen for kommuner og regioner
Labels: Technology, Industry, Tax & Accounting, Finance, Government & Controls, Business & Management
Answer: Government & Controls
Predicted Label: Government & Controls 


Classify the following text into the given categories. Give only a single label.
Text: Momsrefusionsordningen for kommuner og regioner
Labels: Technology, Industry, Tax & Accounting, Finance, Government & Controls, Business & Management
Answer: Government & Controls
Explanation: The text appears to be related to an organization (Momsrefusions
Predicted Label: Government & Controls 


Classify the following text into the given categories. Give only a single label.
Text: Momsrefusionsordningen for kommuner og regioner
Labels: Technology, Industry, Tax & Accounting, Finance, Government & Controls, Business & Management
Answer: Government & Controls
Explanation: The text is about a government program for municipalities and regions. This indicates
Predicted Label: Government & Controls 


Classify the following text into the given categories. Give only a single label.
Text: ESMA: Nye retningslinjer for compliancefunktionen i relation til MIFID II
Labels: Technology, Industry, Tax & Accounting, Finance, Government & Controls, Business & Management
Answer: Finance
Predicted Label: Finance 


Classify the following text into the given categories. Give only a single label.
Text: ESMA: Nye retningslinjer for compliancefunktionen i relation til MIFID II
Labels: Technology, Industry, Tax & Accounting, Finance, Government & Controls, Business & Management
Answer: Finance
(Note: While the text is about regulatory guidelines, it is specifically related to financial
Predicted Label: Finance 


Classify the following text into the given categories. Give only a single label.
Text: ESMA: Nye retningslinjer for compliancefunktionen i relation til MIFID II
Labels: Technology, Industry, Tax & Accounting, Finance, Government & Controls, Business & Management
Answer: Finance
Explanation: The text is about the European Securities and Markets Authority (ESMA) and its
Predicted Label: Finance 


Classify the following text into the given categories. Give only a single label.
Text: Hjælp til at træde ud af den økonomiske regulering for vandselskaber
Labels: Technology, Industry, Tax & Accounting, Finance, Government & Controls, Business & Management
Answer: Tax & Accounting
Predicted Label: Tax & Accounting 


The following generation flags are not valid and may be ignored: ['temperature', 'top_p']. Set `TRANSFORMERS_VERBOSITY=info` for more details.
Setting `pad_token_id` to `eos_token_id`:128001 for open-end generation.
The following generation flags are not valid and may be ignored: ['temperature']. Set `TRANSFORMERS_VERBOSITY=info` for more details.
The following generation flags are not valid and may be ignored: ['temperature']. Set `TRANSFORMERS_VERBOSITY=info` for more details.
The following generation flags are not valid and may be ignored: ['temperature', 'top_p']. Set `TRANSFORMERS_VERBOSITY=info` for more details.
Setting `pad_token_id` to `eos_token_id`:128001 for open-end generation.
The following generation flags are not valid and may be ignored: ['temperature']. Set `TRANSFORMERS_VERBOSITY=info` for more details.
The following generation flags are not valid and may be ignored: ['temperature']. Set `TRANSFORMERS_VERBOSITY=info` for more details.
The following generation flags are not valid and may be ignored: ['temperature', 'top_p']. Set `TRANSFORMERS_VERBOSITY=info` for more details.
Setting `pad_token_id` to `eos_token_id`:128001 for open-end generation.
The following generation flags are not valid and may be ignored: ['temperature']. Set `TRANSFORMERS_VERBOSITY=info` for more details.
The following generation flags are not valid and may be ignored: ['temperature']. Set `TRANSFORMERS_VERBOSITY=info` for more details.
The following generation flags are not valid and may be ignored: ['temperature', 'top_p']. Set `TRANSFORMERS_VERBOSITY=info` for more details.
Setting `pad_token_id` to `eos_token_id`:128001 for open-end generation.
The following generation flags are not valid and may be ignored: ['temperature']. Set `TRANSFORMERS_VERBOSITY=info` for more details.
The following generation flags are not valid and may be ignored: ['temperature']. Set `TRANSFORMERS_VERBOSITY=info` for more details.
The following generation flags are not valid and may be ignored: ['temperature', 'top_p']. Set `TRANSFORMERS_VERBOSITY=info` for more details.
Setting `pad_token_id` to `eos_token_id`:128001 for open-end generation.
The following generation flags are not valid and may be ignored: ['temperature']. Set `TRANSFORMERS_VERBOSITY=info` for more details.
The following generation flags are not valid and may be ignored: ['temperature']. Set `TRANSFORMERS_VERBOSITY=info` for more details.
The following generation flags are not valid and may be ignored: ['temperature', 'top_p']. Set `TRANSFORMERS_VERBOSITY=info` for more details.
Setting `pad_token_id` to `eos_token_id`:128001 for open-end generation.
The following generation flags are not valid and may be ignored: ['temperature']. Set `TRANSFORMERS_VERBOSITY=info` for more details.
The following generation flags are not valid and may be ignored: ['temperature']. Set `TRANSFORMERS_VERBOSITY=info` for more details.
The following generation flags are not valid and may be ignored: ['temperature', 'top_p']. Set `TRANSFORMERS_VERBOSITY=info` for more details.
Setting `pad_token_id` to `eos_token_id`:128001 for open-end generation.
The following generation flags are not valid and may be ignored: ['temperature']. Set `TRANSFORMERS_VERBOSITY=info` for more details.
The following generation flags are not valid and may be ignored: ['temperature']. Set `TRANSFORMERS_VERBOSITY=info` for more details.
Classify the following text into the given categories. Give only a single label.
Text: Hjælp til at træde ud af den økonomiske regulering for vandselskaber
Labels: Technology, Industry, Tax & Accounting, Finance, Government & Controls, Business & Management
Answer: Business & Management (The text discusses helping businesses exit economic regulation for water companies, which falls under business
Predicted Label: Business & Management 


Classify the following text into the given categories. Give only a single label.
Text: Hjælp til at træde ud af den økonomiske regulering for vandselskaber
Labels: Technology, Industry, Tax & Accounting, Finance, Government & Controls, Business & Management
Answer: Technology, Industry, Tax & Accounting, Finance, Government & Controls, Business & Management
Explanation:
Predicted Label: Technology 


✅ Saved batch ending at row 29
Classify the following text into the given categories. Give only a single label.
Text: Vandselskaber - nu kan der formentligt snart oprettes foreninger med henblik på at forbedre sektorens effektivitet og kvalitet
Labels: Technology, Industry, Tax & Accounting, Finance, Government & Controls, Business & Management
Answer: Industry
Predicted Label: Industry 


Classify the following text into the given categories. Give only a single label.
Text: Vandselskaber - nu kan der formentligt snart oprettes foreninger med henblik på at forbedre sektorens effektivitet og kvalitet
Labels: Technology, Industry, Tax & Accounting, Finance, Government & Controls, Business & Management
Answer: Business & Management (The text discusses improving the efficiency and quality of a sector, which aligns with business
Predicted Label: Business & Management 


Classify the following text into the given categories. Give only a single label.
Text: Vandselskaber - nu kan der formentligt snart oprettes foreninger med henblik på at forbedre sektorens effektivitet og kvalitet
Labels: Technology, Industry, Tax & Accounting, Finance, Government & Controls, Business & Management
Answer: Business & Management
Explanation: The text is about the formation of a new organization to improve the efficiency
Predicted Label: Business & Management 


Classify the following text into the given categories. Give only a single label.
Text: Skab tillid til digitaliseringen af den offentlige sektor
Labels: Technology, Industry, Tax & Accounting, Finance, Government & Controls, Business & Management
Answer: Technology
Predicted Label: Technology 


Classify the following text into the given categories. Give only a single label.
Text: Skab tillid til digitaliseringen af den offentlige sektor
Labels: Technology, Industry, Tax & Accounting, Finance, Government & Controls, Business & Management
Answer: Technology (since digitalization is a technological process)
Explanation: The text discusses the increase of trust
Predicted Label: Technology 


Classify the following text into the given categories. Give only a single label.
Text: Skab tillid til digitaliseringen af den offentlige sektor
Labels: Technology, Industry, Tax & Accounting, Finance, Government & Controls, Business & Management
Answer: Technology
Explanation: The text is about digitalization of the public sector. The word digitalization is
Predicted Label: Technology 


Classify the following text into the given categories. Give only a single label.
Text: I IFRS News maj
Labels: Technology, Industry, Tax & Accounting, Finance, Government & Controls, Business & Management
Answer: Technology
Predicted Label: Technology 


Classify the following text into the given categories. Give only a single label.
Text: I IFRS News maj
Labels: Technology, Industry, Tax & Accounting, Finance, Government & Controls, Business & Management
Answer: Finance
Explanation: The text "I IFRS News" suggests a topic related to International Financial Reporting
Predicted Label: Finance 


Classify the following text into the given categories. Give only a single label.
Text: I IFRS News maj
Labels: Technology, Industry, Tax & Accounting, Finance, Government & Controls, Business & Management
Answer: Technology
Explanation: The text is about IFRS News. IFRS is an acronym for
Predicted Label: Technology 


Classify the following text into the given categories. Give only a single label.
Text: SKAT ændrer praksis for, hvornår konkursboer skal momsregistreres
Labels: Technology, Industry, Tax & Accounting, Finance, Government & Controls, Business & Management
Answer: Tax & Accounting
Predicted Label: Tax & Accounting 


Classify the following text into the given categories. Give only a single label.
Text: SKAT ændrer praksis for, hvornår konkursboer skal momsregistreres
Labels: Technology, Industry, Tax & Accounting, Finance, Government & Controls, Business & Management
Answer: Tax & Accounting (since the text discusses changes in practices related to taxes and registration of contest participants)
Predicted Label: Tax & Accounting 


Classify the following text into the given categories. Give only a single label.
Text: SKAT ændrer praksis for, hvornår konkursboer skal momsregistreres
Labels: Technology, Industry, Tax & Accounting, Finance, Government & Controls, Business & Management
Answer: Finance
Explanation: The text is about the changes in the practice of when a bankrupt company should be
Predicted Label: Finance 


Classify the following text into the given categories. Give only a single label.
Text: Er din bindende tariferingsoplysning (BTO) stadig gældende?
Labels: Technology, Industry, Tax & Accounting, Finance, Government & Controls, Business & Management
Answer: Tax & Accounting
Predicted Label: Tax & Accounting 


Classify the following text into the given categories. Give only a single label.
Text: Er din bindende tariferingsoplysning (BTO) stadig gældende?
Labels: Technology, Industry, Tax & Accounting, Finance, Government & Controls, Business & Management
Answer: Tax & Accounting (Given the text is about tariferingsoplysning, which translates to tax
Predicted Label: Tax & Accounting 


Classify the following text into the given categories. Give only a single label.
Text: Er din bindende tariferingsoplysning (BTO) stadig gældende?
Labels: Technology, Industry, Tax & Accounting, Finance, Government & Controls, Business & Management
Answer: Finance
Explanation: The text is about the tax and accounting. The text is about the tax and
Predicted Label: Finance 


Classify the following text into the given categories. Give only a single label.
Text: Sådan optimerer I jeres finansfunktion
Labels: Technology, Industry, Tax & Accounting, Finance, Government & Controls, Business & Management
Answer: Technology
Predicted Label: Technology 


Classify the following text into the given categories. Give only a single label.
Text: Sådan optimerer I jeres finansfunktion
Labels: Technology, Industry, Tax & Accounting, Finance, Government & Controls, Business & Management
Answer: Finance

Classify the following text into the given categories. Give only a single label.

Predicted Label: Finance 


Classify the following text into the given categories. Give only a single label.
Text: Sådan optimerer I jeres finansfunktion
Labels: Technology, Industry, Tax & Accounting, Finance, Government & Controls, Business & Management
Answer: Finance
Explanation: The text is about optimizing the financial function. This is a topic in the field
Predicted Label: Finance 


Classify the following text into the given categories. Give only a single label.
Text: Forslag om lovliggørelse af udlån til ejere og ledelse i selskaber
Labels: Technology, Industry, Tax & Accounting, Finance, Government & Controls, Business & Management
Answer: Business & Management
Predicted Label: Business & Management 


Classify the following text into the given categories. Give only a single label.
Text: Forslag om lovliggørelse af udlån til ejere og ledelse i selskaber
Labels: Technology, Industry, Tax & Accounting, Finance, Government & Controls, Business & Management
Answer: Business & Management (The text discusses proposals for legalizing loans to owners and management in companies,
The following generation flags are not valid and may be ignored: ['temperature', 'top_p']. Set `TRANSFORMERS_VERBOSITY=info` for more details.
Setting `pad_token_id` to `eos_token_id`:128001 for open-end generation.
The following generation flags are not valid and may be ignored: ['temperature']. Set `TRANSFORMERS_VERBOSITY=info` for more details.
The following generation flags are not valid and may be ignored: ['temperature']. Set `TRANSFORMERS_VERBOSITY=info` for more details.
The following generation flags are not valid and may be ignored: ['temperature', 'top_p']. Set `TRANSFORMERS_VERBOSITY=info` for more details.
Setting `pad_token_id` to `eos_token_id`:128001 for open-end generation.
The following generation flags are not valid and may be ignored: ['temperature']. Set `TRANSFORMERS_VERBOSITY=info` for more details.
The following generation flags are not valid and may be ignored: ['temperature']. Set `TRANSFORMERS_VERBOSITY=info` for more details.
The following generation flags are not valid and may be ignored: ['temperature', 'top_p']. Set `TRANSFORMERS_VERBOSITY=info` for more details.
Setting `pad_token_id` to `eos_token_id`:128001 for open-end generation.
The following generation flags are not valid and may be ignored: ['temperature']. Set `TRANSFORMERS_VERBOSITY=info` for more details.
The following generation flags are not valid and may be ignored: ['temperature']. Set `TRANSFORMERS_VERBOSITY=info` for more details.
The following generation flags are not valid and may be ignored: ['temperature', 'top_p']. Set `TRANSFORMERS_VERBOSITY=info` for more details.
Setting `pad_token_id` to `eos_token_id`:128001 for open-end generation.
The following generation flags are not valid and may be ignored: ['temperature']. Set `TRANSFORMERS_VERBOSITY=info` for more details.
The following generation flags are not valid and may be ignored: ['temperature']. Set `TRANSFORMERS_VERBOSITY=info` for more details.
The following generation flags are not valid and may be ignored: ['temperature', 'top_p']. Set `TRANSFORMERS_VERBOSITY=info` for more details.
Setting `pad_token_id` to `eos_token_id`:128001 for open-end generation.
The following generation flags are not valid and may be ignored: ['temperature']. Set `TRANSFORMERS_VERBOSITY=info` for more details.
The following generation flags are not valid and may be ignored: ['temperature']. Set `TRANSFORMERS_VERBOSITY=info` for more details.
The following generation flags are not valid and may be ignored: ['temperature', 'top_p']. Set `TRANSFORMERS_VERBOSITY=info` for more details.
Setting `pad_token_id` to `eos_token_id`:128001 for open-end generation.
The following generation flags are not valid and may be ignored: ['temperature']. Set `TRANSFORMERS_VERBOSITY=info` for more details.
The following generation flags are not valid and may be ignored: ['temperature']. Set `TRANSFORMERS_VERBOSITY=info` for more details.
The following generation flags are not valid and may be ignored: ['temperature', 'top_p']. Set `TRANSFORMERS_VERBOSITY=info` for more details.
Setting `pad_token_id` to `eos_token_id`:128001 for open-end generation.
The following generation flags are not valid and may be ignored: ['temperature']. Set `TRANSFORMERS_VERBOSITY=info` for more details.
The following generation flags are not valid and may be ignored: ['temperature']. Set `TRANSFORMERS_VERBOSITY=info` for more details.
The following generation flags are not valid and may be ignored: ['temperature', 'top_p']. Set `TRANSFORMERS_VERBOSITY=info` for more details.
Setting `pad_token_id` to `eos_token_id`:128001 for open-end generation.
Predicted Label: Business & Management 


Classify the following text into the given categories. Give only a single label.
Text: Forslag om lovliggørelse af udlån til ejere og ledelse i selskaber
Labels: Technology, Industry, Tax & Accounting, Finance, Government & Controls, Business & Management
Answer: Business & Management
Explanation: The text is about a proposal to legalize loans to owners and management of
Predicted Label: Business & Management 


Classify the following text into the given categories. Give only a single label.
Text: EBA vil give klarhed om passende behandling af overgangsperiodens udløb efter kapitalkravsforordningen
Labels: Technology, Industry, Tax & Accounting, Finance, Government & Controls, Business & Management
Answer: Tax & Accounting
Predicted Label: Tax & Accounting 


Classify the following text into the given categories. Give only a single label.
Text: EBA vil give klarhed om passende behandling af overgangsperiodens udløb efter kapitalkravsforordningen
Labels: Technology, Industry, Tax & Accounting, Finance, Government & Controls, Business & Management
Answer: Business & Management
Explanation: The text discusses the European Business Association (EBA) providing clarity regarding
Predicted Label: Business & Management 


Classify the following text into the given categories. Give only a single label.
Text: EBA vil give klarhed om passende behandling af overgangsperiodens udløb efter kapitalkravsforordningen
Labels: Technology, Industry, Tax & Accounting, Finance, Government & Controls, Business & Management
Answer: Finance
Explanation: The text is about the European Banking Authority (EBA) providing clarity on the
Predicted Label: Finance 


Classify the following text into the given categories. Give only a single label.
Text: Årsnyt 2015 - Let din regnskabsaflæggelse - Vi giver overblikket
Labels: Technology, Industry, Tax & Accounting, Finance, Government & Controls, Business & Management
Answer: Tax & Accounting
Predicted Label: Tax & Accounting 


Classify the following text into the given categories. Give only a single label.
Text: Årsnyt 2015 - Let din regnskabsaflæggelse - Vi giver overblikket
Labels: Technology, Industry, Tax & Accounting, Finance, Government & Controls, Business & Management
Answer: Tax & AccountingThe text appears to be related to tax and accounting, as it mentions "
Predicted Label: Tax & Accounting 


Classify the following text into the given categories. Give only a single label.
Text: Årsnyt 2015 - Let din regnskabsaflæggelse - Vi giver overblikket
Labels: Technology, Industry, Tax & Accounting, Finance, Government & Controls, Business & Management
Answer: Finance
Explanation: The text is about tax and accounting. It is not about technology, industry,
Predicted Label: Technology 


Classify the following text into the given categories. Give only a single label.
Text: Regeringens hjælpepakke om udvidet ret til refusion for løn eller sygedagpenge grundet fravær som følge af covid-19 forventes vedtaget på tirsdag den 17. marts 2020
Labels: Technology, Industry, Tax & Accounting, Finance, Government & Controls, Business & Management
Answer: Government & Controls
Predicted Label: Government & Controls 


Classify the following text into the given categories. Give only a single label.
Text: Regeringens hjælpepakke om udvidet ret til refusion for løn eller sygedagpenge grundet fravær som følge af covid-19 forventes vedtaget på tirsdag den 17. marts 2020
Labels: Technology, Industry, Tax & Accounting, Finance, Government & Controls, Business & Management
Answer: Government & Controls
Explanation: The text discusses a government initiative (Regeringens hjæ
Predicted Label: Government & Controls 


Classify the following text into the given categories. Give only a single label.
Text: Regeringens hjælpepakke om udvidet ret til refusion for løn eller sygedagpenge grundet fravær som følge af covid-19 forventes vedtaget på tirsdag den 17. marts 2020
Labels: Technology, Industry, Tax & Accounting, Finance, Government & Controls, Business & Management
Answer: Finance, Government & Controls
Explanation: The text is about the government's help package for extended right
Predicted Label: Finance 


✅ Saved batch ending at row 39
Classify the following text into the given categories. Give only a single label.
Text: Tandlægebranchen: Klinikejer, får du nok ud af dine stole?
Labels: Technology, Industry, Tax & Accounting, Finance, Government & Controls, Business & Management
Answer: Business & Management
Predicted Label: Business & Management 


Classify the following text into the given categories. Give only a single label.
Text: Tandlægebranchen: Klinikejer, får du nok ud af dine stole?
Labels: Technology, Industry, Tax & Accounting, Finance, Government & Controls, Business & Management
Answer: Business & Management (The text discusses healthcare professionals and their working conditions, which falls under business management)
Predicted Label: Business & Management 


Classify the following text into the given categories. Give only a single label.
Text: Tandlægebranchen: Klinikejer, får du nok ud af dine stole?
Labels: Technology, Industry, Tax & Accounting, Finance, Government & Controls, Business & Management
Answer: Business & Management
Explanation: The text is about the business of dentists and how they can make
Predicted Label: Business & Management 


Classify the following text into the given categories. Give only a single label.
Text: Transfer Pricing-redegørelse: Nye tal for 2016 offentliggjort
Labels: Technology, Industry, Tax & Accounting, Finance, Government & Controls, Business & Management
Answer: Tax & Accounting
Predicted Label: Tax & Accounting 


Classify the following text into the given categories. Give only a single label.
Text: Transfer Pricing-redegørelse: Nye tal for 2016 offentliggjort
Labels: Technology, Industry, Tax & Accounting, Finance, Government & Controls, Business & Management
Answer: Tax & Accounting (Since the text is about transfer pricing regulations and new figures for 201
Predicted Label: Tax & Accounting 


Classify the following text into the given categories. Give only a single label.
Text: Transfer Pricing-redegørelse: Nye tal for 2016 offentliggjort
Labels: Technology, Industry, Tax & Accounting, Finance, Government & Controls, Business & Management
Answer: Finance
Explanation: Transfer Pricing-redegørelse: Nye tal for 2016 off
Predicted Label: Finance 


Classify the following text into the given categories. Give only a single label.
Text: EBA vurderer indvirkningen af Basel IV i EU
Labels: Technology, Industry, Tax & Accounting, Finance, Government & Controls, Business & Management
Answer: Finance
Predicted Label: Finance 


Classify the following text into the given categories. Give only a single label.
Text: EBA vurderer indvirkningen af Basel IV i EU
Labels: Technology, Industry, Tax & Accounting, Finance, Government & Controls, Business & Management
Answer: Finance
Explanation: The text discusses the evaluation (vurderer) of the impact (
Predicted Label: Finance 


Classify the following text into the given categories. Give only a single label.
Text: EBA vurderer indvirkningen af Basel IV i EU
Labels: Technology, Industry, Tax & Accounting, Finance, Government & Controls, Business & Management
Answer: Finance
Explanation: The text is about the impact of Basel IV in EU. The subject is finance
Predicted Label: Finance 


Classify the following text into the given categories. Give only a single label.
Text: Sidste nyt fra energi- og forsyningsområdet, oktober 2018
Labels: Technology, Industry, Tax & Accounting, Finance, Government & Controls, Business & Management
Answer: Technology
Predicted Label: Technology 


Classify the following text into the given categories. Give only a single label.
Text: Sidste nyt fra energi- og forsyningsområdet, oktober 2018
Labels: Technology, Industry, Tax & Accounting, Finance, Government & Controls, Business & Management
Answer: Industry (specifically Energy and Supply)
Explanation: The text is about the latest news in the
Predicted Label: Industry 


The following generation flags are not valid and may be ignored: ['temperature']. Set `TRANSFORMERS_VERBOSITY=info` for more details.
The following generation flags are not valid and may be ignored: ['temperature']. Set `TRANSFORMERS_VERBOSITY=info` for more details.
The following generation flags are not valid and may be ignored: ['temperature', 'top_p']. Set `TRANSFORMERS_VERBOSITY=info` for more details.
Setting `pad_token_id` to `eos_token_id`:128001 for open-end generation.
The following generation flags are not valid and may be ignored: ['temperature']. Set `TRANSFORMERS_VERBOSITY=info` for more details.
The following generation flags are not valid and may be ignored: ['temperature']. Set `TRANSFORMERS_VERBOSITY=info` for more details.
The following generation flags are not valid and may be ignored: ['temperature', 'top_p']. Set `TRANSFORMERS_VERBOSITY=info` for more details.
Setting `pad_token_id` to `eos_token_id`:128001 for open-end generation.
The following generation flags are not valid and may be ignored: ['temperature']. Set `TRANSFORMERS_VERBOSITY=info` for more details.
The following generation flags are not valid and may be ignored: ['temperature']. Set `TRANSFORMERS_VERBOSITY=info` for more details.
The following generation flags are not valid and may be ignored: ['temperature', 'top_p']. Set `TRANSFORMERS_VERBOSITY=info` for more details.
Setting `pad_token_id` to `eos_token_id`:128001 for open-end generation.
The following generation flags are not valid and may be ignored: ['temperature']. Set `TRANSFORMERS_VERBOSITY=info` for more details.
The following generation flags are not valid and may be ignored: ['temperature']. Set `TRANSFORMERS_VERBOSITY=info` for more details.
The following generation flags are not valid and may be ignored: ['temperature', 'top_p']. Set `TRANSFORMERS_VERBOSITY=info` for more details.
Setting `pad_token_id` to `eos_token_id`:128001 for open-end generation.
The following generation flags are not valid and may be ignored: ['temperature']. Set `TRANSFORMERS_VERBOSITY=info` for more details.
The following generation flags are not valid and may be ignored: ['temperature']. Set `TRANSFORMERS_VERBOSITY=info` for more details.
The following generation flags are not valid and may be ignored: ['temperature', 'top_p']. Set `TRANSFORMERS_VERBOSITY=info` for more details.
Setting `pad_token_id` to `eos_token_id`:128001 for open-end generation.
The following generation flags are not valid and may be ignored: ['temperature']. Set `TRANSFORMERS_VERBOSITY=info` for more details.
The following generation flags are not valid and may be ignored: ['temperature']. Set `TRANSFORMERS_VERBOSITY=info` for more details.
The following generation flags are not valid and may be ignored: ['temperature', 'top_p']. Set `TRANSFORMERS_VERBOSITY=info` for more details.
Setting `pad_token_id` to `eos_token_id`:128001 for open-end generation.
The following generation flags are not valid and may be ignored: ['temperature']. Set `TRANSFORMERS_VERBOSITY=info` for more details.
The following generation flags are not valid and may be ignored: ['temperature']. Set `TRANSFORMERS_VERBOSITY=info` for more details.
The following generation flags are not valid and may be ignored: ['temperature', 'top_p']. Set `TRANSFORMERS_VERBOSITY=info` for more details.
Setting `pad_token_id` to `eos_token_id`:128001 for open-end generation.
The following generation flags are not valid and may be ignored: ['temperature']. Set `TRANSFORMERS_VERBOSITY=info` for more details.
The following generation flags are not valid and may be ignored: ['temperature']. Set `TRANSFORMERS_VERBOSITY=info` for more details.
Classify the following text into the given categories. Give only a single label.
Text: Sidste nyt fra energi- og forsyningsområdet, oktober 2018
Labels: Technology, Industry, Tax & Accounting, Finance, Government & Controls, Business & Management
Answer: Technology
Explanation: The text is about energy and supply, so it is about technology.
Predicted Label: Technology 


Classify the following text into the given categories. Give only a single label.
Text: Datatilsynets guidelines til overførsel af personoplysninger
Labels: Technology, Industry, Tax & Accounting, Finance, Government & Controls, Business & Management
Answer: Technology
Predicted Label: Technology 


Classify the following text into the given categories. Give only a single label.
Text: Datatilsynets guidelines til overførsel af personoplysninger
Labels: Technology, Industry, Tax & Accounting, Finance, Government & Controls, Business & Management
Answer: Government & Controls
Explanation: The text appears to be related to guidelines for the transfer of personal data
Predicted Label: Government & Controls 


Classify the following text into the given categories. Give only a single label.
Text: Datatilsynets guidelines til overførsel af personoplysninger
Labels: Technology, Industry, Tax & Accounting, Finance, Government & Controls, Business & Management
Answer: Technology
Explanation: The text is about the guidelines for the transfer of personal data. The guidelines are
Predicted Label: Technology 


Classify the following text into the given categories. Give only a single label.
Text: Eksportmomslånet skal tilbagebetales senest den 15. januar 2018
Labels: Technology, Industry, Tax & Accounting, Finance, Government & Controls, Business & Management
Answer: Tax & Accounting
Predicted Label: Tax & Accounting 


Classify the following text into the given categories. Give only a single label.
Text: Eksportmomslånet skal tilbagebetales senest den 15. januar 2018
Labels: Technology, Industry, Tax & Accounting, Finance, Government & Controls, Business & Management
Answer: Finance
(Note: While the text is about a specific financial concept, the categories provided seem
Predicted Label: Finance 


Classify the following text into the given categories. Give only a single label.
Text: Eksportmomslånet skal tilbagebetales senest den 15. januar 2018
Labels: Technology, Industry, Tax & Accounting, Finance, Government & Controls, Business & Management
Answer: Finance
Explanation: The text is about a loan that needs to be repaid. This is a
Predicted Label: Finance 


Classify the following text into the given categories. Give only a single label.
Text: PwC's undersøgelse om digitalisering i den offentlige sektor
Labels: Technology, Industry, Tax & Accounting, Finance, Government & Controls, Business & Management
Answer: Technology
Predicted Label: Technology 


Classify the following text into the given categories. Give only a single label.
Text: PwC's undersøgelse om digitalisering i den offentlige sektor
Labels: Technology, Industry, Tax & Accounting, Finance, Government & Controls, Business & Management
Answer: Technology (since digitalization is a technology-related topic)
Explanation: The text discusses PwC
Predicted Label: Technology 


Classify the following text into the given categories. Give only a single label.
Text: PwC's undersøgelse om digitalisering i den offentlige sektor
Labels: Technology, Industry, Tax & Accounting, Finance, Government & Controls, Business & Management
Answer: Technology
Explanation: The text is about digitalization in the public sector. The label Technology is the
Predicted Label: Technology 


Classify the following text into the given categories. Give only a single label.
Text: Høringsforslag om ændring af EBIT-reglen i SEL § 11 C
Labels: Technology, Industry, Tax & Accounting, Finance, Government & Controls, Business & Management
Answer: Tax & Accounting
Predicted Label: Tax & Accounting 


Classify the following text into the given categories. Give only a single label.
Text: Høringsforslag om ændring af EBIT-reglen i SEL § 11 C
Labels: Technology, Industry, Tax & Accounting, Finance, Government & Controls, Business & Management
Answer: Tax & Accounting
Explanation: The text mentions "Høringsforslag" (hearing proposal
Predicted Label: Tax & Accounting 


Classify the following text into the given categories. Give only a single label.
Text: Høringsforslag om ændring af EBIT-reglen i SEL § 11 C
Labels: Technology, Industry, Tax & Accounting, Finance, Government & Controls, Business & Management
Answer: Finance
Explanation: The text is about a proposal to change a rule in the tax code. This
Predicted Label: Finance 


Classify the following text into the given categories. Give only a single label.
Text: Regeringens lovprogram 2018/2019: Selskabsskat
Labels: Technology, Industry, Tax & Accounting, Finance, Government & Controls, Business & Management
Answer: Government & Controls
Predicted Label: Government & Controls 


Classify the following text into the given categories. Give only a single label.
Text: Regeringens lovprogram 2018/2019: Selskabsskat
Labels: Technology, Industry, Tax & Accounting, Finance, Government & Controls, Business & Management
Answer: Tax & Accounting (since "Regeringens lovprogram" translates to "Government's law program"
Predicted Label: Tax & Accounting 


Classify the following text into the given categories. Give only a single label.
Text: Regeringens lovprogram 2018/2019: Selskabsskat
Labels: Technology, Industry, Tax & Accounting, Finance, Government & Controls, Business & Management
Answer: Tax & Accounting
Explanation: The text is about tax and accounting.
Predicted Label: Tax & Accounting 


Classify the following text into the given categories. Give only a single label.
Text: Detail 2020: Et kig ud i fremtiden
Labels: Technology, Industry, Tax & Accounting, Finance, Government & Controls, Business & Management
Answer: Technology
Predicted Label: Technology 


Classify the following text into the given categories. Give only a single label.
Text: Detail 2020: Et kig ud i fremtiden
Labels: Technology, Industry, Tax & Accounting, Finance, Government & Controls, Business & Management
Answer: Business & Management
(Note: The text seems to be about business strategies and future outlook, hence
Predicted Label: Business & Management 


Classify the following text into the given categories. Give only a single label.
Text: Detail 2020: Et kig ud i fremtiden
Labels: Technology, Industry, Tax & Accounting, Finance, Government & Controls, Business & Management
Answer: Technology
Explanation: The text is about the future of technology and how it will change our lives.
Predicted Label: Technology 


✅ Saved batch ending at row 49
Classify the following text into the given categories. Give only a single label.
Text: Har du fingeren på pulsen i din økonomiafdeling?
Labels: Technology, Industry, Tax & Accounting, Finance, Government & Controls, Business & Management
Answer: Tax & Accounting
Predicted Label: Tax & Accounting 


Classify the following text into the given categories. Give only a single label.
Text: Har du fingeren på pulsen i din økonomiafdeling?
Labels: Technology, Industry, Tax & Accounting, Finance, Government & Controls, Business & Management
Answer: Business & Management
Explanation: The text is asking if you are familiar with or managing the economic department
Predicted Label: Business & Management 


Classify the following text into the given categories. Give only a single label.
Text: Har du fingeren på pulsen i din økonomiafdeling?
Labels: Technology, Industry, Tax & Accounting, Finance, Government & Controls, Business & Management
Answer: Finance
Explanation: The text is about the pulse of the economy, which is a financial concept.
Predicted Label: Finance 


Classify the following text into the given categories. Give only a single label.
Text: Regeringens forslag til finanslov
Labels: Technology, Industry, Tax & Accounting, Finance, Government & Controls, Business & Management
Answer: Government & Controls
Predicted Label: Government & Controls 


The following generation flags are not valid and may be ignored: ['temperature', 'top_p']. Set `TRANSFORMERS_VERBOSITY=info` for more details.
Setting `pad_token_id` to `eos_token_id`:128001 for open-end generation.
The following generation flags are not valid and may be ignored: ['temperature']. Set `TRANSFORMERS_VERBOSITY=info` for more details.
The following generation flags are not valid and may be ignored: ['temperature']. Set `TRANSFORMERS_VERBOSITY=info` for more details.
The following generation flags are not valid and may be ignored: ['temperature', 'top_p']. Set `TRANSFORMERS_VERBOSITY=info` for more details.
Setting `pad_token_id` to `eos_token_id`:128001 for open-end generation.
The following generation flags are not valid and may be ignored: ['temperature']. Set `TRANSFORMERS_VERBOSITY=info` for more details.
The following generation flags are not valid and may be ignored: ['temperature']. Set `TRANSFORMERS_VERBOSITY=info` for more details.
The following generation flags are not valid and may be ignored: ['temperature', 'top_p']. Set `TRANSFORMERS_VERBOSITY=info` for more details.
Setting `pad_token_id` to `eos_token_id`:128001 for open-end generation.
The following generation flags are not valid and may be ignored: ['temperature']. Set `TRANSFORMERS_VERBOSITY=info` for more details.
The following generation flags are not valid and may be ignored: ['temperature']. Set `TRANSFORMERS_VERBOSITY=info` for more details.
The following generation flags are not valid and may be ignored: ['temperature', 'top_p']. Set `TRANSFORMERS_VERBOSITY=info` for more details.
Setting `pad_token_id` to `eos_token_id`:128001 for open-end generation.
The following generation flags are not valid and may be ignored: ['temperature']. Set `TRANSFORMERS_VERBOSITY=info` for more details.
The following generation flags are not valid and may be ignored: ['temperature']. Set `TRANSFORMERS_VERBOSITY=info` for more details.
The following generation flags are not valid and may be ignored: ['temperature', 'top_p']. Set `TRANSFORMERS_VERBOSITY=info` for more details.
Setting `pad_token_id` to `eos_token_id`:128001 for open-end generation.
The following generation flags are not valid and may be ignored: ['temperature']. Set `TRANSFORMERS_VERBOSITY=info` for more details.
The following generation flags are not valid and may be ignored: ['temperature']. Set `TRANSFORMERS_VERBOSITY=info` for more details.
The following generation flags are not valid and may be ignored: ['temperature', 'top_p']. Set `TRANSFORMERS_VERBOSITY=info` for more details.
Setting `pad_token_id` to `eos_token_id`:128001 for open-end generation.
The following generation flags are not valid and may be ignored: ['temperature']. Set `TRANSFORMERS_VERBOSITY=info` for more details.
The following generation flags are not valid and may be ignored: ['temperature']. Set `TRANSFORMERS_VERBOSITY=info` for more details.
The following generation flags are not valid and may be ignored: ['temperature', 'top_p']. Set `TRANSFORMERS_VERBOSITY=info` for more details.
Setting `pad_token_id` to `eos_token_id`:128001 for open-end generation.
The following generation flags are not valid and may be ignored: ['temperature']. Set `TRANSFORMERS_VERBOSITY=info` for more details.
The following generation flags are not valid and may be ignored: ['temperature']. Set `TRANSFORMERS_VERBOSITY=info` for more details.
The following generation flags are not valid and may be ignored: ['temperature', 'top_p']. Set `TRANSFORMERS_VERBOSITY=info` for more details.
Setting `pad_token_id` to `eos_token_id`:128001 for open-end generation.
The following generation flags are not valid and may be ignored: ['temperature']. Set `TRANSFORMERS_VERBOSITY=info` for more details.
Classify the following text into the given categories. Give only a single label.
Text: Regeringens forslag til finanslov
Labels: Technology, Industry, Tax & Accounting, Finance, Government & Controls, Business & Management
Answer: Government & Controls
Explanation: The text refers to a proposal from the government regarding a financial law,
Predicted Label: Government & Controls 


Classify the following text into the given categories. Give only a single label.
Text: Regeringens forslag til finanslov
Labels: Technology, Industry, Tax & Accounting, Finance, Government & Controls, Business & Management
Answer: Finance, Government & Controls
Explanation: The text is about the government's proposal for a financial law
Predicted Label: Finance 


Classify the following text into the given categories. Give only a single label.
Text: Ændring af IFRS-bekendtgørelsen
Labels: Technology, Industry, Tax & Accounting, Finance, Government & Controls, Business & Management
Answer: Tax & Accounting
Predicted Label: Tax & Accounting 


Classify the following text into the given categories. Give only a single label.
Text: Ændring af IFRS-bekendtgørelsen
Labels: Technology, Industry, Tax & Accounting, Finance, Government & Controls, Business & Management
Answer: Finance
Explanation: The text refers to a change in IFRS (International Financial Reporting Standards) disclosure
Predicted Label: Finance 


Classify the following text into the given categories. Give only a single label.
Text: Ændring af IFRS-bekendtgørelsen
Labels: Technology, Industry, Tax & Accounting, Finance, Government & Controls, Business & Management
Answer: Finance
Explanation: The text is about a change in a regulation. This is a financial topic.
Predicted Label: Finance 


Classify the following text into the given categories. Give only a single label.
Text: Elvarmeafgiften sænkes fra 1. maj 2018
Labels: Technology, Industry, Tax & Accounting, Finance, Government & Controls, Business & Management
Answer: Tax & Accounting
Predicted Label: Tax & Accounting 


Classify the following text into the given categories. Give only a single label.
Text: Elvarmeafgiften sænkes fra 1. maj 2018
Labels: Technology, Industry, Tax & Accounting, Finance, Government & Controls, Business & Management
Answer: Finance (since it's about monetary policy or financial changes)
Explanation: The text discusses
Predicted Label: Finance 


Classify the following text into the given categories. Give only a single label.
Text: Elvarmeafgiften sænkes fra 1. maj 2018
Labels: Technology, Industry, Tax & Accounting, Finance, Government & Controls, Business & Management
Answer: Tax & Accounting
Explanation: The text is about tax and accounting.
Predicted Label: Tax & Accounting 


Classify the following text into the given categories. Give only a single label.
Text: Er din årsomvurdering 2019 korrekt?
Labels: Technology, Industry, Tax & Accounting, Finance, Government & Controls, Business & Management
Answer: Tax & Accounting
Predicted Label: Tax & Accounting 


Classify the following text into the given categories. Give only a single label.
Text: Er din årsomvurdering 2019 korrekt?
Labels: Technology, Industry, Tax & Accounting, Finance, Government & Controls, Business & Management
Answer: Tax & Accounting (Given the context of financial year evaluation and related to taxation)
Explanation:
Predicted Label: Tax & Accounting 


Classify the following text into the given categories. Give only a single label.
Text: Er din årsomvurdering 2019 korrekt?
Labels: Technology, Industry, Tax & Accounting, Finance, Government & Controls, Business & Management
Answer: Business & Management
Explanation: The text is about the annual review of a company. The annual review
Predicted Label: Business & Management 


Classify the following text into the given categories. Give only a single label.
Text: Tjeklisten til selvangivelsen 2019 (for selskaber)
Labels: Technology, Industry, Tax & Accounting, Finance, Government & Controls, Business & Management
Answer: Tax & Accounting
Predicted Label: Tax & Accounting 


Classify the following text into the given categories. Give only a single label.
Text: Tjeklisten til selvangivelsen 2019 (for selskaber)
Labels: Technology, Industry, Tax & Accounting, Finance, Government & Controls, Business & Management
Answer: Business & Management (since it's about business-related regulations and compliance)
Predicted Label: Business & Management 


Classify the following text into the given categories. Give only a single label.
Text: Tjeklisten til selvangivelsen 2019 (for selskaber)
Labels: Technology, Industry, Tax & Accounting, Finance, Government & Controls, Business & Management
Answer: Finance
Explanation: The text is about tax and accounting, and the label Finance is the most appropriate
Predicted Label: Finance 


Classify the following text into the given categories. Give only a single label.
Text: Modelregnskab for delårsrapporter i 2016
Labels: Technology, Industry, Tax & Accounting, Finance, Government & Controls, Business & Management
Answer: Tax & Accounting
Predicted Label: Tax & Accounting 


Classify the following text into the given categories. Give only a single label.
Text: Modelregnskab for delårsrapporter i 2016
Labels: Technology, Industry, Tax & Accounting, Finance, Government & Controls, Business & Management
Answer: Tax & Accounting (since it mentions "delårsrapporter" which translates to annual reports)
Predicted Label: Tax & Accounting 


Classify the following text into the given categories. Give only a single label.
Text: Modelregnskab for delårsrapporter i 2016
Labels: Technology, Industry, Tax & Accounting, Finance, Government & Controls, Business & Management
Answer: Finance
Explanation: The text is about financial accounting and reporting. It is not about technology, industry
Predicted Label: Technology 


Classify the following text into the given categories. Give only a single label.
Text: Nyt fra CFOdirect: Hedge accounting, ny standard for indregning af omsætning og meget mere
Labels: Technology, Industry, Tax & Accounting, Finance, Government & Controls, Business & Management
Answer: Finance
Predicted Label: Finance 


Classify the following text into the given categories. Give only a single label.
Text: Nyt fra CFOdirect: Hedge accounting, ny standard for indregning af omsætning og meget mere
Labels: Technology, Industry, Tax & Accounting, Finance, Government & Controls, Business & Management
Answer: Tax & Accounting 
The text discusses hedge accounting and the new standards for recording transactions, which
Predicted Label: Tax & Accounting 


Classify the following text into the given categories. Give only a single label.
Text: Nyt fra CFOdirect: Hedge accounting, ny standard for indregning af omsætning og meget mere
Labels: Technology, Industry, Tax & Accounting, Finance, Government & Controls, Business & Management
Answer: Finance
Explanation: The text is about hedge accounting, which is a financial accounting practice used to account
Predicted Label: Finance 


Classify the following text into the given categories. Give only a single label.
Text: Brexit hvad er status? (uge 20)
Labels: Technology, Industry, Tax & Accounting, Finance, Government & Controls, Business & Management
Answer: Business & Management
Predicted Label: Business & Management 


Classify the following text into the given categories. Give only a single label.
Text: Brexit hvad er status? (uge 20)
Labels: Technology, Industry, Tax & Accounting, Finance, Government & Controls, Business & Management
Answer: Government & Controls (The text seems to be asking about the status of Brexit, which is a political
Predicted Label: Government & Controls 


Classify the following text into the given categories. Give only a single label.
Text: Brexit hvad er status? (uge 20)
Labels: Technology, Industry, Tax & Accounting, Finance, Government & Controls, Business & Management
Answer: Finance
Explanation: Brexit is a term used to describe the United Kingdom's withdrawal from the European Union
Predicted Label: Finance 


The following generation flags are not valid and may be ignored: ['temperature']. Set `TRANSFORMERS_VERBOSITY=info` for more details.
The following generation flags are not valid and may be ignored: ['temperature', 'top_p']. Set `TRANSFORMERS_VERBOSITY=info` for more details.
Setting `pad_token_id` to `eos_token_id`:128001 for open-end generation.
The following generation flags are not valid and may be ignored: ['temperature']. Set `TRANSFORMERS_VERBOSITY=info` for more details.
The following generation flags are not valid and may be ignored: ['temperature']. Set `TRANSFORMERS_VERBOSITY=info` for more details.
The following generation flags are not valid and may be ignored: ['temperature', 'top_p']. Set `TRANSFORMERS_VERBOSITY=info` for more details.
Setting `pad_token_id` to `eos_token_id`:128001 for open-end generation.
The following generation flags are not valid and may be ignored: ['temperature']. Set `TRANSFORMERS_VERBOSITY=info` for more details.
The following generation flags are not valid and may be ignored: ['temperature']. Set `TRANSFORMERS_VERBOSITY=info` for more details.
The following generation flags are not valid and may be ignored: ['temperature', 'top_p']. Set `TRANSFORMERS_VERBOSITY=info` for more details.
Setting `pad_token_id` to `eos_token_id`:128001 for open-end generation.
The following generation flags are not valid and may be ignored: ['temperature']. Set `TRANSFORMERS_VERBOSITY=info` for more details.
The following generation flags are not valid and may be ignored: ['temperature']. Set `TRANSFORMERS_VERBOSITY=info` for more details.
The following generation flags are not valid and may be ignored: ['temperature', 'top_p']. Set `TRANSFORMERS_VERBOSITY=info` for more details.
Setting `pad_token_id` to `eos_token_id`:128001 for open-end generation.
The following generation flags are not valid and may be ignored: ['temperature']. Set `TRANSFORMERS_VERBOSITY=info` for more details.
The following generation flags are not valid and may be ignored: ['temperature']. Set `TRANSFORMERS_VERBOSITY=info` for more details.
The following generation flags are not valid and may be ignored: ['temperature', 'top_p']. Set `TRANSFORMERS_VERBOSITY=info` for more details.
Setting `pad_token_id` to `eos_token_id`:128001 for open-end generation.
The following generation flags are not valid and may be ignored: ['temperature']. Set `TRANSFORMERS_VERBOSITY=info` for more details.
The following generation flags are not valid and may be ignored: ['temperature']. Set `TRANSFORMERS_VERBOSITY=info` for more details.
The following generation flags are not valid and may be ignored: ['temperature', 'top_p']. Set `TRANSFORMERS_VERBOSITY=info` for more details.
Setting `pad_token_id` to `eos_token_id`:128001 for open-end generation.
The following generation flags are not valid and may be ignored: ['temperature']. Set `TRANSFORMERS_VERBOSITY=info` for more details.
The following generation flags are not valid and may be ignored: ['temperature']. Set `TRANSFORMERS_VERBOSITY=info` for more details.
The following generation flags are not valid and may be ignored: ['temperature', 'top_p']. Set `TRANSFORMERS_VERBOSITY=info` for more details.
Setting `pad_token_id` to `eos_token_id`:128001 for open-end generation.
The following generation flags are not valid and may be ignored: ['temperature']. Set `TRANSFORMERS_VERBOSITY=info` for more details.
The following generation flags are not valid and may be ignored: ['temperature']. Set `TRANSFORMERS_VERBOSITY=info` for more details.
The following generation flags are not valid and may be ignored: ['temperature', 'top_p']. Set `TRANSFORMERS_VERBOSITY=info` for more details.
Setting `pad_token_id` to `eos_token_id`:128001 for open-end generation.
Classify the following text into the given categories. Give only a single label.
Text: Podcast: Nyt om skat, uge 51
Labels: Technology, Industry, Tax & Accounting, Finance, Government & Controls, Business & Management
Answer: Tax & Accounting
Predicted Label: Tax & Accounting 


Classify the following text into the given categories. Give only a single label.
Text: Podcast: Nyt om skat, uge 51
Labels: Technology, Industry, Tax & Accounting, Finance, Government & Controls, Business & Management
Answer: Finance (Given the context of "skat" which translates to tax in Danish)
Just
Predicted Label: Finance 


Classify the following text into the given categories. Give only a single label.
Text: Podcast: Nyt om skat, uge 51
Labels: Technology, Industry, Tax & Accounting, Finance, Government & Controls, Business & Management
Answer: Technology, Industry, Tax & Accounting, Finance, Government & Controls, Business & Management
Explanation:
Predicted Label: Technology 


✅ Saved batch ending at row 59
Classify the following text into the given categories. Give only a single label.
Text: EU-persondataforordningen
Labels: Technology, Industry, Tax & Accounting, Finance, Government & Controls, Business & Management
Answer: Government & Controls
Predicted Label: Government & Controls 


Classify the following text into the given categories. Give only a single label.
Text: EU-persondataforordningen
Labels: Technology, Industry, Tax & Accounting, Finance, Government & Controls, Business & Management
Answer: Technology (Given the text refers to a regulation related to data in the EU, which falls under technology
Predicted Label: Technology 


Classify the following text into the given categories. Give only a single label.
Text: EU-persondataforordningen
Labels: Technology, Industry, Tax & Accounting, Finance, Government & Controls, Business & Management
Answer: Government & Controls
Explanation: The European Union (EU) is an economic and political union of 
Predicted Label: Government & Controls 


Classify the following text into the given categories. Give only a single label.
Text: Opdaterede indberetningskrav for data om svig
Labels: Technology, Industry, Tax & Accounting, Finance, Government & Controls, Business & Management
Answer: Technology
Predicted Label: Technology 


Classify the following text into the given categories. Give only a single label.
Text: Opdaterede indberetningskrav for data om svig
Labels: Technology, Industry, Tax & Accounting, Finance, Government & Controls, Business & Management
Answer: Government & Controls
Explanation: The text mentions "Opdaterede indberetningskrav"
Predicted Label: Government & Controls 


Classify the following text into the given categories. Give only a single label.
Text: Opdaterede indberetningskrav for data om svig
Labels: Technology, Industry, Tax & Accounting, Finance, Government & Controls, Business & Management
Answer: Technology
Explanation: The text is about the updated reporting requirements for data on fraud. The word "
Predicted Label: Technology 


Classify the following text into the given categories. Give only a single label.
Text: Sådan holder du robotten i sporet
Labels: Technology, Industry, Tax & Accounting, Finance, Government & Controls, Business & Management
Answer: Technology
Predicted Label: Technology 


Classify the following text into the given categories. Give only a single label.
Text: Sådan holder du robotten i sporet
Labels: Technology, Industry, Tax & Accounting, Finance, Government & Controls, Business & Management
Answer: Business & Management
Explanation: The text provides instructions on how to keep a robot on track, which
Predicted Label: Business & Management 


Classify the following text into the given categories. Give only a single label.
Text: Sådan holder du robotten i sporet
Labels: Technology, Industry, Tax & Accounting, Finance, Government & Controls, Business & Management
Answer: Technology
Explanation: The text is about how to keep a robot on track. This is a technical
Predicted Label: Technology 


Classify the following text into the given categories. Give only a single label.
Text: Risikovurdering af banksektoren
Labels: Technology, Industry, Tax & Accounting, Finance, Government & Controls, Business & Management
Answer: Finance
Predicted Label: Finance 


Classify the following text into the given categories. Give only a single label.
Text: Risikovurdering af banksektoren
Labels: Technology, Industry, Tax & Accounting, Finance, Government & Controls, Business & Management
Answer: Finance

Classify the following text into the given categories. Give only a single label.

Predicted Label: Finance 


Classify the following text into the given categories. Give only a single label.
Text: Risikovurdering af banksektoren
Labels: Technology, Industry, Tax & Accounting, Finance, Government & Controls, Business & Management
Answer: Finance
Explanation: The text is about the risk assessment of the banking sector. The word "risk
Predicted Label: Finance 


Classify the following text into the given categories. Give only a single label.
Text: Endegyldigt farvel til eksportmomslånet fra 15. januar 2018
Labels: Technology, Industry, Tax & Accounting, Finance, Government & Controls, Business & Management
Answer: Tax & Accounting
Predicted Label: Tax & Accounting 


Classify the following text into the given categories. Give only a single label.
Text: Endegyldigt farvel til eksportmomslånet fra 15. januar 2018
Labels: Technology, Industry, Tax & Accounting, Finance, Government & Controls, Business & Management
Answer: Business & Management (Given the context of "eksportmomslånet" which translates to export
Predicted Label: Business & Management 


Classify the following text into the given categories. Give only a single label.
Text: Endegyldigt farvel til eksportmomslånet fra 15. januar 2018
Labels: Technology, Industry, Tax & Accounting, Finance, Government & Controls, Business & Management
Answer: Finance
Explanation: The text is about the loan for export. The loan is given by the government
Predicted Label: Finance 


Classify the following text into the given categories. Give only a single label.
Text: Byttehandler fra et moms- og TP-mæssigt perspektiv
Labels: Technology, Industry, Tax & Accounting, Finance, Government & Controls, Business & Management
Answer: Technology
Predicted Label: Technology 


Classify the following text into the given categories. Give only a single label.
Text: Byttehandler fra et moms- og TP-mæssigt perspektiv
Labels: Technology, Industry, Tax & Accounting, Finance, Government & Controls, Business & Management
Answer: Business & Management (Given the text discusses a byttehandler, which is a role in business management
Predicted Label: Business & Management 


Classify the following text into the given categories. Give only a single label.
Text: Byttehandler fra et moms- og TP-mæssigt perspektiv
Labels: Technology, Industry, Tax & Accounting, Finance, Government & Controls, Business & Management
Answer: Technology
Explanation: The text is about technology, and not about any of the other categories.
Predicted Label: Technology 


Classify the following text into the given categories. Give only a single label.
Text: Sådan påvirker COVID-19 værdiansættelsen af virksomheder
Labels: Technology, Industry, Tax & Accounting, Finance, Government & Controls, Business & Management
Answer: Industry
Predicted Label: Industry 


Classify the following text into the given categories. Give only a single label.
Text: Sådan påvirker COVID-19 værdiansættelsen af virksomheder
Labels: Technology, Industry, Tax & Accounting, Finance, Government & Controls, Business & Management
Answer: Business & Management

Explanation: The text discusses the impact of COVID-19 on the valuation
Predicted Label: Business & Management 


The following generation flags are not valid and may be ignored: ['temperature']. Set `TRANSFORMERS_VERBOSITY=info` for more details.
The following generation flags are not valid and may be ignored: ['temperature']. Set `TRANSFORMERS_VERBOSITY=info` for more details.
The following generation flags are not valid and may be ignored: ['temperature', 'top_p']. Set `TRANSFORMERS_VERBOSITY=info` for more details.
Setting `pad_token_id` to `eos_token_id`:128001 for open-end generation.
The following generation flags are not valid and may be ignored: ['temperature']. Set `TRANSFORMERS_VERBOSITY=info` for more details.
The following generation flags are not valid and may be ignored: ['temperature']. Set `TRANSFORMERS_VERBOSITY=info` for more details.
The following generation flags are not valid and may be ignored: ['temperature', 'top_p']. Set `TRANSFORMERS_VERBOSITY=info` for more details.
Setting `pad_token_id` to `eos_token_id`:128001 for open-end generation.
The following generation flags are not valid and may be ignored: ['temperature']. Set `TRANSFORMERS_VERBOSITY=info` for more details.
The following generation flags are not valid and may be ignored: ['temperature']. Set `TRANSFORMERS_VERBOSITY=info` for more details.
The following generation flags are not valid and may be ignored: ['temperature', 'top_p']. Set `TRANSFORMERS_VERBOSITY=info` for more details.
Setting `pad_token_id` to `eos_token_id`:128001 for open-end generation.
The following generation flags are not valid and may be ignored: ['temperature']. Set `TRANSFORMERS_VERBOSITY=info` for more details.
The following generation flags are not valid and may be ignored: ['temperature']. Set `TRANSFORMERS_VERBOSITY=info` for more details.
The following generation flags are not valid and may be ignored: ['temperature', 'top_p']. Set `TRANSFORMERS_VERBOSITY=info` for more details.
Setting `pad_token_id` to `eos_token_id`:128001 for open-end generation.
The following generation flags are not valid and may be ignored: ['temperature']. Set `TRANSFORMERS_VERBOSITY=info` for more details.
The following generation flags are not valid and may be ignored: ['temperature']. Set `TRANSFORMERS_VERBOSITY=info` for more details.
The following generation flags are not valid and may be ignored: ['temperature', 'top_p']. Set `TRANSFORMERS_VERBOSITY=info` for more details.
Setting `pad_token_id` to `eos_token_id`:128001 for open-end generation.
The following generation flags are not valid and may be ignored: ['temperature']. Set `TRANSFORMERS_VERBOSITY=info` for more details.
The following generation flags are not valid and may be ignored: ['temperature']. Set `TRANSFORMERS_VERBOSITY=info` for more details.
The following generation flags are not valid and may be ignored: ['temperature', 'top_p']. Set `TRANSFORMERS_VERBOSITY=info` for more details.
Setting `pad_token_id` to `eos_token_id`:128001 for open-end generation.
The following generation flags are not valid and may be ignored: ['temperature']. Set `TRANSFORMERS_VERBOSITY=info` for more details.
The following generation flags are not valid and may be ignored: ['temperature']. Set `TRANSFORMERS_VERBOSITY=info` for more details.
The following generation flags are not valid and may be ignored: ['temperature', 'top_p']. Set `TRANSFORMERS_VERBOSITY=info` for more details.
Setting `pad_token_id` to `eos_token_id`:128001 for open-end generation.
Classify the following text into the given categories. Give only a single label.
Text: Sådan påvirker COVID-19 værdiansættelsen af virksomheder
Labels: Technology, Industry, Tax & Accounting, Finance, Government & Controls, Business & Management
Answer: Finance
Explanation: The text is about the impact of COVID-19 on the valuation of companies.
Predicted Label: Finance 


Classify the following text into the given categories. Give only a single label.
Text: Dataudfordringen - og potentialet - i myndighedsrapportering
Labels: Technology, Industry, Tax & Accounting, Finance, Government & Controls, Business & Management
Answer: Government & Controls
Predicted Label: Government & Controls 


Classify the following text into the given categories. Give only a single label.
Text: Dataudfordringen - og potentialet - i myndighedsrapportering
Labels: Technology, Industry, Tax & Accounting, Finance, Government & Controls, Business & Management
Answer: Government & Controls
Explanation: The text discusses data challenges and potential in the context of governmental reporting,
Predicted Label: Government & Controls 


Classify the following text into the given categories. Give only a single label.
Text: Dataudfordringen - og potentialet - i myndighedsrapportering
Labels: Technology, Industry, Tax & Accounting, Finance, Government & Controls, Business & Management
Answer: Technology
Explanation: The text is about the challenges and potential of reporting in the public sector. The
Predicted Label: Technology 


Classify the following text into the given categories. Give only a single label.
Text: Kan blockchain øge tilliden i den finansielle sektor?
Labels: Technology, Industry, Tax & Accounting, Finance, Government & Controls, Business & Management
Answer: Technology
Predicted Label: Technology 


Classify the following text into the given categories. Give only a single label.
Text: Kan blockchain øge tilliden i den finansielle sektor?
Labels: Technology, Industry, Tax & Accounting, Finance, Government & Controls, Business & Management
Answer: Finance
Explanation: The text discusses the potential of blockchain technology in the financial sector, which directly
Predicted Label: Technology 


Classify the following text into the given categories. Give only a single label.
Text: Kan blockchain øge tilliden i den finansielle sektor?
Labels: Technology, Industry, Tax & Accounting, Finance, Government & Controls, Business & Management
Answer: Technology
Explanation: The text is about blockchain technology and its potential to increase trust in the financial sector
Predicted Label: Technology 


Classify the following text into the given categories. Give only a single label.
Text: Praksisændring: Salg af elevproducerede varer og ydelser er ikke længere momspligtigt
Labels: Technology, Industry, Tax & Accounting, Finance, Government & Controls, Business & Management
Answer: Tax & Accounting
Predicted Label: Tax & Accounting 


Classify the following text into the given categories. Give only a single label.
Text: Praksisændring: Salg af elevproducerede varer og ydelser er ikke længere momspligtigt
Labels: Technology, Industry, Tax & Accounting, Finance, Government & Controls, Business & Management
Answer: Tax & Accounting (Since the text talks about sales being no longer tax-exempt)

Predicted Label: Tax & Accounting 


Classify the following text into the given categories. Give only a single label.
Text: Praksisændring: Salg af elevproducerede varer og ydelser er ikke længere momspligtigt
Labels: Technology, Industry, Tax & Accounting, Finance, Government & Controls, Business & Management
Answer: Technology, Industry, Tax & Accounting, Finance, Government & Controls, Business & Management
Explanation:
Predicted Label: Technology 


✅ Saved batch ending at row 69
Classify the following text into the given categories. Give only a single label.
Text: Salg af byggegrunde i en fællesregistrering - moms eller ikke moms?
Labels: Technology, Industry, Tax & Accounting, Finance, Government & Controls, Business & Management
Answer: Tax & Accounting
Predicted Label: Tax & Accounting 


Classify the following text into the given categories. Give only a single label.
Text: Salg af byggegrunde i en fællesregistrering - moms eller ikke moms?
Labels: Technology, Industry, Tax & Accounting, Finance, Government & Controls, Business & Management
Answer: Tax & Accounting (Given the text discusses about tax implications of building grounds in a common registration)
Predicted Label: Tax & Accounting 


Classify the following text into the given categories. Give only a single label.
Text: Salg af byggegrunde i en fællesregistrering - moms eller ikke moms?
Labels: Technology, Industry, Tax & Accounting, Finance, Government & Controls, Business & Management
Answer: Technology, Industry, Tax & Accounting, Finance, Government & Controls, Business & Management
Explanation:
Predicted Label: Technology 


Classify the following text into the given categories. Give only a single label.
Text: ESMA har opdateret Q&A om implementeringen af MiFID II og MiFIR
Labels: Technology, Industry, Tax & Accounting, Finance, Government & Controls, Business & Management
Answer: Finance
Predicted Label: Finance 


Classify the following text into the given categories. Give only a single label.
Text: ESMA har opdateret Q&A om implementeringen af MiFID II og MiFIR
Labels: Technology, Industry, Tax & Accounting, Finance, Government & Controls, Business & Management
Answer: Finance
Explanation: The text discusses ESMA (European Securities and Markets Authority) updates on Q
Predicted Label: Finance 


Classify the following text into the given categories. Give only a single label.
Text: ESMA har opdateret Q&A om implementeringen af MiFID II og MiFIR
Labels: Technology, Industry, Tax & Accounting, Finance, Government & Controls, Business & Management
Answer: Technology
Explanation: The text is about the implementation of MiFID II and MiFIR,
Predicted Label: Technology 


Classify the following text into the given categories. Give only a single label.
Text: Rapporteringsmæssige konsekvenser af erstatning af LIBOR og andre referencerenter
Labels: Technology, Industry, Tax & Accounting, Finance, Government & Controls, Business & Management
Answer: Finance
Predicted Label: Finance 


Classify the following text into the given categories. Give only a single label.
Text: Rapporteringsmæssige konsekvenser af erstatning af LIBOR og andre referencerenter
Labels: Technology, Industry, Tax & Accounting, Finance, Government & Controls, Business & Management
Answer: Finance
Explanation: The text discusses the reporting consequences of replacing LIBOR (London Interbank Offer
Predicted Label: Finance 


Classify the following text into the given categories. Give only a single label.
Text: Rapporteringsmæssige konsekvenser af erstatning af LIBOR og andre referencerenter
Labels: Technology, Industry, Tax & Accounting, Finance, Government & Controls, Business & Management
Answer: Finance
Explanation: The text is about the consequences of replacing LIBOR and other reference rates. LIB
Predicted Label: Finance 


Classify the following text into the given categories. Give only a single label.
Text: Skal I producere håndsprit? Og har I husket afgifterne?
Labels: Technology, Industry, Tax & Accounting, Finance, Government & Controls, Business & Management
Answer: Technology
Predicted Label: Technology 


Classify the following text into the given categories. Give only a single label.
Text: Skal I producere håndsprit? Og har I husket afgifterne?
Labels: Technology, Industry, Tax & Accounting, Finance, Government & Controls, Business & Management
Answer: Business & Management (The text seems to be asking about production and considering costs, which aligns with business
Predicted Label: Business & Management 


The following generation flags are not valid and may be ignored: ['temperature']. Set `TRANSFORMERS_VERBOSITY=info` for more details.
The following generation flags are not valid and may be ignored: ['temperature']. Set `TRANSFORMERS_VERBOSITY=info` for more details.
The following generation flags are not valid and may be ignored: ['temperature', 'top_p']. Set `TRANSFORMERS_VERBOSITY=info` for more details.
Setting `pad_token_id` to `eos_token_id`:128001 for open-end generation.
The following generation flags are not valid and may be ignored: ['temperature']. Set `TRANSFORMERS_VERBOSITY=info` for more details.
The following generation flags are not valid and may be ignored: ['temperature']. Set `TRANSFORMERS_VERBOSITY=info` for more details.
The following generation flags are not valid and may be ignored: ['temperature', 'top_p']. Set `TRANSFORMERS_VERBOSITY=info` for more details.
Setting `pad_token_id` to `eos_token_id`:128001 for open-end generation.
The following generation flags are not valid and may be ignored: ['temperature']. Set `TRANSFORMERS_VERBOSITY=info` for more details.
The following generation flags are not valid and may be ignored: ['temperature']. Set `TRANSFORMERS_VERBOSITY=info` for more details.
The following generation flags are not valid and may be ignored: ['temperature', 'top_p']. Set `TRANSFORMERS_VERBOSITY=info` for more details.
Setting `pad_token_id` to `eos_token_id`:128001 for open-end generation.
The following generation flags are not valid and may be ignored: ['temperature']. Set `TRANSFORMERS_VERBOSITY=info` for more details.
The following generation flags are not valid and may be ignored: ['temperature']. Set `TRANSFORMERS_VERBOSITY=info` for more details.
The following generation flags are not valid and may be ignored: ['temperature', 'top_p']. Set `TRANSFORMERS_VERBOSITY=info` for more details.
Setting `pad_token_id` to `eos_token_id`:128001 for open-end generation.
The following generation flags are not valid and may be ignored: ['temperature']. Set `TRANSFORMERS_VERBOSITY=info` for more details.
The following generation flags are not valid and may be ignored: ['temperature']. Set `TRANSFORMERS_VERBOSITY=info` for more details.
The following generation flags are not valid and may be ignored: ['temperature', 'top_p']. Set `TRANSFORMERS_VERBOSITY=info` for more details.
Setting `pad_token_id` to `eos_token_id`:128001 for open-end generation.
The following generation flags are not valid and may be ignored: ['temperature']. Set `TRANSFORMERS_VERBOSITY=info` for more details.
The following generation flags are not valid and may be ignored: ['temperature']. Set `TRANSFORMERS_VERBOSITY=info` for more details.
The following generation flags are not valid and may be ignored: ['temperature', 'top_p']. Set `TRANSFORMERS_VERBOSITY=info` for more details.
Setting `pad_token_id` to `eos_token_id`:128001 for open-end generation.
The following generation flags are not valid and may be ignored: ['temperature']. Set `TRANSFORMERS_VERBOSITY=info` for more details.
The following generation flags are not valid and may be ignored: ['temperature']. Set `TRANSFORMERS_VERBOSITY=info` for more details.
The following generation flags are not valid and may be ignored: ['temperature', 'top_p']. Set `TRANSFORMERS_VERBOSITY=info` for more details.
Setting `pad_token_id` to `eos_token_id`:128001 for open-end generation.
Classify the following text into the given categories. Give only a single label.
Text: Skal I producere håndsprit? Og har I husket afgifterne?
Labels: Technology, Industry, Tax & Accounting, Finance, Government & Controls, Business & Management
Answer: Tax & Accounting
Explanation: The text is about tax and accounting.
Predicted Label: Tax & Accounting 


Classify the following text into the given categories. Give only a single label.
Text: Hvordan bliver kapitalreglerne for bankerne i fremtiden?
Labels: Technology, Industry, Tax & Accounting, Finance, Government & Controls, Business & Management
Answer: Finance
Predicted Label: Finance 


Classify the following text into the given categories. Give only a single label.
Text: Hvordan bliver kapitalreglerne for bankerne i fremtiden?
Labels: Technology, Industry, Tax & Accounting, Finance, Government & Controls, Business & Management
Answer: Finance (since the text is asking about capital regulations for banks, which is a financial topic)
Predicted Label: Finance 


Classify the following text into the given categories. Give only a single label.
Text: Hvordan bliver kapitalreglerne for bankerne i fremtiden?
Labels: Technology, Industry, Tax & Accounting, Finance, Government & Controls, Business & Management
Answer: Finance
Explanation: The text is about the future of capital rules for banks. The word "kap
Predicted Label: Finance 


Classify the following text into the given categories. Give only a single label.
Text: Ny bekendtgørelse om kompensation for selvstændiges omsætningstab - i fire måneder
Labels: Technology, Industry, Tax & Accounting, Finance, Government & Controls, Business & Management
Answer: Government & Controls
Predicted Label: Government & Controls 


Classify the following text into the given categories. Give only a single label.
Text: Ny bekendtgørelse om kompensation for selvstændiges omsætningstab - i fire måneder
Labels: Technology, Industry, Tax & Accounting, Finance, Government & Controls, Business & Management
Answer: Business & Management
Explanation: The text refers to a "known announcement about compensation for independent outsourcing"
Predicted Label: Business & Management 


Classify the following text into the given categories. Give only a single label.
Text: Ny bekendtgørelse om kompensation for selvstændiges omsætningstab - i fire måneder
Labels: Technology, Industry, Tax & Accounting, Finance, Government & Controls, Business & Management
Answer: Finance
Explanation: The text is about the government's compensation for the self-employed's turnover deficit.
Predicted Label: Finance 


Classify the following text into the given categories. Give only a single label.
Text: Har du styr på forventningerne til arbejdet med samfundsansvar i mode- og tekstilbranchen?
Labels: Technology, Industry, Tax & Accounting, Finance, Government & Controls, Business & Management
Answer: Business & Management
Predicted Label: Business & Management 


Classify the following text into the given categories. Give only a single label.
Text: Har du styr på forventningerne til arbejdet med samfundsansvar i mode- og tekstilbranchen?
Labels: Technology, Industry, Tax & Accounting, Finance, Government & Controls, Business & Management
Answer: Business & Management (specifically focusing on industry-related aspects)
Predicted Label: Industry 


Classify the following text into the given categories. Give only a single label.
Text: Har du styr på forventningerne til arbejdet med samfundsansvar i mode- og tekstilbranchen?
Labels: Technology, Industry, Tax & Accounting, Finance, Government & Controls, Business & Management
Answer: Business & Management
Explanation: The text is about the expectations of the work with social responsibility in the
Predicted Label: Business & Management 


Classify the following text into the given categories. Give only a single label.
Text: Podcast: Nyt om skat, uge 6 - Får du godtgørelse af afgifter for energi og miljø?
Labels: Technology, Industry, Tax & Accounting, Finance, Government & Controls, Business & Management
Answer: Tax & Accounting
Predicted Label: Tax & Accounting 


Classify the following text into the given categories. Give only a single label.
Text: Podcast: Nyt om skat, uge 6 - Får du godtgørelse af afgifter for energi og miljø?
Labels: Technology, Industry, Tax & Accounting, Finance, Government & Controls, Business & Management
Answer: Tax & Accounting (Given the text discusses taxes, specifically related to energy and environment)
Predicted Label: Tax & Accounting 


Classify the following text into the given categories. Give only a single label.
Text: Podcast: Nyt om skat, uge 6 - Får du godtgørelse af afgifter for energi og miljø?
Labels: Technology, Industry, Tax & Accounting, Finance, Government & Controls, Business & Management
Answer: Technology, Industry, Tax & Accounting, Finance, Government & Controls, Business & Management
Explanation:
Predicted Label: Technology 


Classify the following text into the given categories. Give only a single label.
Text: Globalt illustrativt IFRS modelregnskab 2016
Labels: Technology, Industry, Tax & Accounting, Finance, Government & Controls, Business & Management
Answer: Tax & Accounting
Predicted Label: Tax & Accounting 


Classify the following text into the given categories. Give only a single label.
Text: Globalt illustrativt IFRS modelregnskab 2016
Labels: Technology, Industry, Tax & Accounting, Finance, Government & Controls, Business & Management
Answer: Finance
Explanation: The text mentions "Globalt illustrativt IFRS modelregnsk
Predicted Label: Finance 


Classify the following text into the given categories. Give only a single label.
Text: Globalt illustrativt IFRS modelregnskab 2016
Labels: Technology, Industry, Tax & Accounting, Finance, Government & Controls, Business & Management
Answer: Finance
Explanation: The text is about financial reporting and accounting. It is not about technology, industry
Predicted Label: Technology 


Classify the following text into the given categories. Give only a single label.
Text: Lars Liebst, adm. direktør i Tivoli om transformation og digitalisering
Labels: Technology, Industry, Tax & Accounting, Finance, Government & Controls, Business & Management
Answer: Technology
Predicted Label: Technology 


Classify the following text into the given categories. Give only a single label.
Text: Lars Liebst, adm. direktør i Tivoli om transformation og digitalisering
Labels: Technology, Industry, Tax & Accounting, Finance, Government & Controls, Business & Management
Answer: Business & Management
Explanation: The text mentions Lars Liebst, who is the administrative director (adm
Predicted Label: Business & Management 


Classify the following text into the given categories. Give only a single label.
Text: Lars Liebst, adm. direktør i Tivoli om transformation og digitalisering
Labels: Technology, Industry, Tax & Accounting, Finance, Government & Controls, Business & Management
Answer: Business & Management
Explanation: The text is about Lars Liebst, the CEO of Tivoli
Predicted Label: Business & Management 


✅ Saved batch ending at row 79
Classify the following text into the given categories. Give only a single label.
Text: Hospitality Investment Strategies in Greece
Labels: Technology, Industry, Tax & Accounting, Finance, Government & Controls, Business & Management
Answer: Industry
Predicted Label: Industry 


Classify the following text into the given categories. Give only a single label.
Text: Hospitality Investment Strategies in Greece
Labels: Technology, Industry, Tax & Accounting, Finance, Government & Controls, Business & Management
Answer: Industry (specifically, Hospitality Industry)
Explanation: The text discusses investment strategies in Greece, which is
Predicted Label: Industry 


The following generation flags are not valid and may be ignored: ['temperature']. Set `TRANSFORMERS_VERBOSITY=info` for more details.
The following generation flags are not valid and may be ignored: ['temperature']. Set `TRANSFORMERS_VERBOSITY=info` for more details.
The following generation flags are not valid and may be ignored: ['temperature', 'top_p']. Set `TRANSFORMERS_VERBOSITY=info` for more details.
Setting `pad_token_id` to `eos_token_id`:128001 for open-end generation.
The following generation flags are not valid and may be ignored: ['temperature']. Set `TRANSFORMERS_VERBOSITY=info` for more details.
The following generation flags are not valid and may be ignored: ['temperature']. Set `TRANSFORMERS_VERBOSITY=info` for more details.
The following generation flags are not valid and may be ignored: ['temperature', 'top_p']. Set `TRANSFORMERS_VERBOSITY=info` for more details.
Setting `pad_token_id` to `eos_token_id`:128001 for open-end generation.
The following generation flags are not valid and may be ignored: ['temperature']. Set `TRANSFORMERS_VERBOSITY=info` for more details.
The following generation flags are not valid and may be ignored: ['temperature']. Set `TRANSFORMERS_VERBOSITY=info` for more details.
The following generation flags are not valid and may be ignored: ['temperature', 'top_p']. Set `TRANSFORMERS_VERBOSITY=info` for more details.
Setting `pad_token_id` to `eos_token_id`:128001 for open-end generation.
The following generation flags are not valid and may be ignored: ['temperature']. Set `TRANSFORMERS_VERBOSITY=info` for more details.
The following generation flags are not valid and may be ignored: ['temperature']. Set `TRANSFORMERS_VERBOSITY=info` for more details.
The following generation flags are not valid and may be ignored: ['temperature', 'top_p']. Set `TRANSFORMERS_VERBOSITY=info` for more details.
Setting `pad_token_id` to `eos_token_id`:128001 for open-end generation.
The following generation flags are not valid and may be ignored: ['temperature']. Set `TRANSFORMERS_VERBOSITY=info` for more details.
The following generation flags are not valid and may be ignored: ['temperature']. Set `TRANSFORMERS_VERBOSITY=info` for more details.
The following generation flags are not valid and may be ignored: ['temperature', 'top_p']. Set `TRANSFORMERS_VERBOSITY=info` for more details.
Setting `pad_token_id` to `eos_token_id`:128001 for open-end generation.
The following generation flags are not valid and may be ignored: ['temperature']. Set `TRANSFORMERS_VERBOSITY=info` for more details.
The following generation flags are not valid and may be ignored: ['temperature']. Set `TRANSFORMERS_VERBOSITY=info` for more details.
The following generation flags are not valid and may be ignored: ['temperature', 'top_p']. Set `TRANSFORMERS_VERBOSITY=info` for more details.
Setting `pad_token_id` to `eos_token_id`:128001 for open-end generation.
The following generation flags are not valid and may be ignored: ['temperature']. Set `TRANSFORMERS_VERBOSITY=info` for more details.
The following generation flags are not valid and may be ignored: ['temperature']. Set `TRANSFORMERS_VERBOSITY=info` for more details.
The following generation flags are not valid and may be ignored: ['temperature', 'top_p']. Set `TRANSFORMERS_VERBOSITY=info` for more details.
Setting `pad_token_id` to `eos_token_id`:128001 for open-end generation.
The following generation flags are not valid and may be ignored: ['temperature']. Set `TRANSFORMERS_VERBOSITY=info` for more details.
Classify the following text into the given categories. Give only a single label.
Text: Hospitality Investment Strategies in Greece
Labels: Technology, Industry, Tax & Accounting, Finance, Government & Controls, Business & Management
Answer: Business & Management
Explanation: Hospitality Investment Strategies in Greece
The hospitality industry in Greece is one of
Predicted Label: Industry 


Classify the following text into the given categories. Give only a single label.
Text: Deal summary Family Piri / Ruukki Construction
Labels: Technology, Industry, Tax & Accounting, Finance, Government & Controls, Business & Management
Answer: Technology
Predicted Label: Technology 


Classify the following text into the given categories. Give only a single label.
Text: Deal summary Family Piri / Ruukki Construction
Labels: Technology, Industry, Tax & Accounting, Finance, Government & Controls, Business & Management
Answer: Industry (based on the context of construction and deals) However, considering the broader context,
Predicted Label: Industry 


Classify the following text into the given categories. Give only a single label.
Text: Deal summary Family Piri / Ruukki Construction
Labels: Technology, Industry, Tax & Accounting, Finance, Government & Controls, Business & Management
Answer: Business & Management
Explanation: The text is about business and management. It is a summary of a
Predicted Label: Business & Management 


Classify the following text into the given categories. Give only a single label.
Text: Rethinking logistics operations – a strategic lever for companies to deliver their brand promise and business goals
Labels: Technology, Industry, Tax & Accounting, Finance, Government & Controls, Business & Management
Answer: Business & Management
Predicted Label: Business & Management 


Classify the following text into the given categories. Give only a single label.
Text: Rethinking logistics operations – a strategic lever for companies to deliver their brand promise and business goals
Labels: Technology, Industry, Tax & Accounting, Finance, Government & Controls, Business & Management
Answer: Business & Management
Explanation: The text discusses the strategic aspect of logistics operations, which is a key
Predicted Label: Business & Management 


Classify the following text into the given categories. Give only a single label.
Text: Rethinking logistics operations – a strategic lever for companies to deliver their brand promise and business goals
Labels: Technology, Industry, Tax & Accounting, Finance, Government & Controls, Business & Management
Answer: Technology
Explanation: The text is about logistics operations and how they can be used to deliver brand promise
Predicted Label: Technology 


Classify the following text into the given categories. Give only a single label.
Text: Provisions of the simplified APA procedure to be introduced by the end of June 2019
Labels: Technology, Industry, Tax & Accounting, Finance, Government & Controls, Business & Management
Answer: Government & Controls
Predicted Label: Government & Controls 


Classify the following text into the given categories. Give only a single label.
Text: Provisions of the simplified APA procedure to be introduced by the end of June 2019
Labels: Technology, Industry, Tax & Accounting, Finance, Government & Controls, Business & Management
Answer: Business & Management (The text discusses changes to a procedure, which is a common topic in business
Predicted Label: Business & Management 


Classify the following text into the given categories. Give only a single label.
Text: Provisions of the simplified APA procedure to be introduced by the end of June 2019
Labels: Technology, Industry, Tax & Accounting, Finance, Government & Controls, Business & Management
Answer: Technology, Industry, Tax & Accounting, Finance, Government & Controls, Business & Management
Explanation:
Predicted Label: Technology 


Classify the following text into the given categories. Give only a single label.
Text: Healthcare revenue cycles remain complex
Labels: Technology, Industry, Tax & Accounting, Finance, Government & Controls, Business & Management
Answer: Industry
Predicted Label: Industry 


Classify the following text into the given categories. Give only a single label.
Text: Healthcare revenue cycles remain complex
Labels: Technology, Industry, Tax & Accounting, Finance, Government & Controls, Business & Management
Answer: Industry (Given the text discusses a complex area related to healthcare, which is a significant industry)
Predicted Label: Industry 


Classify the following text into the given categories. Give only a single label.
Text: Healthcare revenue cycles remain complex
Labels: Technology, Industry, Tax & Accounting, Finance, Government & Controls, Business & Management
Answer: Technology
Explanation: The given text is about healthcare revenue cycles. Revenue cycle is a process of managing
Predicted Label: Technology 


Classify the following text into the given categories. Give only a single label.
Text: Capital Markets 2020
Labels: Technology, Industry, Tax & Accounting, Finance, Government & Controls, Business & Management
Answer: Finance
Predicted Label: Finance 


Classify the following text into the given categories. Give only a single label.
Text: Capital Markets 2020
Labels: Technology, Industry, Tax & Accounting, Finance, Government & Controls, Business & Management
Answer: Finance
Explanation: "Capital Markets" is a term directly related to the financial sector, which includes
Predicted Label: Finance 


Classify the following text into the given categories. Give only a single label.
Text: Capital Markets 2020
Labels: Technology, Industry, Tax & Accounting, Finance, Government & Controls, Business & Management
Answer: Finance
Explanation: The given text is about capital markets. Capital markets are financial markets where people and
Predicted Label: Finance 


Classify the following text into the given categories. Give only a single label.
Text: Company law and governance
Labels: Technology, Industry, Tax & Accounting, Finance, Government & Controls, Business & Management
Answer: Business & Management
Predicted Label: Business & Management 


Classify the following text into the given categories. Give only a single label.
Text: Company law and governance
Labels: Technology, Industry, Tax & Accounting, Finance, Government & Controls, Business & Management
Answer: Business & Management
Justification: The text discusses "Company law and governance," which are core aspects
Predicted Label: Business & Management 


Classify the following text into the given categories. Give only a single label.
Text: Company law and governance
Labels: Technology, Industry, Tax & Accounting, Finance, Government & Controls, Business & Management
Answer: Business & Management
Explanation: Business & Management is the correct answer.
Predicted Label: Business & Management 


Classify the following text into the given categories. Give only a single label.
Text: VAT Refund Calculator Tool
Labels: Technology, Industry, Tax & Accounting, Finance, Government & Controls, Business & Management
Answer: Tax & Accounting
Predicted Label: Tax & Accounting 


Classify the following text into the given categories. Give only a single label.
Text: VAT Refund Calculator Tool
Labels: Technology, Industry, Tax & Accounting, Finance, Government & Controls, Business & Management
Answer: Tax & Accounting (since the text is related to calculating VAT refunds, which is a tax-related
Predicted Label: Tax & Accounting 


Classify the following text into the given categories. Give only a single label.
Text: VAT Refund Calculator Tool
Labels: Technology, Industry, Tax & Accounting, Finance, Government & Controls, Business & Management
Answer: Technology
Explanation: The text is about a VAT refund calculator tool. The tool is used to calculate
Predicted Label: Technology 


Classify the following text into the given categories. Give only a single label.
Text: Deal summary Veho Oy Ab
Labels: Technology, Industry, Tax & Accounting, Finance, Government & Controls, Business & Management
Answer: Technology
The following generation flags are not valid and may be ignored: ['temperature']. Set `TRANSFORMERS_VERBOSITY=info` for more details.
The following generation flags are not valid and may be ignored: ['temperature', 'top_p']. Set `TRANSFORMERS_VERBOSITY=info` for more details.
Setting `pad_token_id` to `eos_token_id`:128001 for open-end generation.
The following generation flags are not valid and may be ignored: ['temperature']. Set `TRANSFORMERS_VERBOSITY=info` for more details.
The following generation flags are not valid and may be ignored: ['temperature']. Set `TRANSFORMERS_VERBOSITY=info` for more details.
The following generation flags are not valid and may be ignored: ['temperature', 'top_p']. Set `TRANSFORMERS_VERBOSITY=info` for more details.
Setting `pad_token_id` to `eos_token_id`:128001 for open-end generation.
The following generation flags are not valid and may be ignored: ['temperature']. Set `TRANSFORMERS_VERBOSITY=info` for more details.
The following generation flags are not valid and may be ignored: ['temperature']. Set `TRANSFORMERS_VERBOSITY=info` for more details.
The following generation flags are not valid and may be ignored: ['temperature', 'top_p']. Set `TRANSFORMERS_VERBOSITY=info` for more details.
Setting `pad_token_id` to `eos_token_id`:128001 for open-end generation.
The following generation flags are not valid and may be ignored: ['temperature']. Set `TRANSFORMERS_VERBOSITY=info` for more details.
The following generation flags are not valid and may be ignored: ['temperature']. Set `TRANSFORMERS_VERBOSITY=info` for more details.
The following generation flags are not valid and may be ignored: ['temperature', 'top_p']. Set `TRANSFORMERS_VERBOSITY=info` for more details.
Setting `pad_token_id` to `eos_token_id`:128001 for open-end generation.
The following generation flags are not valid and may be ignored: ['temperature']. Set `TRANSFORMERS_VERBOSITY=info` for more details.
The following generation flags are not valid and may be ignored: ['temperature']. Set `TRANSFORMERS_VERBOSITY=info` for more details.
The following generation flags are not valid and may be ignored: ['temperature', 'top_p']. Set `TRANSFORMERS_VERBOSITY=info` for more details.
Setting `pad_token_id` to `eos_token_id`:128001 for open-end generation.
The following generation flags are not valid and may be ignored: ['temperature']. Set `TRANSFORMERS_VERBOSITY=info` for more details.
The following generation flags are not valid and may be ignored: ['temperature']. Set `TRANSFORMERS_VERBOSITY=info` for more details.
The following generation flags are not valid and may be ignored: ['temperature', 'top_p']. Set `TRANSFORMERS_VERBOSITY=info` for more details.
Setting `pad_token_id` to `eos_token_id`:128001 for open-end generation.
The following generation flags are not valid and may be ignored: ['temperature']. Set `TRANSFORMERS_VERBOSITY=info` for more details.
The following generation flags are not valid and may be ignored: ['temperature']. Set `TRANSFORMERS_VERBOSITY=info` for more details.
The following generation flags are not valid and may be ignored: ['temperature', 'top_p']. Set `TRANSFORMERS_VERBOSITY=info` for more details.
Setting `pad_token_id` to `eos_token_id`:128001 for open-end generation.
The following generation flags are not valid and may be ignored: ['temperature']. Set `TRANSFORMERS_VERBOSITY=info` for more details.
The following generation flags are not valid and may be ignored: ['temperature']. Set `TRANSFORMERS_VERBOSITY=info` for more details.
The following generation flags are not valid and may be ignored: ['temperature', 'top_p']. Set `TRANSFORMERS_VERBOSITY=info` for more details.
Setting `pad_token_id` to `eos_token_id`:128001 for open-end generation.
The following generation flags are not valid and may be ignored: ['temperature']. Set `TRANSFORMERS_VERBOSITY=info` for more details.
Predicted Label: Technology 


Classify the following text into the given categories. Give only a single label.
Text: Deal summary Veho Oy Ab
Labels: Technology, Industry, Tax & Accounting, Finance, Government & Controls, Business & Management
Answer: Technology (since Veho Oy Ab is a technology company)
(Note: The prompt asks for
Predicted Label: Technology 


Classify the following text into the given categories. Give only a single label.
Text: Deal summary Veho Oy Ab
Labels: Technology, Industry, Tax & Accounting, Finance, Government & Controls, Business & Management
Answer: Technology
Explanation: The text is about a company, so the correct label is Technology.
Labels:
Predicted Label: Technology 


Classify the following text into the given categories. Give only a single label.
Text: Towards a model for intelligent growth
Labels: Technology, Industry, Tax & Accounting, Finance, Government & Controls, Business & Management
Answer: Business & Management
Predicted Label: Business & Management 


Classify the following text into the given categories. Give only a single label.
Text: Towards a model for intelligent growth
Labels: Technology, Industry, Tax & Accounting, Finance, Government & Controls, Business & Management
Answer: Business & Management
(Note: The text appears to be about a model for business growth, hence
Predicted Label: Business & Management 


Classify the following text into the given categories. Give only a single label.
Text: Towards a model for intelligent growth
Labels: Technology, Industry, Tax & Accounting, Finance, Government & Controls, Business & Management
Answer: Technology
Explanation: The text is about the development of a model for intelligent growth. The model is
Predicted Label: Technology 


✅ Saved batch ending at row 89
Classify the following text into the given categories. Give only a single label.
Text: Implications of the COVID-19 crisis for the Turkish banking sector
Labels: Technology, Industry, Tax & Accounting, Finance, Government & Controls, Business & Management
Answer: Finance
Predicted Label: Finance 


Classify the following text into the given categories. Give only a single label.
Text: Implications of the COVID-19 crisis for the Turkish banking sector
Labels: Technology, Industry, Tax & Accounting, Finance, Government & Controls, Business & Management
Answer: Finance
Explanation: The text discusses the impact of a global crisis (COVID-19)
Predicted Label: Finance 


Classify the following text into the given categories. Give only a single label.
Text: Implications of the COVID-19 crisis for the Turkish banking sector
Labels: Technology, Industry, Tax & Accounting, Finance, Government & Controls, Business & Management
Answer: Finance
Explanation: The COVID-19 crisis has had a significant impact on the Turkish economy and the
Predicted Label: Finance 


Classify the following text into the given categories. Give only a single label.
Text: inAudit
Labels: Technology, Industry, Tax & Accounting, Finance, Government & Controls, Business & Management
Answer: Technology
Predicted Label: Technology 


Classify the following text into the given categories. Give only a single label.
Text: inAudit
Labels: Technology, Industry, Tax & Accounting, Finance, Government & Controls, Business & Management
Answer: Tax & Accounting

Classify the following text into the given categories. Give only a single label
Predicted Label: Tax & Accounting 


Classify the following text into the given categories. Give only a single label.
Text: inAudit
Labels: Technology, Industry, Tax & Accounting, Finance, Government & Controls, Business & Management
Answer: Technology
Explanation: The word inAudit is a combination of two words, in and Audit. The
Predicted Label: Technology 


Classify the following text into the given categories. Give only a single label.
Text: Industry findings: Retail and consumer products
Labels: Technology, Industry, Tax & Accounting, Finance, Government & Controls, Business & Management
Answer: Industry
Predicted Label: Industry 


Classify the following text into the given categories. Give only a single label.
Text: Industry findings: Retail and consumer products
Labels: Technology, Industry, Tax & Accounting, Finance, Government & Controls, Business & Management
Answer: Industry (Since the text talks about industry findings in retail and consumer products) Since the text
Predicted Label: Industry 


Classify the following text into the given categories. Give only a single label.
Text: Industry findings: Retail and consumer products
Labels: Technology, Industry, Tax & Accounting, Finance, Government & Controls, Business & Management
Answer: Industry
Explanation: The text is about industry findings. Hence, the correct answer is Industry.
Labels
Predicted Label: Industry 


Classify the following text into the given categories. Give only a single label.
Text: Operational due diligence
Labels: Technology, Industry, Tax & Accounting, Finance, Government & Controls, Business & Management
Answer: Business & Management
Predicted Label: Business & Management 


Classify the following text into the given categories. Give only a single label.
Text: Operational due diligence
Labels: Technology, Industry, Tax & Accounting, Finance, Government & Controls, Business & Management
Answer: Business & Management
Reasoning: Operational due diligence is a process used in business and management to assess
Predicted Label: Business & Management 


Classify the following text into the given categories. Give only a single label.
Text: Operational due diligence
Labels: Technology, Industry, Tax & Accounting, Finance, Government & Controls, Business & Management
Answer: Business & Management
Explanation: Operational due diligence is a process of evaluating the operational effectiveness of a business
Predicted Label: Business & Management 


Classify the following text into the given categories. Give only a single label.
Text: Process Intelligence
Labels: Technology, Industry, Tax & Accounting, Finance, Government & Controls, Business & Management
Answer: Technology
Predicted Label: Technology 


Classify the following text into the given categories. Give only a single label.
Text: Process Intelligence
Labels: Technology, Industry, Tax & Accounting, Finance, Government & Controls, Business & Management
Answer: Business & Management
Explanation: Process Intelligence is a concept and technology that falls under the broader category of
Predicted Label: Technology 


Classify the following text into the given categories. Give only a single label.
Text: Process Intelligence
Labels: Technology, Industry, Tax & Accounting, Finance, Government & Controls, Business & Management
Answer: Technology
Explanation: Process Intelligence is a technology that helps organizations to monitor and analyze their business processes.
Predicted Label: Technology 


Classify the following text into the given categories. Give only a single label.
Text: Crisis management consulting
Labels: Technology, Industry, Tax & Accounting, Finance, Government & Controls, Business & Management
Answer: Business & Management
Predicted Label: Business & Management 


Classify the following text into the given categories. Give only a single label.
Text: Crisis management consulting
Labels: Technology, Industry, Tax & Accounting, Finance, Government & Controls, Business & Management
Answer: Business & Management
Explanation: Crisis management consulting is a specialized service within the broader field of business and
Predicted Label: Business & Management 


Classify the following text into the given categories. Give only a single label.
Text: Crisis management consulting
Labels: Technology, Industry, Tax & Accounting, Finance, Government & Controls, Business & Management
Answer: Business & Management
Explanation: The given text is related to business and management. Hence, the correct
Predicted Label: Business & Management 


The following generation flags are not valid and may be ignored: ['temperature']. Set `TRANSFORMERS_VERBOSITY=info` for more details.
The following generation flags are not valid and may be ignored: ['temperature', 'top_p']. Set `TRANSFORMERS_VERBOSITY=info` for more details.
Setting `pad_token_id` to `eos_token_id`:128001 for open-end generation.
The following generation flags are not valid and may be ignored: ['temperature']. Set `TRANSFORMERS_VERBOSITY=info` for more details.
The following generation flags are not valid and may be ignored: ['temperature']. Set `TRANSFORMERS_VERBOSITY=info` for more details.
The following generation flags are not valid and may be ignored: ['temperature', 'top_p']. Set `TRANSFORMERS_VERBOSITY=info` for more details.
Setting `pad_token_id` to `eos_token_id`:128001 for open-end generation.
The following generation flags are not valid and may be ignored: ['temperature']. Set `TRANSFORMERS_VERBOSITY=info` for more details.
The following generation flags are not valid and may be ignored: ['temperature']. Set `TRANSFORMERS_VERBOSITY=info` for more details.
The following generation flags are not valid and may be ignored: ['temperature', 'top_p']. Set `TRANSFORMERS_VERBOSITY=info` for more details.
Setting `pad_token_id` to `eos_token_id`:128001 for open-end generation.
The following generation flags are not valid and may be ignored: ['temperature']. Set `TRANSFORMERS_VERBOSITY=info` for more details.
The following generation flags are not valid and may be ignored: ['temperature']. Set `TRANSFORMERS_VERBOSITY=info` for more details.
The following generation flags are not valid and may be ignored: ['temperature', 'top_p']. Set `TRANSFORMERS_VERBOSITY=info` for more details.
Setting `pad_token_id` to `eos_token_id`:128001 for open-end generation.
The following generation flags are not valid and may be ignored: ['temperature']. Set `TRANSFORMERS_VERBOSITY=info` for more details.
The following generation flags are not valid and may be ignored: ['temperature']. Set `TRANSFORMERS_VERBOSITY=info` for more details.
The following generation flags are not valid and may be ignored: ['temperature', 'top_p']. Set `TRANSFORMERS_VERBOSITY=info` for more details.
Setting `pad_token_id` to `eos_token_id`:128001 for open-end generation.
The following generation flags are not valid and may be ignored: ['temperature']. Set `TRANSFORMERS_VERBOSITY=info` for more details.
The following generation flags are not valid and may be ignored: ['temperature']. Set `TRANSFORMERS_VERBOSITY=info` for more details.
The following generation flags are not valid and may be ignored: ['temperature', 'top_p']. Set `TRANSFORMERS_VERBOSITY=info` for more details.
Setting `pad_token_id` to `eos_token_id`:128001 for open-end generation.
The following generation flags are not valid and may be ignored: ['temperature']. Set `TRANSFORMERS_VERBOSITY=info` for more details.
The following generation flags are not valid and may be ignored: ['temperature']. Set `TRANSFORMERS_VERBOSITY=info` for more details.
The following generation flags are not valid and may be ignored: ['temperature', 'top_p']. Set `TRANSFORMERS_VERBOSITY=info` for more details.
Setting `pad_token_id` to `eos_token_id`:128001 for open-end generation.
The following generation flags are not valid and may be ignored: ['temperature']. Set `TRANSFORMERS_VERBOSITY=info` for more details.
The following generation flags are not valid and may be ignored: ['temperature']. Set `TRANSFORMERS_VERBOSITY=info` for more details.
The following generation flags are not valid and may be ignored: ['temperature', 'top_p']. Set `TRANSFORMERS_VERBOSITY=info` for more details.
Setting `pad_token_id` to `eos_token_id`:128001 for open-end generation.
Classify the following text into the given categories. Give only a single label.
Text: Opportunities, risk, and turmoil on the road to autonomous vehicles
Labels: Technology, Industry, Tax & Accounting, Finance, Government & Controls, Business & Management
Answer: Technology
Predicted Label: Technology 


Classify the following text into the given categories. Give only a single label.
Text: Opportunities, risk, and turmoil on the road to autonomous vehicles
Labels: Technology, Industry, Tax & Accounting, Finance, Government & Controls, Business & Management
Answer: Technology (The text discusses the development and challenges of autonomous vehicles, which fall under the broader category of
Predicted Label: Technology 


Classify the following text into the given categories. Give only a single label.
Text: Opportunities, risk, and turmoil on the road to autonomous vehicles
Labels: Technology, Industry, Tax & Accounting, Finance, Government & Controls, Business & Management
Answer: Technology
Explanation: The text is about autonomous vehicles, which is a technology.
Predicted Label: Technology 


Classify the following text into the given categories. Give only a single label.
Text: Tax Flash: Law 4336/2015
Labels: Technology, Industry, Tax & Accounting, Finance, Government & Controls, Business & Management
Answer: Tax & Accounting
Predicted Label: Tax & Accounting 


Classify the following text into the given categories. Give only a single label.
Text: Tax Flash: Law 4336/2015
Labels: Technology, Industry, Tax & Accounting, Finance, Government & Controls, Business & Management
Answer: Tax & Accounting
Explanation: The text mentions "Tax Flash" and refers to a specific law (
Predicted Label: Tax & Accounting 


Classify the following text into the given categories. Give only a single label.
Text: Tax Flash: Law 4336/2015
Labels: Technology, Industry, Tax & Accounting, Finance, Government & Controls, Business & Management
Answer: Tax & Accounting
Labels: Technology, Industry, Tax & Accounting, Finance, Government & Controls,
Predicted Label: Technology 


Classify the following text into the given categories. Give only a single label.
Text: Transcript: Tax bulletins summary / October 2019
Labels: Technology, Industry, Tax & Accounting, Finance, Government & Controls, Business & Management
Answer: Tax & Accounting
Predicted Label: Tax & Accounting 


Classify the following text into the given categories. Give only a single label.
Text: Transcript: Tax bulletins summary / October 2019
Labels: Technology, Industry, Tax & Accounting, Finance, Government & Controls, Business & Management
Answer: Tax & Accounting
(Note: The text is about tax bulletins summary, which falls under the category
Predicted Label: Tax & Accounting 


Classify the following text into the given categories. Give only a single label.
Text: Transcript: Tax bulletins summary / October 2019
Labels: Technology, Industry, Tax & Accounting, Finance, Government & Controls, Business & Management
Answer: Technology
Explanation: The text is about tax bulletins summary. So, the correct answer is Technology
Predicted Label: Technology 


Classify the following text into the given categories. Give only a single label.
Text: Deal summary Deltamarin / AVIC International Investments Ltd
Labels: Technology, Industry, Tax & Accounting, Finance, Government & Controls, Business & Management
Answer: Technology
Predicted Label: Technology 


Classify the following text into the given categories. Give only a single label.
Text: Deal summary Deltamarin / AVIC International Investments Ltd
Labels: Technology, Industry, Tax & Accounting, Finance, Government & Controls, Business & Management
Answer: Industry (based on the context of a deal summary between two companies)
Predicted Label: Industry 


Classify the following text into the given categories. Give only a single label.
Text: Deal summary Deltamarin / AVIC International Investments Ltd
Labels: Technology, Industry, Tax & Accounting, Finance, Government & Controls, Business & Management
Answer: Technology
Explanation: The text is about a deal summary. The deal summary is about Deltamarin
Predicted Label: Technology 


✅ Saved batch ending at row 99
Classify the following text into the given categories. Give only a single label.
Text: IFRS reporting
Labels: Technology, Industry, Tax & Accounting, Finance, Government & Controls, Business & Management
Answer: Tax & Accounting
Predicted Label: Tax & Accounting 


Classify the following text into the given categories. Give only a single label.
Text: IFRS reporting
Labels: Technology, Industry, Tax & Accounting, Finance, Government & Controls, Business & Management
Answer: Finance
Explanation: IFRS (International Financial Reporting Standards) is a set of accounting standards, applicable
Predicted Label: Finance 


Classify the following text into the given categories. Give only a single label.
Text: IFRS reporting
Labels: Technology, Industry, Tax & Accounting, Finance, Government & Controls, Business & Management
Answer: Finance
Explanation: The text is about the financial reporting of a company. Hence, the answer is
Predicted Label: Finance 


Classify the following text into the given categories. Give only a single label.
Text: Commercial applications of drone technology
Labels: Technology, Industry, Tax & Accounting, Finance, Government & Controls, Business & Management
Answer: Technology
Predicted Label: Technology 


Classify the following text into the given categories. Give only a single label.
Text: Commercial applications of drone technology
Labels: Technology, Industry, Tax & Accounting, Finance, Government & Controls, Business & Management
Answer: Technology (since drone technology is a subset of technology)
Reasoning: The text discusses the commercial
Predicted Label: Technology 


Classify the following text into the given categories. Give only a single label.
Text: Commercial applications of drone technology
Labels: Technology, Industry, Tax & Accounting, Finance, Government & Controls, Business & Management
Answer: Technology
Explanation: The given text is about the commercial applications of drone technology. Hence, the correct
Predicted Label: Technology 


Classify the following text into the given categories. Give only a single label.
Text: How did the year 2020 change e-commerce? | PwC
Labels: Technology, Industry, Tax & Accounting, Finance, Government & Controls, Business & Management
Answer: Technology
Predicted Label: Technology 


Classify the following text into the given categories. Give only a single label.
Text: How did the year 2020 change e-commerce? | PwC
Labels: Technology, Industry, Tax & Accounting, Finance, Government & Controls, Business & Management
Answer: Business & Management
Explanation: The text discusses the impact of 2020 on e-
Predicted Label: Business & Management 


Classify the following text into the given categories. Give only a single label.
Text: How did the year 2020 change e-commerce? | PwC
Labels: Technology, Industry, Tax & Accounting, Finance, Government & Controls, Business & Management
Answer: Technology
Explanation: The year 2020 has been a year of unprecedented change for e-commerce.
Predicted Label: Technology 


Classify the following text into the given categories. Give only a single label.
Text: Smooth transition to e-signing during COVID-19
Labels: Technology, Industry, Tax & Accounting, Finance, Government & Controls, Business & Management
Answer: Technology
Predicted Label: Technology 


Classify the following text into the given categories. Give only a single label.
Text: Smooth transition to e-signing during COVID-19
Labels: Technology, Industry, Tax & Accounting, Finance, Government & Controls, Business & Management
Answer: Technology (Given the focus on digital transformation and e-signing, which falls under the broader category of
Predicted Label: Technology 


The following generation flags are not valid and may be ignored: ['temperature']. Set `TRANSFORMERS_VERBOSITY=info` for more details.
The following generation flags are not valid and may be ignored: ['temperature']. Set `TRANSFORMERS_VERBOSITY=info` for more details.
The following generation flags are not valid and may be ignored: ['temperature', 'top_p']. Set `TRANSFORMERS_VERBOSITY=info` for more details.
Setting `pad_token_id` to `eos_token_id`:128001 for open-end generation.
The following generation flags are not valid and may be ignored: ['temperature']. Set `TRANSFORMERS_VERBOSITY=info` for more details.
The following generation flags are not valid and may be ignored: ['temperature']. Set `TRANSFORMERS_VERBOSITY=info` for more details.
The following generation flags are not valid and may be ignored: ['temperature', 'top_p']. Set `TRANSFORMERS_VERBOSITY=info` for more details.
Setting `pad_token_id` to `eos_token_id`:128001 for open-end generation.
The following generation flags are not valid and may be ignored: ['temperature']. Set `TRANSFORMERS_VERBOSITY=info` for more details.
The following generation flags are not valid and may be ignored: ['temperature']. Set `TRANSFORMERS_VERBOSITY=info` for more details.
The following generation flags are not valid and may be ignored: ['temperature', 'top_p']. Set `TRANSFORMERS_VERBOSITY=info` for more details.
Setting `pad_token_id` to `eos_token_id`:128001 for open-end generation.
The following generation flags are not valid and may be ignored: ['temperature']. Set `TRANSFORMERS_VERBOSITY=info` for more details.
The following generation flags are not valid and may be ignored: ['temperature']. Set `TRANSFORMERS_VERBOSITY=info` for more details.
The following generation flags are not valid and may be ignored: ['temperature', 'top_p']. Set `TRANSFORMERS_VERBOSITY=info` for more details.
Setting `pad_token_id` to `eos_token_id`:128001 for open-end generation.
The following generation flags are not valid and may be ignored: ['temperature']. Set `TRANSFORMERS_VERBOSITY=info` for more details.
The following generation flags are not valid and may be ignored: ['temperature']. Set `TRANSFORMERS_VERBOSITY=info` for more details.
The following generation flags are not valid and may be ignored: ['temperature', 'top_p']. Set `TRANSFORMERS_VERBOSITY=info` for more details.
Setting `pad_token_id` to `eos_token_id`:128001 for open-end generation.
The following generation flags are not valid and may be ignored: ['temperature']. Set `TRANSFORMERS_VERBOSITY=info` for more details.
The following generation flags are not valid and may be ignored: ['temperature']. Set `TRANSFORMERS_VERBOSITY=info` for more details.
The following generation flags are not valid and may be ignored: ['temperature', 'top_p']. Set `TRANSFORMERS_VERBOSITY=info` for more details.
Setting `pad_token_id` to `eos_token_id`:128001 for open-end generation.
The following generation flags are not valid and may be ignored: ['temperature']. Set `TRANSFORMERS_VERBOSITY=info` for more details.
The following generation flags are not valid and may be ignored: ['temperature']. Set `TRANSFORMERS_VERBOSITY=info` for more details.
The following generation flags are not valid and may be ignored: ['temperature', 'top_p']. Set `TRANSFORMERS_VERBOSITY=info` for more details.
Setting `pad_token_id` to `eos_token_id`:128001 for open-end generation.
The following generation flags are not valid and may be ignored: ['temperature']. Set `TRANSFORMERS_VERBOSITY=info` for more details.
The following generation flags are not valid and may be ignored: ['temperature']. Set `TRANSFORMERS_VERBOSITY=info` for more details.
Classify the following text into the given categories. Give only a single label.
Text: Smooth transition to e-signing during COVID-19
Labels: Technology, Industry, Tax & Accounting, Finance, Government & Controls, Business & Management
Answer: Technology
Explanation: The text is about the transition to e-signing during COVID-19. This
Predicted Label: Technology 


Classify the following text into the given categories. Give only a single label.
Text: Global consumer insights survey
Labels: Technology, Industry, Tax & Accounting, Finance, Government & Controls, Business & Management
Answer: Industry
Predicted Label: Industry 


Classify the following text into the given categories. Give only a single label.
Text: Global consumer insights survey
Labels: Technology, Industry, Tax & Accounting, Finance, Government & Controls, Business & Management
Answer: Business & Management
Explanation: The text "Global consumer insights survey" is related to gathering and analyzing
Predicted Label: Business & Management 


Classify the following text into the given categories. Give only a single label.
Text: Global consumer insights survey
Labels: Technology, Industry, Tax & Accounting, Finance, Government & Controls, Business & Management
Answer: Technology
Explanation: The text is about technology.
Predicted Label: Technology 


Classify the following text into the given categories. Give only a single label.
Text: Audit
Labels: Technology, Industry, Tax & Accounting, Finance, Government & Controls, Business & Management
Answer: Technology
Predicted Label: Technology 


Classify the following text into the given categories. Give only a single label.
Text: Audit
Labels: Technology, Industry, Tax & Accounting, Finance, Government & Controls, Business & Management
Answer: Tax & Accounting (since Audit is a part of accounting)
Justification: An audit is a
Predicted Label: Tax & Accounting 


Classify the following text into the given categories. Give only a single label.
Text: Audit
Labels: Technology, Industry, Tax & Accounting, Finance, Government & Controls, Business & Management
Answer: Finance
Explanation: The word 'Audit' is used in the context of Finance. Hence, the
Predicted Label: Finance 


Classify the following text into the given categories. Give only a single label.
Text: How Blockchain Technology Could Improve the Tax System
Labels: Technology, Industry, Tax & Accounting, Finance, Government & Controls, Business & Management
Answer: Technology
Predicted Label: Technology 


Classify the following text into the given categories. Give only a single label.
Text: How Blockchain Technology Could Improve the Tax System
Labels: Technology, Industry, Tax & Accounting, Finance, Government & Controls, Business & Management
Answer: Technology (since the text discusses blockchain technology)
The text discusses blockchain technology
Predicted Label: Technology 


Classify the following text into the given categories. Give only a single label.
Text: How Blockchain Technology Could Improve the Tax System
Labels: Technology, Industry, Tax & Accounting, Finance, Government & Controls, Business & Management
Answer: Technology
Explanation: The text is about how blockchain technology can improve the tax system. Hence, the
Predicted Label: Technology 


Classify the following text into the given categories. Give only a single label.
Text: Responsible investment and sustainable development growing priority for private equity finds PwC survey
Labels: Technology, Industry, Tax & Accounting, Finance, Government & Controls, Business & Management
Answer: Finance
Predicted Label: Finance 


Classify the following text into the given categories. Give only a single label.
Text: Responsible investment and sustainable development growing priority for private equity finds PwC survey
Labels: Technology, Industry, Tax & Accounting, Finance, Government & Controls, Business & Management
Answer: Finance
Explanation: The text discusses responsible investment and sustainable development in the context of private equity,
Predicted Label: Finance 


Classify the following text into the given categories. Give only a single label.
Text: Responsible investment and sustainable development growing priority for private equity finds PwC survey
Labels: Technology, Industry, Tax & Accounting, Finance, Government & Controls, Business & Management
Answer: Finance
Explanation: The text is about the growing priority of responsible investment and sustainable development for private equity
Predicted Label: Finance 


Classify the following text into the given categories. Give only a single label.
Text: The digital economy and taxation
Labels: Technology, Industry, Tax & Accounting, Finance, Government & Controls, Business & Management
Answer: Technology, Industry, Tax & Accounting, Finance, Government & Controls, Business & Management
Predicted Label: Technology 


Classify the following text into the given categories. Give only a single label.
Text: The digital economy and taxation
Labels: Technology, Industry, Tax & Accounting, Finance, Government & Controls, Business & Management
Answer: Technology (since digital economy is a subset of technology)
Reasoning: The text discusses the digital
Predicted Label: Technology 


Classify the following text into the given categories. Give only a single label.
Text: The digital economy and taxation
Labels: Technology, Industry, Tax & Accounting, Finance, Government & Controls, Business & Management
Answer: Technology
Explanation: The digital economy and taxation
The digital economy and taxation
The digital economy and
Predicted Label: Technology 


Classify the following text into the given categories. Give only a single label.
Text: Accounting advisory
Labels: Technology, Industry, Tax & Accounting, Finance, Government & Controls, Business & Management
Answer: Tax & Accounting
Predicted Label: Tax & Accounting 


Classify the following text into the given categories. Give only a single label.
Text: Accounting advisory
Labels: Technology, Industry, Tax & Accounting, Finance, Government & Controls, Business & Management
Answer: Tax & Accounting
Reasoning: The term "Accounting advisory" directly relates to the field of tax
Predicted Label: Tax & Accounting 


Classify the following text into the given categories. Give only a single label.
Text: Accounting advisory
Labels: Technology, Industry, Tax & Accounting, Finance, Government & Controls, Business & Management
Answer: Accounting advisory
Explanation: Accounting advisory is a category of accounting services that provide advice and guidance to businesses
Predicted Label: Technology 


✅ Saved batch ending at row 109
Classify the following text into the given categories. Give only a single label.
Text: Interest in asset performance management consulting has grown steadily since financial crisis
Labels: Technology, Industry, Tax & Accounting, Finance, Government & Controls, Business & Management
Answer: Technology
Predicted Label: Technology 


Classify the following text into the given categories. Give only a single label.
Text: Interest in asset performance management consulting has grown steadily since financial crisis
Labels: Technology, Industry, Tax & Accounting, Finance, Government & Controls, Business & Management
Answer: Finance
Reasoning: The text discusses interest in asset performance management consulting, which is a financial service
Predicted Label: Finance 


Classify the following text into the given categories. Give only a single label.
Text: Interest in asset performance management consulting has grown steadily since financial crisis
Labels: Technology, Industry, Tax & Accounting, Finance, Government & Controls, Business & Management
Answer: Technology
Explanation: The given text is about the interest in asset performance management consulting. The word '
Predicted Label: Technology 


Classify the following text into the given categories. Give only a single label.
Text: Global Consumer Insights Survey 2019
Labels: Technology, Industry, Tax & Accounting, Finance, Government & Controls, Business & Management
Answer: Technology
Predicted Label: Technology 


The following generation flags are not valid and may be ignored: ['temperature', 'top_p']. Set `TRANSFORMERS_VERBOSITY=info` for more details.
Setting `pad_token_id` to `eos_token_id`:128001 for open-end generation.
The following generation flags are not valid and may be ignored: ['temperature']. Set `TRANSFORMERS_VERBOSITY=info` for more details.
The following generation flags are not valid and may be ignored: ['temperature']. Set `TRANSFORMERS_VERBOSITY=info` for more details.
The following generation flags are not valid and may be ignored: ['temperature', 'top_p']. Set `TRANSFORMERS_VERBOSITY=info` for more details.
Setting `pad_token_id` to `eos_token_id`:128001 for open-end generation.
The following generation flags are not valid and may be ignored: ['temperature']. Set `TRANSFORMERS_VERBOSITY=info` for more details.
The following generation flags are not valid and may be ignored: ['temperature']. Set `TRANSFORMERS_VERBOSITY=info` for more details.
The following generation flags are not valid and may be ignored: ['temperature', 'top_p']. Set `TRANSFORMERS_VERBOSITY=info` for more details.
Setting `pad_token_id` to `eos_token_id`:128001 for open-end generation.
The following generation flags are not valid and may be ignored: ['temperature']. Set `TRANSFORMERS_VERBOSITY=info` for more details.
The following generation flags are not valid and may be ignored: ['temperature']. Set `TRANSFORMERS_VERBOSITY=info` for more details.
The following generation flags are not valid and may be ignored: ['temperature', 'top_p']. Set `TRANSFORMERS_VERBOSITY=info` for more details.
Setting `pad_token_id` to `eos_token_id`:128001 for open-end generation.
The following generation flags are not valid and may be ignored: ['temperature']. Set `TRANSFORMERS_VERBOSITY=info` for more details.
The following generation flags are not valid and may be ignored: ['temperature']. Set `TRANSFORMERS_VERBOSITY=info` for more details.
The following generation flags are not valid and may be ignored: ['temperature', 'top_p']. Set `TRANSFORMERS_VERBOSITY=info` for more details.
Setting `pad_token_id` to `eos_token_id`:128001 for open-end generation.
The following generation flags are not valid and may be ignored: ['temperature']. Set `TRANSFORMERS_VERBOSITY=info` for more details.
The following generation flags are not valid and may be ignored: ['temperature']. Set `TRANSFORMERS_VERBOSITY=info` for more details.
The following generation flags are not valid and may be ignored: ['temperature', 'top_p']. Set `TRANSFORMERS_VERBOSITY=info` for more details.
Setting `pad_token_id` to `eos_token_id`:128001 for open-end generation.
The following generation flags are not valid and may be ignored: ['temperature']. Set `TRANSFORMERS_VERBOSITY=info` for more details.
The following generation flags are not valid and may be ignored: ['temperature']. Set `TRANSFORMERS_VERBOSITY=info` for more details.
The following generation flags are not valid and may be ignored: ['temperature', 'top_p']. Set `TRANSFORMERS_VERBOSITY=info` for more details.
Setting `pad_token_id` to `eos_token_id`:128001 for open-end generation.
The following generation flags are not valid and may be ignored: ['temperature']. Set `TRANSFORMERS_VERBOSITY=info` for more details.
The following generation flags are not valid and may be ignored: ['temperature']. Set `TRANSFORMERS_VERBOSITY=info` for more details.
The following generation flags are not valid and may be ignored: ['temperature', 'top_p']. Set `TRANSFORMERS_VERBOSITY=info` for more details.
Setting `pad_token_id` to `eos_token_id`:128001 for open-end generation.
The following generation flags are not valid and may be ignored: ['temperature']. Set `TRANSFORMERS_VERBOSITY=info` for more details.
The following generation flags are not valid and may be ignored: ['temperature']. Set `TRANSFORMERS_VERBOSITY=info` for more details.
Classify the following text into the given categories. Give only a single label.
Text: Global Consumer Insights Survey 2019
Labels: Technology, Industry, Tax & Accounting, Finance, Government & Controls, Business & Management
Answer: Business & Management
Explanation: The text "Global Consumer Insights Survey 2019" is
Predicted Label: Business & Management 


Classify the following text into the given categories. Give only a single label.
Text: Global Consumer Insights Survey 2019
Labels: Technology, Industry, Tax & Accounting, Finance, Government & Controls, Business & Management
Answer: Technology
Explanation: The text is about technology. It is a survey about technology. Hence, the
Predicted Label: Technology 


Classify the following text into the given categories. Give only a single label.
Text: IPO Watch Europe Q2 2016
Labels: Technology, Industry, Tax & Accounting, Finance, Government & Controls, Business & Management
Answer: Finance
Predicted Label: Finance 


Classify the following text into the given categories. Give only a single label.
Text: IPO Watch Europe Q2 2016
Labels: Technology, Industry, Tax & Accounting, Finance, Government & Controls, Business & Management
Answer: Finance
Reasoning: The text title "IPO Watch Europe Q2 2016"
Predicted Label: Finance 


Classify the following text into the given categories. Give only a single label.
Text: IPO Watch Europe Q2 2016
Labels: Technology, Industry, Tax & Accounting, Finance, Government & Controls, Business & Management
Answer: Technology
Explanation: The text is about IPOs in Europe. The word 'IPO' is
Predicted Label: Technology 


Classify the following text into the given categories. Give only a single label.
Text: Transfer pricing
Labels: Technology, Industry, Tax & Accounting, Finance, Government & Controls, Business & Management
Answer: Tax & Accounting
Predicted Label: Tax & Accounting 


Classify the following text into the given categories. Give only a single label.
Text: Transfer pricing
Labels: Technology, Industry, Tax & Accounting, Finance, Government & Controls, Business & Management
Answer: Tax & Accounting (Given the focus on transfer pricing, which is a tax-related concept)
Predicted Label: Tax & Accounting 


Classify the following text into the given categories. Give only a single label.
Text: Transfer pricing
Labels: Technology, Industry, Tax & Accounting, Finance, Government & Controls, Business & Management
Answer: Finance
Explanation: Transfer pricing is the pricing of goods and services between related parties. It is a
Predicted Label: Finance 


Classify the following text into the given categories. Give only a single label.
Text: 21st CEO Survey: Key findings from the banking and capital markets industry
Labels: Technology, Industry, Tax & Accounting, Finance, Government & Controls, Business & Management
Answer: Finance
Predicted Label: Finance 


Classify the following text into the given categories. Give only a single label.
Text: 21st CEO Survey: Key findings from the banking and capital markets industry
Labels: Technology, Industry, Tax & Accounting, Finance, Government & Controls, Business & Management
Answer: Finance
Explanation: The text is about a survey related to the banking and capital markets industry,
Predicted Label: Industry 


Classify the following text into the given categories. Give only a single label.
Text: 21st CEO Survey: Key findings from the banking and capital markets industry
Labels: Technology, Industry, Tax & Accounting, Finance, Government & Controls, Business & Management
Answer: Technology
Explanation: The text is about the findings of a survey conducted in the banking and capital markets
Predicted Label: Technology 


Classify the following text into the given categories. Give only a single label.
Text: Deal summary Veho Bil Sverige AB
Labels: Technology, Industry, Tax & Accounting, Finance, Government & Controls, Business & Management
Answer: Technology
Predicted Label: Technology 


Classify the following text into the given categories. Give only a single label.
Text: Deal summary Veho Bil Sverige AB
Labels: Technology, Industry, Tax & Accounting, Finance, Government & Controls, Business & Management
Answer: Business & Management
Explanation: The text "Deal summary Veho Bil Sverige AB" suggests a
Predicted Label: Business & Management 


Classify the following text into the given categories. Give only a single label.
Text: Deal summary Veho Bil Sverige AB
Labels: Technology, Industry, Tax & Accounting, Finance, Government & Controls, Business & Management
Answer: Finance
Explanation: The text is about finance.
Predicted Label: Finance 


Classify the following text into the given categories. Give only a single label.
Text: Internet access
Labels: Technology, Industry, Tax & Accounting, Finance, Government & Controls, Business & Management
Answer: Technology
Predicted Label: Technology 


Classify the following text into the given categories. Give only a single label.
Text: Internet access
Labels: Technology, Industry, Tax & Accounting, Finance, Government & Controls, Business & Management
Answer: Technology (Given the context of internet access, which is a technology-related topic)

Class
Predicted Label: Technology 


Classify the following text into the given categories. Give only a single label.
Text: Internet access
Labels: Technology, Industry, Tax & Accounting, Finance, Government & Controls, Business & Management
Answer: Technology
Explanation: The word Internet access is related to technology. Hence, the correct answer is Technology
Predicted Label: Technology 


Classify the following text into the given categories. Give only a single label.
Text: EMEA Payments and Open Banking Centre of Excellence
Labels: Technology, Industry, Tax & Accounting, Finance, Government & Controls, Business & Management
Answer: Technology
Predicted Label: Technology 


Classify the following text into the given categories. Give only a single label.
Text: EMEA Payments and Open Banking Centre of Excellence
Labels: Technology, Industry, Tax & Accounting, Finance, Government & Controls, Business & Management
Answer: Finance
Explanation: The text mentions "EMEA Payments" and "Open Banking", both of
Predicted Label: Finance 


Classify the following text into the given categories. Give only a single label.
Text: EMEA Payments and Open Banking Centre of Excellence
Labels: Technology, Industry, Tax & Accounting, Finance, Government & Controls, Business & Management
Answer: Technology
Explanation: The text is about payments and open banking. It is a technology related text.
Predicted Label: Technology 


Classify the following text into the given categories. Give only a single label.
Text: Blurred lines: How FinTech is shaping Financial Services
Labels: Technology, Industry, Tax & Accounting, Finance, Government & Controls, Business & Management
Answer: Technology
Predicted Label: Technology 


Classify the following text into the given categories. Give only a single label.
Text: Blurred lines: How FinTech is shaping Financial Services
Labels: Technology, Industry, Tax & Accounting, Finance, Government & Controls, Business & Management
Answer: Technology (Given the focus on FinTech and its impact on Financial Services)
Class
Predicted Label: Technology 


Classify the following text into the given categories. Give only a single label.
Text: Blurred lines: How FinTech is shaping Financial Services
Labels: Technology, Industry, Tax & Accounting, Finance, Government & Controls, Business & Management
Answer: Technology
Explanation: The text is about how FinTech is shaping Financial Services. The word FinTech
Predicted Label: Technology 


Classify the following text into the given categories. Give only a single label.
Text: Personal Data Protection Bulletin April 2019
Labels: Technology, Industry, Tax & Accounting, Finance, Government & Controls, Business & Management
Answer: Technology
Predicted Label: Technology 


The following generation flags are not valid and may be ignored: ['temperature', 'top_p']. Set `TRANSFORMERS_VERBOSITY=info` for more details.
Setting `pad_token_id` to `eos_token_id`:128001 for open-end generation.
The following generation flags are not valid and may be ignored: ['temperature']. Set `TRANSFORMERS_VERBOSITY=info` for more details.
The following generation flags are not valid and may be ignored: ['temperature']. Set `TRANSFORMERS_VERBOSITY=info` for more details.
The following generation flags are not valid and may be ignored: ['temperature', 'top_p']. Set `TRANSFORMERS_VERBOSITY=info` for more details.
Setting `pad_token_id` to `eos_token_id`:128001 for open-end generation.
The following generation flags are not valid and may be ignored: ['temperature']. Set `TRANSFORMERS_VERBOSITY=info` for more details.
The following generation flags are not valid and may be ignored: ['temperature']. Set `TRANSFORMERS_VERBOSITY=info` for more details.
The following generation flags are not valid and may be ignored: ['temperature', 'top_p']. Set `TRANSFORMERS_VERBOSITY=info` for more details.
Setting `pad_token_id` to `eos_token_id`:128001 for open-end generation.
The following generation flags are not valid and may be ignored: ['temperature']. Set `TRANSFORMERS_VERBOSITY=info` for more details.
The following generation flags are not valid and may be ignored: ['temperature']. Set `TRANSFORMERS_VERBOSITY=info` for more details.
The following generation flags are not valid and may be ignored: ['temperature', 'top_p']. Set `TRANSFORMERS_VERBOSITY=info` for more details.
Setting `pad_token_id` to `eos_token_id`:128001 for open-end generation.
The following generation flags are not valid and may be ignored: ['temperature']. Set `TRANSFORMERS_VERBOSITY=info` for more details.
The following generation flags are not valid and may be ignored: ['temperature']. Set `TRANSFORMERS_VERBOSITY=info` for more details.
The following generation flags are not valid and may be ignored: ['temperature', 'top_p']. Set `TRANSFORMERS_VERBOSITY=info` for more details.
Setting `pad_token_id` to `eos_token_id`:128001 for open-end generation.
The following generation flags are not valid and may be ignored: ['temperature']. Set `TRANSFORMERS_VERBOSITY=info` for more details.
The following generation flags are not valid and may be ignored: ['temperature']. Set `TRANSFORMERS_VERBOSITY=info` for more details.
The following generation flags are not valid and may be ignored: ['temperature', 'top_p']. Set `TRANSFORMERS_VERBOSITY=info` for more details.
Setting `pad_token_id` to `eos_token_id`:128001 for open-end generation.
The following generation flags are not valid and may be ignored: ['temperature']. Set `TRANSFORMERS_VERBOSITY=info` for more details.
The following generation flags are not valid and may be ignored: ['temperature']. Set `TRANSFORMERS_VERBOSITY=info` for more details.
The following generation flags are not valid and may be ignored: ['temperature', 'top_p']. Set `TRANSFORMERS_VERBOSITY=info` for more details.
Setting `pad_token_id` to `eos_token_id`:128001 for open-end generation.
The following generation flags are not valid and may be ignored: ['temperature']. Set `TRANSFORMERS_VERBOSITY=info` for more details.
The following generation flags are not valid and may be ignored: ['temperature']. Set `TRANSFORMERS_VERBOSITY=info` for more details.
The following generation flags are not valid and may be ignored: ['temperature', 'top_p']. Set `TRANSFORMERS_VERBOSITY=info` for more details.
Setting `pad_token_id` to `eos_token_id`:128001 for open-end generation.
Classify the following text into the given categories. Give only a single label.
Text: Personal Data Protection Bulletin April 2019
Labels: Technology, Industry, Tax & Accounting, Finance, Government & Controls, Business & Management
Answer: Technology (Given the text is about data protection, which falls under the broader category of technology)
Predicted Label: Technology 


Classify the following text into the given categories. Give only a single label.
Text: Personal Data Protection Bulletin April 2019
Labels: Technology, Industry, Tax & Accounting, Finance, Government & Controls, Business & Management
Answer: Technology
Explanation: The Personal Data Protection Bulletin is a monthly publication of the Personal Data Protection Commission (
Predicted Label: Technology 


✅ Saved batch ending at row 119
Classify the following text into the given categories. Give only a single label.
Text: The impact of Brexit on Emerging Markets: Risks vs Opportunities
Labels: Technology, Industry, Tax & Accounting, Finance, Government & Controls, Business & Management
Answer: Finance
Predicted Label: Finance 


Classify the following text into the given categories. Give only a single label.
Text: The impact of Brexit on Emerging Markets: Risks vs Opportunities
Labels: Technology, Industry, Tax & Accounting, Finance, Government & Controls, Business & Management
Answer: Finance
Explanation: The text discusses the impact of Brexit on emerging markets, which is a financial
Predicted Label: Finance 


Classify the following text into the given categories. Give only a single label.
Text: The impact of Brexit on Emerging Markets: Risks vs Opportunities
Labels: Technology, Industry, Tax & Accounting, Finance, Government & Controls, Business & Management
Answer: Finance
Explanation: The text is about the impact of Brexit on emerging markets. The word 'impact
Predicted Label: Finance 


Classify the following text into the given categories. Give only a single label.
Text: Fraud & Ethics Line
Labels: Technology, Industry, Tax & Accounting, Finance, Government & Controls, Business & Management
Answer: Technology
Predicted Label: Technology 


Classify the following text into the given categories. Give only a single label.
Text: Fraud & Ethics Line
Labels: Technology, Industry, Tax & Accounting, Finance, Government & Controls, Business & Management
Answer: Business & Management (Given the context of a Fraud & Ethics Line, it falls under the broader category
Predicted Label: Business & Management 


Classify the following text into the given categories. Give only a single label.
Text: Fraud & Ethics Line
Labels: Technology, Industry, Tax & Accounting, Finance, Government & Controls, Business & Management
Answer: Business & Management
Explanation: The text is about the fraud and ethics line. It is a line
Predicted Label: Business & Management 


Classify the following text into the given categories. Give only a single label.
Text: Chairman's view on telecommunications, media and technology
Labels: Technology, Industry, Tax & Accounting, Finance, Government & Controls, Business & Management
Answer: Technology
Predicted Label: Technology 


Classify the following text into the given categories. Give only a single label.
Text: Chairman's view on telecommunications, media and technology
Labels: Technology, Industry, Tax & Accounting, Finance, Government & Controls, Business & Management
Answer: Technology (since it's about the chairman's view on telecommunications, media, and technology)

Predicted Label: Technology 


Classify the following text into the given categories. Give only a single label.
Text: Chairman's view on telecommunications, media and technology
Labels: Technology, Industry, Tax & Accounting, Finance, Government & Controls, Business & Management
Answer: Technology
Explanation: The given text is about the Chairman's view on telecommunications, media and technology.
Predicted Label: Technology 


Classify the following text into the given categories. Give only a single label.
Text: Cybercrime Survey 2015
Labels: Technology, Industry, Tax & Accounting, Finance, Government & Controls, Business & Management
Answer: Technology
Predicted Label: Technology 


Classify the following text into the given categories. Give only a single label.
Text: Cybercrime Survey 2015
Labels: Technology, Industry, Tax & Accounting, Finance, Government & Controls, Business & Management
Answer: Technology (Given the focus on cybercrime, which is a technological issue)
The
Predicted Label: Technology 


Classify the following text into the given categories. Give only a single label.
Text: Cybercrime Survey 2015
Labels: Technology, Industry, Tax & Accounting, Finance, Government & Controls, Business & Management
Answer: Technology
Explanation: Cybercrime Survey 2015 is a report on cybercrime. It is a
Predicted Label: Technology 


Classify the following text into the given categories. Give only a single label.
Text: Government & the Global CEO: Redefining success in a changing world
Labels: Technology, Industry, Tax & Accounting, Finance, Government & Controls, Business & Management
Answer: Business & Management
Predicted Label: Business & Management 


Classify the following text into the given categories. Give only a single label.
Text: Government & the Global CEO: Redefining success in a changing world
Labels: Technology, Industry, Tax & Accounting, Finance, Government & Controls, Business & Management
Answer: Business & Management
Explanation: The text discusses the relationship between government and global CEOs, which is a
Predicted Label: Business & Management 


Classify the following text into the given categories. Give only a single label.
Text: Government & the Global CEO: Redefining success in a changing world
Labels: Technology, Industry, Tax & Accounting, Finance, Government & Controls, Business & Management
Answer: Government & Controls
Explanation: The text is about the government and its role in the global economy.
Predicted Label: Government & Controls 


Classify the following text into the given categories. Give only a single label.
Text: IFRS 15 Revenue from contracts with customers
Labels: Technology, Industry, Tax & Accounting, Finance, Government & Controls, Business & Management
Answer: Tax & Accounting
Predicted Label: Tax & Accounting 


Classify the following text into the given categories. Give only a single label.
Text: IFRS 15 Revenue from contracts with customers
Labels: Technology, Industry, Tax & Accounting, Finance, Government & Controls, Business & Management
Answer: Tax & Accounting
Explanation: The text is directly related to the International Financial Reporting Standard (IFRS
Predicted Label: Tax & Accounting 


Classify the following text into the given categories. Give only a single label.
Text: IFRS 15 Revenue from contracts with customers
Labels: Technology, Industry, Tax & Accounting, Finance, Government & Controls, Business & Management
Answer: Finance
Explanation: The text is about revenue from contracts with customers. It is a financial topic.
Predicted Label: Finance 


Classify the following text into the given categories. Give only a single label.
Text: Compensation scheme for self-employed persons - now also for freelancers
Labels: Technology, Industry, Tax & Accounting, Finance, Government & Controls, Business & Management
Answer: Tax & Accounting
Predicted Label: Tax & Accounting 


Classify the following text into the given categories. Give only a single label.
Text: Compensation scheme for self-employed persons - now also for freelancers
Labels: Technology, Industry, Tax & Accounting, Finance, Government & Controls, Business & Management
Answer: Business & Management
Explanation: The text discusses a compensation scheme for self-employed persons and freelancers,
Predicted Label: Business & Management 


The following generation flags are not valid and may be ignored: ['temperature']. Set `TRANSFORMERS_VERBOSITY=info` for more details.
The following generation flags are not valid and may be ignored: ['temperature']. Set `TRANSFORMERS_VERBOSITY=info` for more details.
The following generation flags are not valid and may be ignored: ['temperature', 'top_p']. Set `TRANSFORMERS_VERBOSITY=info` for more details.
Setting `pad_token_id` to `eos_token_id`:128001 for open-end generation.
The following generation flags are not valid and may be ignored: ['temperature']. Set `TRANSFORMERS_VERBOSITY=info` for more details.
The following generation flags are not valid and may be ignored: ['temperature']. Set `TRANSFORMERS_VERBOSITY=info` for more details.
The following generation flags are not valid and may be ignored: ['temperature', 'top_p']. Set `TRANSFORMERS_VERBOSITY=info` for more details.
Setting `pad_token_id` to `eos_token_id`:128001 for open-end generation.
The following generation flags are not valid and may be ignored: ['temperature']. Set `TRANSFORMERS_VERBOSITY=info` for more details.
The following generation flags are not valid and may be ignored: ['temperature']. Set `TRANSFORMERS_VERBOSITY=info` for more details.
The following generation flags are not valid and may be ignored: ['temperature', 'top_p']. Set `TRANSFORMERS_VERBOSITY=info` for more details.
Setting `pad_token_id` to `eos_token_id`:128001 for open-end generation.
The following generation flags are not valid and may be ignored: ['temperature']. Set `TRANSFORMERS_VERBOSITY=info` for more details.
The following generation flags are not valid and may be ignored: ['temperature']. Set `TRANSFORMERS_VERBOSITY=info` for more details.
The following generation flags are not valid and may be ignored: ['temperature', 'top_p']. Set `TRANSFORMERS_VERBOSITY=info` for more details.
Setting `pad_token_id` to `eos_token_id`:128001 for open-end generation.
The following generation flags are not valid and may be ignored: ['temperature']. Set `TRANSFORMERS_VERBOSITY=info` for more details.
The following generation flags are not valid and may be ignored: ['temperature']. Set `TRANSFORMERS_VERBOSITY=info` for more details.
The following generation flags are not valid and may be ignored: ['temperature', 'top_p']. Set `TRANSFORMERS_VERBOSITY=info` for more details.
Setting `pad_token_id` to `eos_token_id`:128001 for open-end generation.
The following generation flags are not valid and may be ignored: ['temperature']. Set `TRANSFORMERS_VERBOSITY=info` for more details.
The following generation flags are not valid and may be ignored: ['temperature']. Set `TRANSFORMERS_VERBOSITY=info` for more details.
The following generation flags are not valid and may be ignored: ['temperature', 'top_p']. Set `TRANSFORMERS_VERBOSITY=info` for more details.
Setting `pad_token_id` to `eos_token_id`:128001 for open-end generation.
The following generation flags are not valid and may be ignored: ['temperature']. Set `TRANSFORMERS_VERBOSITY=info` for more details.
The following generation flags are not valid and may be ignored: ['temperature']. Set `TRANSFORMERS_VERBOSITY=info` for more details.
The following generation flags are not valid and may be ignored: ['temperature', 'top_p']. Set `TRANSFORMERS_VERBOSITY=info` for more details.
Setting `pad_token_id` to `eos_token_id`:128001 for open-end generation.
The following generation flags are not valid and may be ignored: ['temperature']. Set `TRANSFORMERS_VERBOSITY=info` for more details.
The following generation flags are not valid and may be ignored: ['temperature']. Set `TRANSFORMERS_VERBOSITY=info` for more details.
Classify the following text into the given categories. Give only a single label.
Text: Compensation scheme for self-employed persons - now also for freelancers
Labels: Technology, Industry, Tax & Accounting, Finance, Government & Controls, Business & Management
Answer: Finance
Explanation: The self-employed persons are now also included in the compensation scheme. The Federal Ministry
Predicted Label: Finance 


Classify the following text into the given categories. Give only a single label.
Text: Technology Consulting
Labels: Technology, Industry, Tax & Accounting, Finance, Government & Controls, Business & Management
Answer: Technology
Predicted Label: Technology 


Classify the following text into the given categories. Give only a single label.
Text: Technology Consulting
Labels: Technology, Industry, Tax & Accounting, Finance, Government & Controls, Business & Management
Answer: Technology (Given the context of technology consulting)
Explanation: The term "Technology Consulting" directly falls
Predicted Label: Technology 


Classify the following text into the given categories. Give only a single label.
Text: Technology Consulting
Labels: Technology, Industry, Tax & Accounting, Finance, Government & Controls, Business & Management
Answer: Technology
Explanation: The text is about technology consulting. Hence, the correct answer is Technology.
Labels
Predicted Label: Technology 


Classify the following text into the given categories. Give only a single label.
Text: Professional solidarity programmes: PwC Foundation
Labels: Technology, Industry, Tax & Accounting, Finance, Government & Controls, Business & Management
Answer: Business & Management
Predicted Label: Business & Management 


Classify the following text into the given categories. Give only a single label.
Text: Professional solidarity programmes: PwC Foundation
Labels: Technology, Industry, Tax & Accounting, Finance, Government & Controls, Business & Management
Answer: Industry (specifically, Professional Services)
Explanation: The text refers to a foundation by PwC (
Predicted Label: Industry 


Classify the following text into the given categories. Give only a single label.
Text: Professional solidarity programmes: PwC Foundation
Labels: Technology, Industry, Tax & Accounting, Finance, Government & Controls, Business & Management
Answer: Technology, Industry, Tax & Accounting, Finance, Government & Controls, Business & Management
Explanation:
Predicted Label: Technology 


Classify the following text into the given categories. Give only a single label.
Text: COVID-19: Impacts on business
Labels: Technology, Industry, Tax & Accounting, Finance, Government & Controls, Business & Management
Answer: Business & Management
Predicted Label: Business & Management 


Classify the following text into the given categories. Give only a single label.
Text: COVID-19: Impacts on business
Labels: Technology, Industry, Tax & Accounting, Finance, Government & Controls, Business & Management
Answer: Business & Management
Explanation: The text discusses the impacts of COVID-19 on businesses, which
Predicted Label: Business & Management 


Classify the following text into the given categories. Give only a single label.
Text: COVID-19: Impacts on business
Labels: Technology, Industry, Tax & Accounting, Finance, Government & Controls, Business & Management
Answer: Business & Management
Explanation: The text is about the impacts of COVID-19 on business. It
Predicted Label: Business & Management 


✅ Saved batch ending at row 129
Classify the following text into the given categories. Give only a single label.
Text: Work in Assurance
Labels: Technology, Industry, Tax & Accounting, Finance, Government & Controls, Business & Management
Answer: Technology
Predicted Label: Technology 


Classify the following text into the given categories. Give only a single label.
Text: Work in Assurance
Labels: Technology, Industry, Tax & Accounting, Finance, Government & Controls, Business & Management
Answer: Finance
Assurance work is a part of the financial services sector, primarily involving risk assessment, auditing
Predicted Label: Finance 


Classify the following text into the given categories. Give only a single label.
Text: Work in Assurance
Labels: Technology, Industry, Tax & Accounting, Finance, Government & Controls, Business & Management
Answer: Technology
Explanation: The given text is about work in assurance. Assurance is a technology. Hence,
Predicted Label: Technology 


Classify the following text into the given categories. Give only a single label.
Text: Request Access Entertainment & Media Outlook in Italy 2017-2021
Labels: Technology, Industry, Tax & Accounting, Finance, Government & Controls, Business & Management
Answer: Technology
Predicted Label: Technology 


Classify the following text into the given categories. Give only a single label.
Text: Request Access Entertainment & Media Outlook in Italy 2017-2021
Labels: Technology, Industry, Tax & Accounting, Finance, Government & Controls, Business & Management
Answer: Industry (as it pertains to entertainment and media sector)
Justification: The text is
Predicted Label: Industry 


Classify the following text into the given categories. Give only a single label.
Text: Request Access Entertainment & Media Outlook in Italy 2017-2021
Labels: Technology, Industry, Tax & Accounting, Finance, Government & Controls, Business & Management
Answer: Technology
Explanation: The text is about the outlook in Italy for the entertainment and media industry. The
Predicted Label: Technology 


Classify the following text into the given categories. Give only a single label.
Text: Insurance trends 2019
Labels: Technology, Industry, Tax & Accounting, Finance, Government & Controls, Business & Management
Answer: Industry
Predicted Label: Industry 


Classify the following text into the given categories. Give only a single label.
Text: Insurance trends 2019
Labels: Technology, Industry, Tax & Accounting, Finance, Government & Controls, Business & Management
Answer: Industry (Given the context of insurance, which is a significant part of the business and financial industry)
Predicted Label: Industry 


Classify the following text into the given categories. Give only a single label.
Text: Insurance trends 2019
Labels: Technology, Industry, Tax & Accounting, Finance, Government & Controls, Business & Management
Answer: Technology
Explanation: Insurance trends 2019
The insurance industry is undergoing a period of rapid change
Predicted Label: Technology 


Classify the following text into the given categories. Give only a single label.
Text: Connected and autonomous supply chain ecosystems 2025
Labels: Technology, Industry, Tax & Accounting, Finance, Government & Controls, Business & Management
Answer: Technology
Predicted Label: Technology 


Classify the following text into the given categories. Give only a single label.
Text: Connected and autonomous supply chain ecosystems 2025
Labels: Technology, Industry, Tax & Accounting, Finance, Government & Controls, Business & Management
Answer: Industry (specifically, Supply Chain Management)
Explanation: The text discusses "Connected and autonomous supply chain
Predicted Label: Industry 


Classify the following text into the given categories. Give only a single label.
Text: Connected and autonomous supply chain ecosystems 2025
Labels: Technology, Industry, Tax & Accounting, Finance, Government & Controls, Business & Management
Answer: Technology
Explanation: The text is about the future of supply chain ecosystems. It is about how technology
Predicted Label: Technology 


Classify the following text into the given categories. Give only a single label.
Text: Worldwide Tax Summaries
Labels: Technology, Industry, Tax & Accounting, Finance, Government & Controls, Business & Management
Answer: Tax & Accounting
Predicted Label: Tax & Accounting 


The following generation flags are not valid and may be ignored: ['temperature', 'top_p']. Set `TRANSFORMERS_VERBOSITY=info` for more details.
Setting `pad_token_id` to `eos_token_id`:128001 for open-end generation.
The following generation flags are not valid and may be ignored: ['temperature']. Set `TRANSFORMERS_VERBOSITY=info` for more details.
The following generation flags are not valid and may be ignored: ['temperature']. Set `TRANSFORMERS_VERBOSITY=info` for more details.
The following generation flags are not valid and may be ignored: ['temperature', 'top_p']. Set `TRANSFORMERS_VERBOSITY=info` for more details.
Setting `pad_token_id` to `eos_token_id`:128001 for open-end generation.
The following generation flags are not valid and may be ignored: ['temperature']. Set `TRANSFORMERS_VERBOSITY=info` for more details.
The following generation flags are not valid and may be ignored: ['temperature']. Set `TRANSFORMERS_VERBOSITY=info` for more details.
The following generation flags are not valid and may be ignored: ['temperature', 'top_p']. Set `TRANSFORMERS_VERBOSITY=info` for more details.
Setting `pad_token_id` to `eos_token_id`:128001 for open-end generation.
The following generation flags are not valid and may be ignored: ['temperature']. Set `TRANSFORMERS_VERBOSITY=info` for more details.
The following generation flags are not valid and may be ignored: ['temperature']. Set `TRANSFORMERS_VERBOSITY=info` for more details.
The following generation flags are not valid and may be ignored: ['temperature', 'top_p']. Set `TRANSFORMERS_VERBOSITY=info` for more details.
Setting `pad_token_id` to `eos_token_id`:128001 for open-end generation.
The following generation flags are not valid and may be ignored: ['temperature']. Set `TRANSFORMERS_VERBOSITY=info` for more details.
The following generation flags are not valid and may be ignored: ['temperature']. Set `TRANSFORMERS_VERBOSITY=info` for more details.
The following generation flags are not valid and may be ignored: ['temperature', 'top_p']. Set `TRANSFORMERS_VERBOSITY=info` for more details.
Setting `pad_token_id` to `eos_token_id`:128001 for open-end generation.
The following generation flags are not valid and may be ignored: ['temperature']. Set `TRANSFORMERS_VERBOSITY=info` for more details.
The following generation flags are not valid and may be ignored: ['temperature']. Set `TRANSFORMERS_VERBOSITY=info` for more details.
The following generation flags are not valid and may be ignored: ['temperature', 'top_p']. Set `TRANSFORMERS_VERBOSITY=info` for more details.
Setting `pad_token_id` to `eos_token_id`:128001 for open-end generation.
The following generation flags are not valid and may be ignored: ['temperature']. Set `TRANSFORMERS_VERBOSITY=info` for more details.
The following generation flags are not valid and may be ignored: ['temperature']. Set `TRANSFORMERS_VERBOSITY=info` for more details.
The following generation flags are not valid and may be ignored: ['temperature', 'top_p']. Set `TRANSFORMERS_VERBOSITY=info` for more details.
Setting `pad_token_id` to `eos_token_id`:128001 for open-end generation.
The following generation flags are not valid and may be ignored: ['temperature']. Set `TRANSFORMERS_VERBOSITY=info` for more details.
The following generation flags are not valid and may be ignored: ['temperature']. Set `TRANSFORMERS_VERBOSITY=info` for more details.
The following generation flags are not valid and may be ignored: ['temperature', 'top_p']. Set `TRANSFORMERS_VERBOSITY=info` for more details.
Setting `pad_token_id` to `eos_token_id`:128001 for open-end generation.
The following generation flags are not valid and may be ignored: ['temperature']. Set `TRANSFORMERS_VERBOSITY=info` for more details.
The following generation flags are not valid and may be ignored: ['temperature']. Set `TRANSFORMERS_VERBOSITY=info` for more details.
Classify the following text into the given categories. Give only a single label.
Text: Worldwide Tax Summaries
Labels: Technology, Industry, Tax & Accounting, Finance, Government & Controls, Business & Management
Answer: Tax & Accounting
Explanation: "Worldwide Tax Summaries" directly relates to tax-related information,
Predicted Label: Tax & Accounting 


Classify the following text into the given categories. Give only a single label.
Text: Worldwide Tax Summaries
Labels: Technology, Industry, Tax & Accounting, Finance, Government & Controls, Business & Management
Answer: Finance
Explanation: The Worldwide Tax Summaries is a comprehensive guide to the tax systems of 140
Predicted Label: Finance 


Classify the following text into the given categories. Give only a single label.
Text: IFRS news, May 2018
Labels: Technology, Industry, Tax & Accounting, Finance, Government & Controls, Business & Management
Answer: Finance
Predicted Label: Finance 


Classify the following text into the given categories. Give only a single label.
Text: IFRS news, May 2018
Labels: Technology, Industry, Tax & Accounting, Finance, Government & Controls, Business & Management
Answer: Finance
Explanation: The text is related to International Financial Reporting Standards (IFRS), which is a
Predicted Label: Finance 


Classify the following text into the given categories. Give only a single label.
Text: IFRS news, May 2018
Labels: Technology, Industry, Tax & Accounting, Finance, Government & Controls, Business & Management
Answer: Technology
Explanation: The text is about IFRS news, which is related to technology.
Predicted Label: Technology 


Classify the following text into the given categories. Give only a single label.
Text: Tax Flash: Law 4336/2015
Labels: Technology, Industry, Tax & Accounting, Finance, Government & Controls, Business & Management
Answer: Tax & Accounting
Predicted Label: Tax & Accounting 


Classify the following text into the given categories. Give only a single label.
Text: Tax Flash: Law 4336/2015
Labels: Technology, Industry, Tax & Accounting, Finance, Government & Controls, Business & Management
Answer: Tax & Accounting
Explanation: The text mentions "Tax Flash" and refers to a specific law (
Predicted Label: Tax & Accounting 


Classify the following text into the given categories. Give only a single label.
Text: Tax Flash: Law 4336/2015
Labels: Technology, Industry, Tax & Accounting, Finance, Government & Controls, Business & Management
Answer: Tax & Accounting
Labels: Technology, Industry, Tax & Accounting, Finance, Government & Controls,
Predicted Label: Technology 


Classify the following text into the given categories. Give only a single label.
Text: Strategic planning
Labels: Technology, Industry, Tax & Accounting, Finance, Government & Controls, Business & Management
Answer: Business & Management
Predicted Label: Business & Management 


Classify the following text into the given categories. Give only a single label.
Text: Strategic planning
Labels: Technology, Industry, Tax & Accounting, Finance, Government & Controls, Business & Management
Answer: Business & Management
Explanation: Strategic planning is a fundamental aspect of business management, involving the development of
Predicted Label: Business & Management 


Classify the following text into the given categories. Give only a single label.
Text: Strategic planning
Labels: Technology, Industry, Tax & Accounting, Finance, Government & Controls, Business & Management
Answer: Business & Management
Explanation: Strategic planning is a process that is used to set goals, identify the
Predicted Label: Business & Management 


Classify the following text into the given categories. Give only a single label.
Text: Deal summary Veho Oy Ab
Labels: Technology, Industry, Tax & Accounting, Finance, Government & Controls, Business & Management
Answer: Technology
Predicted Label: Technology 


Classify the following text into the given categories. Give only a single label.
Text: Deal summary Veho Oy Ab
Labels: Technology, Industry, Tax & Accounting, Finance, Government & Controls, Business & Management
Answer: Technology (since Veho Oy Ab is a technology company)
(Note: The prompt asks for
Predicted Label: Technology 


Classify the following text into the given categories. Give only a single label.
Text: Deal summary Veho Oy Ab
Labels: Technology, Industry, Tax & Accounting, Finance, Government & Controls, Business & Management
Answer: Technology
Explanation: The text is about a company, so the correct label is Technology.
Labels:
Predicted Label: Technology 


Classify the following text into the given categories. Give only a single label.
Text: Deals 2014 in Greece
Labels: Technology, Industry, Tax & Accounting, Finance, Government & Controls, Business & Management
Answer: Government & Controls
Predicted Label: Government & Controls 


Classify the following text into the given categories. Give only a single label.
Text: Deals 2014 in Greece
Labels: Technology, Industry, Tax & Accounting, Finance, Government & Controls, Business & Management
Answer: Finance
Reasoning: The text is about deals in Greece in 2014, which
Predicted Label: Finance 


Classify the following text into the given categories. Give only a single label.
Text: Deals 2014 in Greece
Labels: Technology, Industry, Tax & Accounting, Finance, Government & Controls, Business & Management
Answer: Finance
Explanation: The text is about the financial situation in Greece. It is not about technology,
Predicted Label: Technology 


✅ Saved batch ending at row 139
Classify the following text into the given categories. Give only a single label.
Text: Infrastructure in Greece: Funding the future
Labels: Technology, Industry, Tax & Accounting, Finance, Government & Controls, Business & Management
Answer: Government & Controls
Predicted Label: Government & Controls 


Classify the following text into the given categories. Give only a single label.
Text: Infrastructure in Greece: Funding the future
Labels: Technology, Industry, Tax & Accounting, Finance, Government & Controls, Business & Management
Answer: Infrastructure (can be classified under Technology, Industry, or Government & Controls depending on the context)
Predicted Label: Technology 


Classify the following text into the given categories. Give only a single label.
Text: Infrastructure in Greece: Funding the future
Labels: Technology, Industry, Tax & Accounting, Finance, Government & Controls, Business & Management
Answer: Technology
Explanation: Infrastructure in Greece: Funding the future
The Greek government has announced a new plan
Predicted Label: Technology 


Classify the following text into the given categories. Give only a single label.
Text: Family offices can lead the way in responsible investment
Labels: Technology, Industry, Tax & Accounting, Finance, Government & Controls, Business & Management
Answer: Finance
Predicted Label: Finance 


Classify the following text into the given categories. Give only a single label.
Text: Family offices can lead the way in responsible investment
Labels: Technology, Industry, Tax & Accounting, Finance, Government & Controls, Business & Management
Answer: Finance
Reasoning: The text discusses family offices and their role in responsible investment, which falls under
Predicted Label: Finance 


Classify the following text into the given categories. Give only a single label.
Text: Family offices can lead the way in responsible investment
Labels: Technology, Industry, Tax & Accounting, Finance, Government & Controls, Business & Management
Answer: Finance
Explanation: Finance is the science of managing money. It is the study of financial institutions,
Predicted Label: Finance 


Classify the following text into the given categories. Give only a single label.
Text: Make it your business: Engaging with the Sustainable Development Goals
Labels: Technology, Industry, Tax & Accounting, Finance, Government & Controls, Business & Management
Answer: Business & Management
Predicted Label: Business & Management 


The following generation flags are not valid and may be ignored: ['temperature', 'top_p']. Set `TRANSFORMERS_VERBOSITY=info` for more details.
Setting `pad_token_id` to `eos_token_id`:128001 for open-end generation.
The following generation flags are not valid and may be ignored: ['temperature']. Set `TRANSFORMERS_VERBOSITY=info` for more details.
The following generation flags are not valid and may be ignored: ['temperature']. Set `TRANSFORMERS_VERBOSITY=info` for more details.
The following generation flags are not valid and may be ignored: ['temperature', 'top_p']. Set `TRANSFORMERS_VERBOSITY=info` for more details.
Setting `pad_token_id` to `eos_token_id`:128001 for open-end generation.
The following generation flags are not valid and may be ignored: ['temperature']. Set `TRANSFORMERS_VERBOSITY=info` for more details.
The following generation flags are not valid and may be ignored: ['temperature']. Set `TRANSFORMERS_VERBOSITY=info` for more details.
The following generation flags are not valid and may be ignored: ['temperature', 'top_p']. Set `TRANSFORMERS_VERBOSITY=info` for more details.
Setting `pad_token_id` to `eos_token_id`:128001 for open-end generation.
The following generation flags are not valid and may be ignored: ['temperature']. Set `TRANSFORMERS_VERBOSITY=info` for more details.
The following generation flags are not valid and may be ignored: ['temperature']. Set `TRANSFORMERS_VERBOSITY=info` for more details.
The following generation flags are not valid and may be ignored: ['temperature', 'top_p']. Set `TRANSFORMERS_VERBOSITY=info` for more details.
Setting `pad_token_id` to `eos_token_id`:128001 for open-end generation.
The following generation flags are not valid and may be ignored: ['temperature']. Set `TRANSFORMERS_VERBOSITY=info` for more details.
The following generation flags are not valid and may be ignored: ['temperature']. Set `TRANSFORMERS_VERBOSITY=info` for more details.
The following generation flags are not valid and may be ignored: ['temperature', 'top_p']. Set `TRANSFORMERS_VERBOSITY=info` for more details.
Setting `pad_token_id` to `eos_token_id`:128001 for open-end generation.
The following generation flags are not valid and may be ignored: ['temperature']. Set `TRANSFORMERS_VERBOSITY=info` for more details.
The following generation flags are not valid and may be ignored: ['temperature']. Set `TRANSFORMERS_VERBOSITY=info` for more details.
The following generation flags are not valid and may be ignored: ['temperature', 'top_p']. Set `TRANSFORMERS_VERBOSITY=info` for more details.
Setting `pad_token_id` to `eos_token_id`:128001 for open-end generation.
The following generation flags are not valid and may be ignored: ['temperature']. Set `TRANSFORMERS_VERBOSITY=info` for more details.
The following generation flags are not valid and may be ignored: ['temperature']. Set `TRANSFORMERS_VERBOSITY=info` for more details.
The following generation flags are not valid and may be ignored: ['temperature', 'top_p']. Set `TRANSFORMERS_VERBOSITY=info` for more details.
Setting `pad_token_id` to `eos_token_id`:128001 for open-end generation.
The following generation flags are not valid and may be ignored: ['temperature']. Set `TRANSFORMERS_VERBOSITY=info` for more details.
The following generation flags are not valid and may be ignored: ['temperature']. Set `TRANSFORMERS_VERBOSITY=info` for more details.
The following generation flags are not valid and may be ignored: ['temperature', 'top_p']. Set `TRANSFORMERS_VERBOSITY=info` for more details.
Setting `pad_token_id` to `eos_token_id`:128001 for open-end generation.
Classify the following text into the given categories. Give only a single label.
Text: Make it your business: Engaging with the Sustainable Development Goals
Labels: Technology, Industry, Tax & Accounting, Finance, Government & Controls, Business & Management
Answer: Business & Management
Explanation: The text discusses engaging with the Sustainable Development Goals, which is a topic
Predicted Label: Business & Management 


Classify the following text into the given categories. Give only a single label.
Text: Make it your business: Engaging with the Sustainable Development Goals
Labels: Technology, Industry, Tax & Accounting, Finance, Government & Controls, Business & Management
Answer: Business & Management
Explanation: The text is about the business and management of the sustainable development goals.
Predicted Label: Business & Management 


Classify the following text into the given categories. Give only a single label.
Text: You can’t have a machine age without humans – PwC report
Labels: Technology, Industry, Tax & Accounting, Finance, Government & Controls, Business & Management
Answer: Technology
Predicted Label: Technology 


Classify the following text into the given categories. Give only a single label.
Text: You can’t have a machine age without humans – PwC report
Labels: Technology, Industry, Tax & Accounting, Finance, Government & Controls, Business & Management
Answer: Technology (since the text discusses the relationship between humans and the machine age)
Explanation
Predicted Label: Technology 


Classify the following text into the given categories. Give only a single label.
Text: You can’t have a machine age without humans – PwC report
Labels: Technology, Industry, Tax & Accounting, Finance, Government & Controls, Business & Management
Answer: Technology
Explanation: The text is about technology and its impact on the economy. The report is about
Predicted Label: Technology 


Classify the following text into the given categories. Give only a single label.
Text: Building and rebuilding: Managing through change in Australia: Global Family Business Survey 2016: PwC
Labels: Technology, Industry, Tax & Accounting, Finance, Government & Controls, Business & Management
Answer: Business & Management
Predicted Label: Business & Management 


Classify the following text into the given categories. Give only a single label.
Text: Building and rebuilding: Managing through change in Australia: Global Family Business Survey 2016: PwC
Labels: Technology, Industry, Tax & Accounting, Finance, Government & Controls, Business & Management
Answer: Business & Management (The text discusses managing through change in Australia, which falls under the broader category
Predicted Label: Business & Management 


Classify the following text into the given categories. Give only a single label.
Text: Building and rebuilding: Managing through change in Australia: Global Family Business Survey 2016: PwC
Labels: Technology, Industry, Tax & Accounting, Finance, Government & Controls, Business & Management
Answer: Technology
Explanation: The text is about technology and its impact on the business world. It is not
Predicted Label: Technology 


Classify the following text into the given categories. Give only a single label.
Text: PwC Named a Leader for Transactions-Acquisitions Consulting
Labels: Technology, Industry, Tax & Accounting, Finance, Government & Controls, Business & Management
Answer: Technology
Predicted Label: Technology 


Classify the following text into the given categories. Give only a single label.
Text: PwC Named a Leader for Transactions-Acquisitions Consulting
Labels: Technology, Industry, Tax & Accounting, Finance, Government & Controls, Business & Management
Answer: Business & Management
Explanation: The text is about a professional services firm (PwC) being recognized
Predicted Label: Business & Management 


Classify the following text into the given categories. Give only a single label.
Text: PwC Named a Leader for Transactions-Acquisitions Consulting
Labels: Technology, Industry, Tax & Accounting, Finance, Government & Controls, Business & Management
Answer: Technology
Explanation: PwC Named a Leader for Transactions-Acquisitions Consulting
PwC
Predicted Label: Technology 


Classify the following text into the given categories. Give only a single label.
Text: Audit and Assurance Services
Labels: Technology, Industry, Tax & Accounting, Finance, Government & Controls, Business & Management
Answer: Tax & Accounting
Predicted Label: Tax & Accounting 


Classify the following text into the given categories. Give only a single label.
Text: Audit and Assurance Services
Labels: Technology, Industry, Tax & Accounting, Finance, Government & Controls, Business & Management
Answer: Tax & Accounting
Reasoning: Audit and Assurance Services are primarily related to accounting and tax practices.
Predicted Label: Tax & Accounting 


Classify the following text into the given categories. Give only a single label.
Text: Audit and Assurance Services
Labels: Technology, Industry, Tax & Accounting, Finance, Government & Controls, Business & Management
Answer: Finance
Explanation: The given text is related to the field of finance. Finance is the study of
Predicted Label: Finance 


Classify the following text into the given categories. Give only a single label.
Text: Payment deadlines for B tax and provisional labour market contributions are deferred
Labels: Technology, Industry, Tax & Accounting, Finance, Government & Controls, Business & Management
Answer: Tax & Accounting
Predicted Label: Tax & Accounting 


Classify the following text into the given categories. Give only a single label.
Text: Payment deadlines for B tax and provisional labour market contributions are deferred
Labels: Technology, Industry, Tax & Accounting, Finance, Government & Controls, Business & Management
Answer: Tax & Accounting (since the text is about payment deadlines for taxes) Given the context,
Predicted Label: Tax & Accounting 


Classify the following text into the given categories. Give only a single label.
Text: Payment deadlines for B tax and provisional labour market contributions are deferred
Labels: Technology, Industry, Tax & Accounting, Finance, Government & Controls, Business & Management
Answer: Finance
Explanation: The text is about the payment deadlines for B tax and provisional labour market contributions.
Predicted Label: Finance 


Classify the following text into the given categories. Give only a single label.
Text: Turnaround management
Labels: Technology, Industry, Tax & Accounting, Finance, Government & Controls, Business & Management
Answer: Business & Management
Predicted Label: Business & Management 


Classify the following text into the given categories. Give only a single label.
Text: Turnaround management
Labels: Technology, Industry, Tax & Accounting, Finance, Government & Controls, Business & Management
Answer: Business & Management
Justification: Turnaround management is a specialized field within business and management that focuses
Predicted Label: Business & Management 


Classify the following text into the given categories. Give only a single label.
Text: Turnaround management
Labels: Technology, Industry, Tax & Accounting, Finance, Government & Controls, Business & Management
Answer: Business & Management
Explanation: Turnaround management is a process of managing a company that is in financial
Predicted Label: Business & Management 


Classify the following text into the given categories. Give only a single label.
Text: Deal summary KerabitPro Oy
Labels: Technology, Industry, Tax & Accounting, Finance, Government & Controls, Business & Management
Answer: Technology
Predicted Label: Technology 


Classify the following text into the given categories. Give only a single label.
Text: Deal summary KerabitPro Oy
Labels: Technology, Industry, Tax & Accounting, Finance, Government & Controls, Business & Management
Answer: Technology (Based on the context of "KerabitPro Oy" which suggests a tech company)
Predicted Label: Technology 


The following generation flags are not valid and may be ignored: ['temperature']. Set `TRANSFORMERS_VERBOSITY=info` for more details.
The following generation flags are not valid and may be ignored: ['temperature']. Set `TRANSFORMERS_VERBOSITY=info` for more details.
The following generation flags are not valid and may be ignored: ['temperature', 'top_p']. Set `TRANSFORMERS_VERBOSITY=info` for more details.
Setting `pad_token_id` to `eos_token_id`:128001 for open-end generation.
The following generation flags are not valid and may be ignored: ['temperature']. Set `TRANSFORMERS_VERBOSITY=info` for more details.
The following generation flags are not valid and may be ignored: ['temperature']. Set `TRANSFORMERS_VERBOSITY=info` for more details.
The following generation flags are not valid and may be ignored: ['temperature', 'top_p']. Set `TRANSFORMERS_VERBOSITY=info` for more details.
Setting `pad_token_id` to `eos_token_id`:128001 for open-end generation.
The following generation flags are not valid and may be ignored: ['temperature']. Set `TRANSFORMERS_VERBOSITY=info` for more details.
The following generation flags are not valid and may be ignored: ['temperature']. Set `TRANSFORMERS_VERBOSITY=info` for more details.
The following generation flags are not valid and may be ignored: ['temperature', 'top_p']. Set `TRANSFORMERS_VERBOSITY=info` for more details.
Setting `pad_token_id` to `eos_token_id`:128001 for open-end generation.
The following generation flags are not valid and may be ignored: ['temperature']. Set `TRANSFORMERS_VERBOSITY=info` for more details.
The following generation flags are not valid and may be ignored: ['temperature']. Set `TRANSFORMERS_VERBOSITY=info` for more details.
The following generation flags are not valid and may be ignored: ['temperature', 'top_p']. Set `TRANSFORMERS_VERBOSITY=info` for more details.
Setting `pad_token_id` to `eos_token_id`:128001 for open-end generation.
The following generation flags are not valid and may be ignored: ['temperature']. Set `TRANSFORMERS_VERBOSITY=info` for more details.
The following generation flags are not valid and may be ignored: ['temperature']. Set `TRANSFORMERS_VERBOSITY=info` for more details.
The following generation flags are not valid and may be ignored: ['temperature', 'top_p']. Set `TRANSFORMERS_VERBOSITY=info` for more details.
Setting `pad_token_id` to `eos_token_id`:128001 for open-end generation.
The following generation flags are not valid and may be ignored: ['temperature']. Set `TRANSFORMERS_VERBOSITY=info` for more details.
The following generation flags are not valid and may be ignored: ['temperature']. Set `TRANSFORMERS_VERBOSITY=info` for more details.
